Archive member included to satisfy reference by file (symbol)

app/libapp.a(main.c.obj)      (--whole-archive)
app/libapp.a(gcloud.c.obj)    (--whole-archive)
app/libapp.a(cJSON.c.obj)     (--whole-archive)
app/libapp.a(key.c.obj)       (--whole-archive)
app/libapp.a(bsec.c.obj)      (--whole-archive)
app/libapp.a(bsec_integration.c.obj)
                              (--whole-archive)
app/libapp.a(bme680.c.obj)    (--whole-archive)
app/libapp.a(watchdog.c.obj)  (--whole-archive)
zephyr/libzephyr.a(crc32_sw.c.obj)
                              (--whole-archive)
zephyr/libzephyr.a(crc16_sw.c.obj)
                              (--whole-archive)
zephyr/libzephyr.a(crc8_sw.c.obj)
                              (--whole-archive)
zephyr/libzephyr.a(crc7_sw.c.obj)
                              (--whole-archive)
zephyr/libzephyr.a(dec.c.obj)
                              (--whole-archive)
zephyr/libzephyr.a(fdtable.c.obj)
                              (--whole-archive)
zephyr/libzephyr.a(hex.c.obj)
                              (--whole-archive)
zephyr/libzephyr.a(mempool.c.obj)
                              (--whole-archive)
zephyr/libzephyr.a(notify.c.obj)
                              (--whole-archive)
zephyr/libzephyr.a(printk.c.obj)
                              (--whole-archive)
zephyr/libzephyr.a(onoff.c.obj)
                              (--whole-archive)
zephyr/libzephyr.a(rb.c.obj)  (--whole-archive)
zephyr/libzephyr.a(sem.c.obj)
                              (--whole-archive)
zephyr/libzephyr.a(thread_entry.c.obj)
                              (--whole-archive)
zephyr/libzephyr.a(timeutil.c.obj)
                              (--whole-archive)
zephyr/libzephyr.a(work_q.c.obj)
                              (--whole-archive)
zephyr/libzephyr.a(heap.c.obj)
                              (--whole-archive)
zephyr/libzephyr.a(heap-validate.c.obj)
                              (--whole-archive)
zephyr/libzephyr.a(json.c.obj)
                              (--whole-archive)
zephyr/libzephyr.a(assert.c.obj)
                              (--whole-archive)
zephyr/libzephyr.a(configs.c.obj)
                              (--whole-archive)
zephyr/libzephyr.a(soc.c.obj)
                              (--whole-archive)
zephyr/libzephyr.a(power.c.obj)
                              (--whole-archive)
zephyr/libzephyr.a(validate_base_addresses.c.obj)
                              (--whole-archive)
zephyr/libzephyr.a(validate_enabled_instances.c.obj)
                              (--whole-archive)
zephyr/libzephyr.a(addr_utils.c.obj)
                              (--whole-archive)
zephyr/libzephyr.a(sntp.c.obj)
                              (--whole-archive)
zephyr/libzephyr.a(sntp_simple.c.obj)
                              (--whole-archive)
zephyr/libzephyr.a(getaddrinfo.c.obj)
                              (--whole-archive)
zephyr/libzephyr.a(sockets.c.obj)
                              (--whole-archive)
zephyr/libzephyr.a(socket_offload.c.obj)
                              (--whole-archive)
zephyr/libzephyr.a(settings_store.c.obj)
                              (--whole-archive)
zephyr/libzephyr.a(settings.c.obj)
                              (--whole-archive)
zephyr/libzephyr.a(settings_init.c.obj)
                              (--whole-archive)
zephyr/libzephyr.a(settings_line.c.obj)
                              (--whole-archive)
zephyr/libzephyr.a(settings_none.c.obj)
                              (--whole-archive)
zephyr/libzephyr.a(power.c.obj)
                              (--whole-archive)
zephyr/libzephyr.a(reboot.c.obj)
                              (--whole-archive)
zephyr/libzephyr.a(policy_residency.c.obj)
                              (--whole-archive)
zephyr/libzephyr.a(nrf_power_clock.c.obj)
                              (--whole-archive)
zephyr/libzephyr.a(wdt_nrfx.c.obj)
                              (--whole-archive)
zephyr/libzephyr.a(sys_clock_init.c.obj)
                              (--whole-archive)
zephyr/libzephyr.a(nrf_rtc_timer.c.obj)
                              (--whole-archive)
zephyr/libzephyr.a(adp536x.c.obj)
                              (--whole-archive)
zephyr/libzephyr.a(secure_services_ns.c.obj)
                              (--whole-archive)
zephyr/libzephyr.a(utils.c.obj)
                              (--whole-archive)
zephyr/libzephyr.a(ecc_dsa.c.obj)
                              (--whole-archive)
zephyr/libzephyr.a(ecc.c.obj)
                              (--whole-archive)
zephyr/libzephyr.a(aes_decrypt.c.obj)
                              (--whole-archive)
zephyr/libzephyr.a(aes_encrypt.c.obj)
                              (--whole-archive)
zephyr/libzephyr.a(sha256.c.obj)
                              (--whole-archive)
zephyr/libzephyr.a(ctr_prng.c.obj)
                              (--whole-archive)
zephyr/arch/common/libarch__common.a(isr_tables.c.obj)
                              (--whole-archive)
zephyr/arch/common/libarch__common.a(sw_isr_common.c.obj)
[...]
Memory Configuration

Name             Origin             Length             Attributes
FLASH            0x000000000000c000 0x00000000000f4000 xr
SRAM             0x0000000020020000 0x0000000000020000 xw
IDT_LIST         0x0000000020040000 0x0000000000000800 xw
*default*        0x0000000000000000 0xffffffffffffffff

Linker script and memory map

LOAD zephyr/CMakeFiles/zephyr_final.dir/misc/empty_file.c.obj
LOAD zephyr/CMakeFiles/zephyr_final.dir/isr_tables.c.obj
                0x0000000000000020                _region_min_align = 0x20

.rel.plt        0x000000000000c000        0x0
 *(SORT_BY_ALIGNMENT(.rel.plt))
                [!provide]                        PROVIDE (__rel_iplt_start = .)
 *(SORT_BY_ALIGNMENT(.rel.iplt))
 .rel.iplt      0x000000000000c000        0x0 zephyr/CMakeFiles/zephyr_final.dir/isr_tables.c.obj
                [!provide]                        PROVIDE (__rel_iplt_end = .)

.rela.plt       0x0000000000000000        0x0
 *(SORT_BY_ALIGNMENT(.rela.plt))
                [!provide]                        PROVIDE (__rela_iplt_start = .)
 *(SORT_BY_ALIGNMENT(.rela.iplt))
                [!provide]                        PROVIDE (__rela_iplt_end = .)

.rel.dyn
 *(SORT_BY_ALIGNMENT(.rel.*))

.rela.dyn
 *(SORT_BY_ALIGNMENT(.rela.*))

/DISCARD/
 *(SORT_BY_ALIGNMENT(.plt))
 *(SORT_BY_ALIGNMENT(.iplt))
 *(SORT_BY_ALIGNMENT(.got.plt))
 *(SORT_BY_ALIGNMENT(.igot.plt))
 *(SORT_BY_ALIGNMENT(.got))
 *(SORT_BY_ALIGNMENT(.igot))
 *(SORT_BY_ALIGNMENT(.irq_info))
 *(SORT_BY_ALIGNMENT(.intList))
 *(SORT_BY_ALIGNMENT(.note.GNU-stack))
                0x000000000000c000                _image_rom_start = 0xc000

rom_start       0x000000000000c000      0x23c
                0x0000000000000000                . = 0x0
                0x0000000000000000                . = ALIGN (0x4)
                0x000000000000c000                _vector_start = .
 *(SORT_BY_ALIGNMENT(.exc_vector_table))
 *(SORT_BY_ALIGNMENT(.exc_vector_table.*))
 .exc_vector_table._vector_table_section
                0x000000000000c000       0x40 zephyr/arch/arch/arm/core/aarch32/cortex_m/libarch__arm__core__aarch32__cortex_m.a(vector_table.S.obj)
                0x000000000000c000                _vector_table
 *(SORT_BY_ALIGNMENT(.gnu.linkonce.irq_vector_table))
 .gnu.linkonce.irq_vector_table
                0x000000000000c040      0x104 zephyr/CMakeFiles/zephyr_final.dir/isr_tables.c.obj
                0x000000000000c040                _irq_vector_table
 *(SORT_BY_ALIGNMENT(.vectors))
                0x000000000000c144                _vector_end = .
 *(SORT_BY_ALIGNMENT(.openocd_dbg))
 *(SORT_BY_ALIGNMENT(.openocd_dbg.*))
                0x0000000000000200                . = 0x200
 *fill*         0x000000000000c144       0xbc 
                0x000000000000c200                _fw_info_start = .
 *(SORT_BY_NAME(SORT_BY_ALIGNMENT(.firmware_info*)))
 .firmware_info
                0x000000000000c200       0x3c modules/nrf/subsys/fw_info/lib..__nrf__subsys__fw_info.a(fw_info.c.obj)
                0x000000000000c200                m_firmware_info
                0x000000000000003c                _fw_info_size = ABSOLUTE ((. - _fw_info_start))

text            0x000000000000c240    0x29278
                0x000000000000c240                _image_text_start = .
 *(SORT_BY_ALIGNMENT(.text))
 .text          0x000000000000c240      0x374 /Users/tadmcallister/Nordic/safecility_thingy/ncs/zephyr/../nrf/ext/BSEC_1.4.7.4_Generic_Release/algo/normal_version/bin/gcc/Cortex_M4F/libalgobsec.a(bsec_codegen_sensor_control.o)
                0x000000000000c240                bsec_codegen_sensor_control
 *fill*         0x000000000000c5b4        0x4 
 .text          0x000000000000c5b8      0x354 /Users/tadmcallister/Nordic/safecility_thingy/ncs/zephyr/../nrf/ext/BSEC_1.4.7.4_Generic_Release/algo/normal_version/bin/gcc/Cortex_M4F/libalgobsec.a(bsec_codegen_update_subscription.o)
                0x000000000000c5b8                bsec_codegen_update_subscription
 *fill*         0x000000000000c90c        0x4 
 .text          0x000000000000c910      0x39c /Users/tadmcallister/Nordic/safecility_thingy/ncs/zephyr/../nrf/ext/BSEC_1.4.7.4_Generic_Release/algo/normal_version/bin/gcc/Cortex_M4F/libalgobsec.a(SensorHeatCompensator.o)
                0x000000000000c910                bsec_SensorHeatCompensator_SensorHeatCompensator
                0x000000000000c9a0                bsec_SensorHeatCompensator_configure
                0x000000000000ca34                bsec_SensorHeatCompensator_doStep
                0x000000000000cb3c                bsec_SensorHeatCompensator_getConfiguration
                0x000000000000cc04                bsec_SensorHeatCompensator_getState
                0x000000000000cc78                bsec_SensorHeatCompensator_setState
 *fill*         0x000000000000ccac        0x4 
 .text          0x000000000000ccb0       0x84 /Users/tadmcallister/Nordic/safecility_thingy/ncs/zephyr/../nrf/ext/BSEC_1.4.7.4_Generic_Release/algo/normal_version/bin/gcc/Cortex_M4F/libalgobsec.a(bsec_codegen_rtwutil.o)
                0x000000000000ccb0                bsec_rt_roundd
 .text          0x000000000000cd34      0x378 /Users/tadmcallister/opt/gnuarmemb/gcc-arm-none-eabi-8-2019-q3-update/bin/../lib/gcc/arm-none-eabi/8.3.1/thumb/v8-m.main+fp/hard/libgcc.a(_arm_addsubdf3.o)
                0x000000000000cd34                __aeabi_drsub
                0x000000000000cd3c                __subdf3
                0x000000000000cd3c                __aeabi_dsub
                0x000000000000cd40                __aeabi_dadd
                0x000000000000cd40                __adddf3
                0x000000000000cfb8                __aeabi_ui2d
                0x000000000000cfb8                __floatunsidf
                0x000000000000cfd8                __floatsidf
                0x000000000000cfd8                __aeabi_i2d
                0x000000000000cffc                __extendsfdf2
                0x000000000000cffc                __aeabi_f2d
                0x000000000000d040                __aeabi_ul2d
                0x000000000000d040                __floatundidf
                0x000000000000d050                __aeabi_l2d
                0x000000000000d050                __floatdidf
 .text          0x000000000000d0ac      0x424 /Users/tadmcallister/opt/gnuarmemb/gcc-arm-none-eabi-8-2019-q3-update/bin/../lib/gcc/arm-none-eabi/8.3.1/thumb/v8-m.main+fp/hard/libgcc.a(_arm_muldivdf3.o)
                0x000000000000d0ac                __aeabi_dmul
                0x000000000000d0ac                __muldf3
                0x000000000000d300                __aeabi_ddiv
                0x000000000000d300                __divdf3
 .text          0x000000000000d4d0      0x110 /Users/tadmcallister/opt/gnuarmemb/gcc-arm-none-eabi-8-2019-q3-update/bin/../lib/gcc/arm-none-eabi/8.3.1/thumb/v8-m.main+fp/hard/libgcc.a(_arm_cmpdf2.o)
                0x000000000000d4d0                __gedf2
                0x000000000000d4d0                __gtdf2
                0x000000000000d4d8                __ledf2
                0x000000000000d4d8                __ltdf2
                0x000000000000d4e0                __cmpdf2
                0x000000000000d4e0                __eqdf2
                0x000000000000d4e0                __nedf2
                0x000000000000d55c                __aeabi_cdrcmple
                0x000000000000d56c                __aeabi_cdcmple
                0x000000000000d56c                __aeabi_cdcmpeq
                0x000000000000d57c                __aeabi_dcmpeq
                0x000000000000d590                __aeabi_dcmplt
                0x000000000000d5a4                __aeabi_dcmple
                0x000000000000d5b8                __aeabi_dcmpge
                0x000000000000d5cc                __aeabi_dcmpgt
 .text          0x000000000000d5e0       0x50 /Users/tadmcallister/opt/gnuarmemb/gcc-arm-none-eabi-8-2019-q3-update/bin/../lib/gcc/arm-none-eabi/8.3.1/thumb/v8-m.main+fp/hard/libgcc.a(_arm_fixdfsi.o)
                0x000000000000d5e0                __fixdfsi
                0x000000000000d5e0                __aeabi_d2iz
 .text          0x000000000000d630       0xa0 /Users/tadmcallister/opt/gnuarmemb/gcc-arm-none-eabi-8-2019-q3-update/bin/../lib/gcc/arm-none-eabi/8.3.1/thumb/v8-m.main+fp/hard/libgcc.a(_arm_truncdfsf2.o)
                0x000000000000d630                __aeabi_d2f
                0x000000000000d630                __truncdfsf2
 .text          0x000000000000d6d0       0xa0 /Users/tadmcallister/opt/gnuarmemb/gcc-arm-none-eabi-8-2019-q3-update/bin/../lib/gcc/arm-none-eabi/8.3.1/thumb/v8-m.main+fp/hard/libgcc.a(_aeabi_ldivmod.o)
                0x000000000000d6d0                __aeabi_ldivmod
 .text          0x000000000000d770       0x30 /Users/tadmcallister/opt/gnuarmemb/gcc-arm-none-eabi-8-2019-q3-update/bin/../lib/gcc/arm-none-eabi/8.3.1/thumb/v8-m.main+fp/hard/libgcc.a(_aeabi_uldivmod.o)
                0x000000000000d770                __aeabi_uldivmod
 .text          0x000000000000d7a0      0x2c8 /Users/tadmcallister/opt/gnuarmemb/gcc-arm-none-eabi-8-2019-q3-update/bin/../lib/gcc/arm-none-eabi/8.3.1/thumb/v8-m.main+fp/hard/libgcc.a(_udivmoddi4.o)
                0x000000000000d7a0                __udivmoddi4
 .text          0x000000000000da68        0x4 /Users/tadmcallister/opt/gnuarmemb/gcc-arm-none-eabi-8-2019-q3-update/bin/../lib/gcc/arm-none-eabi/8.3.1/thumb/v8-m.main+fp/hard/libgcc.a(_dvmd_tls.o)
                0x000000000000da68                __aeabi_ldiv0
                0x000000000000da68                __aeabi_idiv0
 .text          0x000000000000da6c      0x13c /Users/tadmcallister/Nordic/safecility_thingy/ncs/zephyr/../nrf/ext/BSEC_1.4.7.4_Generic_Release/algo/normal_version/bin/gcc/Cortex_M4F/libalgobsec.a(bsec_interface.o)
                0x000000000000da6c                bsec_get_version
                0x000000000000da80                bsec_init
                0x000000000000da90                bsec_reset_output
                0x000000000000da9c                bsec_update_subscription
                0x000000000000dac0                bsec_do_steps
                0x000000000000dae4                bsec_set_configuration
                0x000000000000db00                bsec_set_state
                0x000000000000db1c                bsec_get_configuration
                0x000000000000db50                bsec_get_state
                0x000000000000db84                bsec_sensor_control
 .text          0x000000000000dba8      0x250 /Users/tadmcallister/Nordic/safecility_thingy/ncs/zephyr/../nrf/ext/BSEC_1.4.7.4_Generic_Release/algo/normal_version/bin/gcc/Cortex_M4F/libalgobsec.a(bsec_codegen_do_steps.o)
                0x000000000000dba8                bsec_codegen_do_steps
 .text          0x000000000000ddf8       0xbc /Users/tadmcallister/Nordic/safecility_thingy/ncs/zephyr/../nrf/ext/BSEC_1.4.7.4_Generic_Release/algo/normal_version/bin/gcc/Cortex_M4F/libalgobsec.a(bsec_codegen_get_configuration.o)
                0x000000000000ddf8                bsec_codegen_get_configuration
 .text          0x000000000000deb4       0xb8 /Users/tadmcallister/Nordic/safecility_thingy/ncs/zephyr/../nrf/ext/BSEC_1.4.7.4_Generic_Release/algo/normal_version/bin/gcc/Cortex_M4F/libalgobsec.a(bsec_codegen_get_state.o)
                0x000000000000deb4                bsec_codegen_get_state
 .text          0x000000000000df6c       0x10 /Users/tadmcallister/Nordic/safecility_thingy/ncs/zephyr/../nrf/ext/BSEC_1.4.7.4_Generic_Release/algo/normal_version/bin/gcc/Cortex_M4F/libalgobsec.a(bsec_codegen_get_version.o)
                0x000000000000df6c                bsec_codegen_get_version
 .text          0x000000000000df7c        0x4 /Users/tadmcallister/Nordic/safecility_thingy/ncs/zephyr/../nrf/ext/BSEC_1.4.7.4_Generic_Release/algo/normal_version/bin/gcc/Cortex_M4F/libalgobsec.a(bsec_codegen_init.o)
                0x000000000000df7c                bsec_codegen_init
 .text          0x000000000000df80       0x34 /Users/tadmcallister/Nordic/safecility_thingy/ncs/zephyr/../nrf/ext/BSEC_1.4.7.4_Generic_Release/algo/normal_version/bin/gcc/Cortex_M4F/libalgobsec.a(bsec_codegen_reset_output.o)
                0x000000000000df80                bsec_codegen_reset_output
 .text          0x000000000000dfb4       0x9c /Users/tadmcallister/Nordic/safecility_thingy/ncs/zephyr/../nrf/ext/BSEC_1.4.7.4_Generic_Release/algo/normal_version/bin/gcc/Cortex_M4F/libalgobsec.a(bsec_codegen_set_configuration.o)
                0x000000000000dfb4                bsec_codegen_set_configuration
 .text          0x000000000000e050       0xa0 /Users/tadmcallister/Nordic/safecility_thingy/ncs/zephyr/../nrf/ext/BSEC_1.4.7.4_Generic_Release/algo/normal_version/bin/gcc/Cortex_M4F/libalgobsec.a(bsec_codegen_set_state.o)
                0x000000000000e050                bsec_codegen_set_state
 .text          0x000000000000e0f0       0x18 /Users/tadmcallister/Nordic/safecility_thingy/ncs/zephyr/../nrf/ext/BSEC_1.4.7.4_Generic_Release/algo/normal_version/bin/gcc/Cortex_M4F/libalgobsec.a(constructor_bsec.o)
                0x000000000000e0f0                bsec_constructor_bsec
 .text          0x000000000000e108      0xb74 /Users/tadmcallister/Nordic/safecility_thingy/ncs/zephyr/../nrf/ext/BSEC_1.4.7.4_Generic_Release/algo/normal_version/bin/gcc/Cortex_M4F/libalgobsec.a(Bsec.o)
                0x000000000000e1e8                bsec_Bsec_append
                0x000000000000e230                bsec_Bsec_applyUpdateSubscription
                0x000000000000e23c                bsec_Bsec_checkIfSensorRequired
                0x000000000000e294                bsec_Bsec_checkSamplIntvlCompatibilty
                0x000000000000e458                bsec_Bsec_frameSerializedData
                0x000000000000e504                bsec_Bsec_getHyperConfiguration
                0x000000000000e5f8                bsec_Bsec_getHyperState
                0x000000000000e5fc                bsec_Bsec_getModHeatingDuration
                0x000000000000e68c                bsec_Bsec_parse
                0x000000000000e70c                bsec_Bsec_requestOutput
                0x000000000000e740                bsec_Bsec_setHyperConfiguration
                0x000000000000e980                bsec_Bsec_setHyperState
                0x000000000000e9e0                bsec_Bsec_validateSerialization
                0x000000000000eadc                bsec_b_Bsec_setHyperConfiguration
                0x000000000000ec44                bsec_b_Bsec_setHyperState
 .text          0x000000000000ec7c      0xd5c /Users/tadmcallister/Nordic/safecility_thingy/ncs/zephyr/../nrf/ext/BSEC_1.4.7.4_Generic_Release/algo/normal_version/bin/gcc/Cortex_M4F/libalgobsec.a(ChannelHub.o)
                0x000000000000ecf0                bsec_ChannelHub_ChannelHub
                0x000000000000edc8                bsec_ChannelHub_configureChannel
                0x000000000000ee34                bsec_ChannelHub_do
                0x000000000000f470                bsec_ChannelHub_getChannelConfiguration
                0x000000000000f548                bsec_ChannelHub_getChannelState
                0x000000000000f620                bsec_ChannelHub_getOutput
                0x000000000000f668                bsec_ChannelHub_isOutputValid
                0x000000000000f678                bsec_ChannelHub_recalculateDownsampling
                0x000000000000f75c                bsec_ChannelHub_resetSamplIntvls
                0x000000000000f7b4                bsec_ChannelHub_setChannelState
                0x000000000000f820                bsec_ChannelHub_setInput
                0x000000000000f860                bsec_ChannelHub_updateChannelInterfaceDependency
                0x000000000000f8d0                bsec_ChannelHub_updateOutputSamplIntvl
                0x000000000000f968                bsec_b_ChannelHub_updateChannelInterfaceDependency
 .text          0x000000000000f9d8      0x7a4 /Users/tadmcallister/Nordic/safecility_thingy/ncs/zephyr/../nrf/ext/BSEC_1.4.7.4_Generic_Release/algo/normal_version/bin/gcc/Cortex_M4F/libalgobsec.a(Entity.o)
                0x000000000000f9d8                bsec_Entity_parseAndDeserialize
                0x000000000000fa10                bsec_Entity_serializeAndAdd
                0x000000000000fa58                bsec_b_Entity_parseAndDeserialize
                0x000000000000fa8c                bsec_b_Entity_serializeAndAdd
                0x000000000000fadc                bsec_c_Entity_parseAndDeserialize
                0x000000000000fb0c                bsec_c_Entity_serializeAndAdd
                0x000000000000fb50                bsec_d_Entity_parseAndDeserialize
                0x000000000000fb7c                bsec_d_Entity_serializeAndAdd
                0x000000000000fbc8                bsec_e_Entity_parseAndDeserialize
                0x000000000000fbfc                bsec_e_Entity_serializeAndAdd
                0x000000000000fc44                bsec_f_Entity_parseAndDeserialize
                0x000000000000fc6c                bsec_f_Entity_serializeAndAdd
                0x000000000000fca8                bsec_g_Entity_parseAndDeserialize
                0x000000000000fce0                bsec_g_Entity_serializeAndAdd
                0x000000000000fd28                bsec_h_Entity_parseAndDeserialize
                0x000000000000fd38                bsec_h_Entity_serializeAndAdd
                0x000000000000fd50                bsec_i_Entity_parseAndDeserialize
                0x000000000000fd84                bsec_i_Entity_serializeAndAdd
                0x000000000000fdd4                bsec_j_Entity_parseAndDeserialize
                0x000000000000fe08                bsec_j_Entity_serializeAndAdd
                0x000000000000fe58                bsec_k_Entity_parseAndDeserialize
                0x000000000000fe8c                bsec_k_Entity_serializeAndAdd
                0x000000000000fed8                bsec_l_Entity_parseAndDeserialize
                0x000000000000ff0c                bsec_l_Entity_serializeAndAdd
                0x000000000000ff48                bsec_m_Entity_parseAndDeserialize
                0x000000000000ff78                bsec_m_Entity_serializeAndAdd
                0x000000000000ffbc                bsec_n_Entity_parseAndDeserialize
                0x000000000000ffe8                bsec_n_Entity_serializeAndAdd
                0x0000000000010038                bsec_o_Entity_parseAndDeserialize
                0x0000000000010060                bsec_o_Entity_serializeAndAdd
                0x00000000000100b0                bsec_p_Entity_parseAndDeserialize
                0x00000000000100b4                bsec_p_Entity_serializeAndAdd
                0x0000000000010104                bsec_q_Entity_parseAndDeserialize
                0x0000000000010138                bsec_q_Entity_serializeAndAdd
 .text          0x000000000001017c      0xb68 /Users/tadmcallister/Nordic/safecility_thingy/ncs/zephyr/../nrf/ext/BSEC_1.4.7.4_Generic_Release/algo/normal_version/bin/gcc/Cortex_M4F/libalgobsec.a(GasHumidityBaselineTracker.o)
                0x0000000000010264                bsec_GasHumidityBaselineTracker_GasHumidityBaselineTracker
                0x00000000000102dc                bsec_GasHumidityBaselineTracker_configure
                0x0000000000010394                bsec_GasHumidityBaselineTracker_doStep
                0x000000000001082c                bsec_GasHumidityBaselineTracker_getConfiguration
                0x0000000000010920                bsec_GasHumidityBaselineTracker_getState
                0x0000000000010ab4                bsec_GasHumidityBaselineTracker_setState
                0x0000000000010ae4                bsec_GasHumidityBaselineTracker_updateInterfaceDependency
                0x0000000000010bfc                bsec_b_GasHumidityBaselineTracker_setState
 .text          0x0000000000010ce4      0x1b0 /Users/tadmcallister/Nordic/safecility_thingy/ncs/zephyr/../nrf/ext/BSEC_1.4.7.4_Generic_Release/algo/normal_version/bin/gcc/Cortex_M4F/libalgobsec.a(GasHumidityPreProcessor.o)
                0x0000000000010ce4                bsec_GasHumidityPreProcessor_GasHumidityPreProcessor
                0x0000000000010cfc                bsec_GasHumidityPreProcessor_configure
                0x0000000000010d30                bsec_GasHumidityPreProcessor_doStep
                0x0000000000010df8                bsec_GasHumidityPreProcessor_setState
                0x0000000000010e38                bsec_GasHumidityPreProcessor_updateInterfaceDependency
 .text          0x0000000000010e94      0x278 /Users/tadmcallister/Nordic/safecility_thingy/ncs/zephyr/../nrf/ext/BSEC_1.4.7.4_Generic_Release/algo/normal_version/bin/gcc/Cortex_M4F/libalgobsec.a(HumidityTemperatureCorrector.o)
                0x0000000000010e94                bsec_HumidityTemperatureCorrector_HumidityTemperatureCorrector
                0x0000000000010eac                bsec_HumidityTemperatureCorrector_configure
                0x0000000000010ee0                bsec_HumidityTemperatureCorrector_doStep
                0x0000000000010f74                bsec_HumidityTemperatureCorrector_getConfiguration
                0x0000000000010fe0                bsec_HumidityTemperatureCorrector_getState
                0x000000000001104c                bsec_HumidityTemperatureCorrector_setState
                0x0000000000011080                bsec_HumidityTemperatureCorrector_updateInterfaceDependency
 .text          0x000000000001110c      0x56c /Users/tadmcallister/Nordic/safecility_thingy/ncs/zephyr/../nrf/ext/BSEC_1.4.7.4_Generic_Release/algo/normal_version/bin/gcc/Cortex_M4F/libalgobsec.a(IaqEstimator.o)
                0x000000000001110c                bsec_IaqEstimator_IaqEstimator
                0x000000000001116c                bsec_IaqEstimator_doStep
                0x0000000000011338                bsec_IaqEstimator_getConfiguration
                0x0000000000011434                bsec_IaqEstimator_getState
                0x00000000000114b8                bsec_IaqEstimator_setState
                0x00000000000114f8                bsec_IaqEstimator_updateInterfaceDependency
                0x00000000000115b8                bsec_b_IaqEstimator_configure
 .text          0x0000000000011678      0x3b8 /Users/tadmcallister/Nordic/safecility_thingy/ncs/zephyr/../nrf/ext/BSEC_1.4.7.4_Generic_Release/algo/normal_version/bin/gcc/Cortex_M4F/libalgobsec.a(SensorStatusTracker.o)
                0x0000000000011678                bsec_SensorStatusTracker_SensorStatusTracker
                0x00000000000116b0                bsec_SensorStatusTracker_doStep
                0x00000000000117bc                bsec_SensorStatusTracker_getConfiguration
                0x0000000000011840                bsec_SensorStatusTracker_getState
                0x0000000000011904                bsec_SensorStatusTracker_setState
                0x0000000000011980                bsec_SensorStatusTracker_updateInterfaceDependency
                0x00000000000119ec                bsec_b_SensorStatusTracker_configure
 .text          0x0000000000011a30       0x7c /Users/tadmcallister/Nordic/safecility_thingy/ncs/zephyr/../nrf/ext/BSEC_1.4.7.4_Generic_Release/algo/normal_version/bin/gcc/Cortex_M4F/libalgobsec.a(Serialization.o)
                0x0000000000011a30                bsec_Serialization_checkSerializationHeader
                0x0000000000011a8c                bsec_Serialization_prepareSerializationHeader
 .text          0x0000000000011aac       0xd8 /Users/tadmcallister/Nordic/safecility_thingy/ncs/zephyr/../nrf/ext/BSEC_1.4.7.4_Generic_Release/algo/normal_version/bin/gcc/Cortex_M4F/libalgobsec.a(convertHumidity.o)
                0x0000000000011aac                bsec_convertHumidity
 .text          0x0000000000011b84       0x3c /Users/tadmcallister/Nordic/safecility_thingy/ncs/zephyr/../nrf/ext/BSEC_1.4.7.4_Generic_Release/algo/normal_version/bin/gcc/Cortex_M4F/libalgobsec.a(crcCcitt2.o)
                0x0000000000011b84                bsec_crcCcitt2
 .text          0x0000000000011bc0        0xc /Users/tadmcallister/Nordic/safecility_thingy/ncs/zephyr/../nrf/ext/BSEC_1.4.7.4_Generic_Release/algo/normal_version/bin/gcc/Cortex_M4F/libalgobsec.a(isequal.o)
                0x0000000000011bc0                bsec_isequal
 .text          0x0000000000011bcc       0x14 /Users/tadmcallister/Nordic/safecility_thingy/ncs/zephyr/../nrf/ext/BSEC_1.4.7.4_Generic_Release/algo/normal_version/bin/gcc/Cortex_M4F/libalgobsec.a(log.o)
                0x0000000000011bcc                bsec_log
 .text          0x0000000000011be0       0x14 /Users/tadmcallister/Nordic/safecility_thingy/ncs/zephyr/../nrf/ext/BSEC_1.4.7.4_Generic_Release/algo/normal_version/bin/gcc/Cortex_M4F/libalgobsec.a(log10.o)
                0x0000000000011be0                bsec_log10
 .text          0x0000000000011bf4       0x14 /Users/tadmcallister/Nordic/safecility_thingy/ncs/zephyr/../nrf/ext/BSEC_1.4.7.4_Generic_Release/algo/normal_version/bin/gcc/Cortex_M4F/libalgobsec.a(polyval.o)
                0x0000000000011bf4                bsec_polyval
 .text          0x0000000000011c08       0x18 /Users/tadmcallister/Nordic/safecility_thingy/ncs/zephyr/../nrf/ext/BSEC_1.4.7.4_Generic_Release/algo/normal_version/bin/gcc/Cortex_M4F/libalgobsec.a(sqrt.o)
                0x0000000000011c08                bsec_b_sqrt
                0x0000000000011c1c                bsec_sqrt
 .text          0x0000000000011c20       0x48 /Users/tadmcallister/Nordic/safecility_thingy/ncs/zephyr/../nrf/ext/BSEC_1.4.7.4_Generic_Release/algo/normal_version/bin/gcc/Cortex_M4F/libalgobsec.a(Channel.o)
                0x0000000000011c20                bsec_Channel_reset
                0x0000000000011c54                bsec_b_Channel_reset
 .text          0x0000000000011c68       0xa0 /Users/tadmcallister/Nordic/safecility_thingy/ncs/zephyr/../nrf/ext/BSEC_1.4.7.4_Generic_Release/algo/normal_version/bin/gcc/Cortex_M4F/libalgobsec.a(ExpSmoothing.o)
                0x0000000000011c68                bsec_ExpSmoothing_setCoeffFromBandwidth
 .text          0x0000000000011d08       0x38 /Users/tadmcallister/Nordic/safecility_thingy/ncs/zephyr/../nrf/ext/BSEC_1.4.7.4_Generic_Release/algo/normal_version/bin/gcc/Cortex_M4F/libalgobsec.a(ExpSmoothingBsec.o)
                0x0000000000011d08                bsec_ExpSmoothingBsec_ExpSmoothingBsec
                0x0000000000011d28                bsec_b_ExpSmoothingBsec_ExpSmoothingBsec
 .text          0x0000000000011d40       0x1c /Users/tadmcallister/Nordic/safecility_thingy/ncs/zephyr/../nrf/ext/BSEC_1.4.7.4_Generic_Release/algo/normal_version/bin/gcc/Cortex_M4F/libalgobsec.a(applyScalarFunctionInPlace.o)
                0x0000000000011d40                bsec_applyScalarFunctionInPlace
 .text          0x0000000000011d5c       0x1c /Users/tadmcallister/Nordic/safecility_thingy/ncs/zephyr/../nrf/ext/BSEC_1.4.7.4_Generic_Release/algo/normal_version/bin/gcc/Cortex_M4F/libalgobsec.a(sin.o)
                0x0000000000011d5c                bsec_sin
 .text          0x0000000000011d78       0x2c /Users/tadmcallister/opt/gnuarmemb/gcc-arm-none-eabi-8-2019-q3-update/bin/../lib/gcc/arm-none-eabi/8.3.1/thumb/v8-m.main+fp/hard/libgcc.a(_arm_unorddf2.o)
                0x0000000000011d78                __aeabi_dcmpun
                0x0000000000011d78                __unorddf2
 .text          0x0000000000011da4       0x40 /Users/tadmcallister/opt/gnuarmemb/gcc-arm-none-eabi-8-2019-q3-update/bin/../lib/gcc/arm-none-eabi/8.3.1/thumb/v8-m.main+fp/hard/libgcc.a(_arm_fixunsdfsi.o)
                0x0000000000011da4                __fixunsdfsi
                0x0000000000011da4                __aeabi_d2uiz
 .text          0x0000000000011de4      0x21c /Users/tadmcallister/opt/gnuarmemb/gcc-arm-none-eabi-8-2019-q3-update/bin/../lib/gcc/arm-none-eabi/8.3.1/thumb/v8-m.main+fp/hard/libgcc.a(_arm_addsubsf3.o)
                0x0000000000011de4                __aeabi_frsub
                0x0000000000011dec                __aeabi_fsub
                0x0000000000011dec                __subsf3
                0x0000000000011df0                __aeabi_fadd
                0x0000000000011df0                __addsf3
                0x0000000000011f50                __aeabi_ui2f
                0x0000000000011f50                __floatunsisf
                0x0000000000011f58                __floatsisf
                0x0000000000011f58                __aeabi_i2f
                0x0000000000011f74                __aeabi_ul2f
                0x0000000000011f74                __floatundisf
                0x0000000000011f84                __aeabi_l2f
                0x0000000000011f84                __floatdisf
 .text          0x0000000000012000       0x30 /Users/tadmcallister/opt/gnuarmemb/gcc-arm-none-eabi-8-2019-q3-update/bin/../lib/gcc/arm-none-eabi/8.3.1/thumb/v8-m.main+fp/hard/libgcc.a(_fixdfdi.o)
                0x0000000000012000                __aeabi_d2lz
                0x0000000000012000                __fixdfdi
 .text          0x0000000000012030       0x3c /Users/tadmcallister/opt/gnuarmemb/gcc-arm-none-eabi-8-2019-q3-update/bin/../lib/gcc/arm-none-eabi/8.3.1/thumb/v8-m.main+fp/hard/libgcc.a(_fixunsdfdi.o)
                0x0000000000012030                __aeabi_d2ulz
                0x0000000000012030                __fixunsdfdi
 .text          0x000000000001206c       0x14 /Users/tadmcallister/opt/gnuarmemb/gcc-arm-none-eabi-8-2019-q3-update/arm-none-eabi/lib/thumb/v8-m.main+fp/hard/libc_nano.a(lib_a-strcmp.o)
                0x000000000001206c                strcmp
 .text          0x0000000000012080       0x10 /Users/tadmcallister/opt/gnuarmemb/gcc-arm-none-eabi-8-2019-q3-update/arm-none-eabi/lib/thumb/v8-m.main+fp/hard/libc_nano.a(lib_a-strlen.o)
                0x0000000000012080                strlen
 *(SORT_BY_ALIGNMENT(.text.*))
 .text.app_gc_iot
                0x0000000000012090      0x328 app/libapp.a(main.c.obj)
                0x0000000000012090                app_gc_iot
 .text.print_number
                0x00000000000123b8      0x190 app/libapp.a(cJSON.c.obj)
 .text.sntp_query
                0x0000000000012548      0x148 zephyr/libzephyr.a(sntp.c.obj)
                0x0000000000012548                sntp_query
 .text.at_handler
                0x0000000000012690      0x32c modules/nrf/lib/lte_link_control/lib..__nrf__lib__lte_link_control.a(lte_lc.c.obj)
 *fill*         0x00000000000129bc        0x4 
 .text.ceil     0x00000000000129c0      0x100 /Users/tadmcallister/opt/gnuarmemb/gcc-arm-none-eabi-8-2019-q3-update/arm-none-eabi/lib/thumb/v8-m.main+fp/hard/libm.a(lib_a-s_ceil.o)
                0x00000000000129c0                ceil
 .text.floor    0x0000000000012ac0      0x108 /Users/tadmcallister/opt/gnuarmemb/gcc-arm-none-eabi-8-2019-q3-update/arm-none-eabi/lib/thumb/v8-m.main+fp/hard/libm.a(lib_a-s_floor.o)
                0x0000000000012ac0                floor
 .text.pow      0x0000000000012bc8      0x19c /Users/tadmcallister/opt/gnuarmemb/gcc-arm-none-eabi-8-2019-q3-update/arm-none-eabi/lib/thumb/v8-m.main+fp/hard/libm.a(lib_a-w_pow.o)
                0x0000000000012bc8                pow
 *fill*         0x0000000000012d64        0x4 
 .text.__ieee754_pow
                0x0000000000012d68      0xb00 /Users/tadmcallister/opt/gnuarmemb/gcc-arm-none-eabi-8-2019-q3-update/arm-none-eabi/lib/thumb/v8-m.main+fp/hard/libm.a(lib_a-e_pow.o)
                0x0000000000012d68                __ieee754_pow
 .text.nan      0x0000000000013868       0x10 /Users/tadmcallister/opt/gnuarmemb/gcc-arm-none-eabi-8-2019-q3-update/arm-none-eabi/lib/thumb/v8-m.main+fp/hard/libm.a(lib_a-s_nan.o)
                0x0000000000013868                nan
 .text.scalbn   0x0000000000013878      0x120 /Users/tadmcallister/opt/gnuarmemb/gcc-arm-none-eabi-8-2019-q3-update/arm-none-eabi/lib/thumb/v8-m.main+fp/hard/libm.a(lib_a-s_scalbn.o)
                0x0000000000013878                scalbn
 .text._dtoa_r  0x0000000000013998      0xb60 /Users/tadmcallister/opt/gnuarmemb/gcc-arm-none-eabi-8-2019-q3-update/arm-none-eabi/lib/thumb/v8-m.main+fp/hard/libc_nano.a(lib_a-dtoa.o)
                0x0000000000013998                _dtoa_r
 .text.env_data_ready
                0x00000000000144f8       0x60 app/libapp.a(main.c.obj)
 .text.ntp_poll
                0x0000000000014558       0x24 app/libapp.a(main.c.obj)
                0x0000000000014558                ntp_poll
 .text.process_env_data
                0x000000000001457c      0x10c app/libapp.a(main.c.obj)
                0x000000000001457c                process_env_data
 .text.init_env_sensor
                0x0000000000014688       0x2c app/libapp.a(main.c.obj)
                0x0000000000014688                init_env_sensor
 .text.main     0x00000000000146b4      0x138 app/libapp.a(main.c.obj)
                0x00000000000146b4                main
 .text.reconnect_timer_handler
                0x00000000000147ec       0x28 app/libapp.a(gcloud.c.obj)
                0x00000000000147ec                reconnect_timer_handler
 .text.make_jwt.constprop.0
                0x0000000000014814       0x74 app/libapp.a(gcloud.c.obj)
 .text.input_timer_handler
                0x0000000000014888       0x28 app/libapp.a(gcloud.c.obj)
                0x0000000000014888                input_timer_handler
 .text.gcloud_provision
                0x00000000000148b0       0x30 app/libapp.a(gcloud.c.obj)
                0x00000000000148b0                gcloud_provision
 .text.gcloud_connect
                0x00000000000148e0       0x2c app/libapp.a(gcloud.c.obj)
                0x00000000000148e0                gcloud_connect
 .text.gcloud_publish
                0x000000000001490c       0x4c app/libapp.a(gcloud.c.obj)
                0x000000000001490c                gcloud_publish
 .text.mqtt_event_handler
                0x0000000000014958      0x100 app/libapp.a(gcloud.c.obj)
 .text.gcloud_thread
                0x0000000000014a58      0x1e4 app/libapp.a(gcloud.c.obj)
                0x0000000000014a58                gcloud_thread
 .text.parse_string
                0x0000000000014c3c      0x1a4 app/libapp.a(cJSON.c.obj)
 .text.cJSON_New_Item
                0x0000000000014de0       0x20 app/libapp.a(cJSON.c.obj)
 .text.parse_value
                0x0000000000014e00      0x1f4 app/libapp.a(cJSON.c.obj)
 .text.ensure   0x0000000000014ff4       0x70 app/libapp.a(cJSON.c.obj)
 .text.cJSON_strdup
                0x0000000000015064       0x2c app/libapp.a(cJSON.c.obj)
 .text.print_string_ptr
                0x0000000000015090      0x178 app/libapp.a(cJSON.c.obj)
 .text.print_array.isra.4
                0x0000000000015208      0x1fc app/libapp.a(cJSON.c.obj)
 .text.print_value
                0x0000000000015404       0xc4 app/libapp.a(cJSON.c.obj)
 .text.print_object.isra.3
                0x00000000000154c8      0x3dc app/libapp.a(cJSON.c.obj)
 .text.cJSON_Delete
                0x00000000000158a4       0x48 app/libapp.a(cJSON.c.obj)
                0x00000000000158a4                cJSON_Delete
 .text.cJSON_ParseWithOpts
                0x00000000000158ec       0x68 app/libapp.a(cJSON.c.obj)
                0x00000000000158ec                cJSON_ParseWithOpts
 .text.cJSON_AddItemToObject
                0x0000000000015954       0x30 app/libapp.a(cJSON.c.obj)
                0x0000000000015954                cJSON_AddItemToObject
 .text.timer_work_handler
                0x0000000000015984       0x18 app/libapp.a(bsec.c.obj)
                0x0000000000015984                timer_work_handler
 .text.timer_stop_work_handler
                0x000000000001599c       0x18 app/libapp.a(bsec.c.obj)
                0x000000000001599c                timer_stop_work_handler
 .text.submit_poll_work
                0x00000000000159b4       0x18 app/libapp.a(bsec.c.obj)
 .text.bsec_thread
                0x00000000000159cc       0x2c app/libapp.a(bsec.c.obj)
 .text.state_save
                0x00000000000159f8       0x10 app/libapp.a(bsec.c.obj)
 .text.settings_set
                0x0000000000015a08       0x40 app/libapp.a(bsec.c.obj)
 .text.state_load
                0x0000000000015a48       0x28 app/libapp.a(bsec.c.obj)
 .text.env_sensors_poll_fn
                0x0000000000015a70       0x34 app/libapp.a(bsec.c.obj)
 .text.bus_read
                0x0000000000015aa4       0x40 app/libapp.a(bsec.c.obj)
 .text.output_ready
                0x0000000000015ae4      0x27c app/libapp.a(bsec.c.obj)
 .text.k_work_submit_to_queue.constprop.7
                0x0000000000015d60       0x28 app/libapp.a(bsec.c.obj)
 .text.iaq_timer_handler
                0x0000000000015d88        0xc app/libapp.a(bsec.c.obj)
                0x0000000000015d88                iaq_timer_handler
 .text.iaq_timer_stop
                0x0000000000015d94        0xc app/libapp.a(bsec.c.obj)
                0x0000000000015d94                iaq_timer_stop
 .text.bus_write
                0x0000000000015da0       0x50 app/libapp.a(bsec.c.obj)
 .text.env_sensors_get_temperature
                0x0000000000015df0       0xb0 app/libapp.a(bsec.c.obj)
                0x0000000000015df0                env_sensors_get_temperature
 .text.env_sensors_get_humidity
                0x0000000000015ea0       0xb0 app/libapp.a(bsec.c.obj)
                0x0000000000015ea0                env_sensors_get_humidity
 .text.env_sensors_get_pressure
                0x0000000000015f50       0xb0 app/libapp.a(bsec.c.obj)
                0x0000000000015f50                env_sensors_get_pressure
 .text.env_sensors_get_air_quality
                0x0000000000016000       0xb0 app/libapp.a(bsec.c.obj)
                0x0000000000016000                env_sensors_get_air_quality
 .text.env_sensors_init_and_start
                0x00000000000160b0      0x114 app/libapp.a(bsec.c.obj)
                0x00000000000160b0                env_sensors_init_and_start
 .text.bsec_iot_init
                0x00000000000161c4      0x158 app/libapp.a(bsec_integration.c.obj)
                0x00000000000161c4                bsec_iot_init
 .text.bsec_iot_loop
                0x000000000001631c      0x2d0 app/libapp.a(bsec_integration.c.obj)
                0x000000000001631c                bsec_iot_loop
 .text.bme680_set_sensor_settings
                0x00000000000165ec      0x2fc app/libapp.a(bme680.c.obj)
                0x00000000000165ec                bme680_set_sensor_settings
 .text.bme680_get_profile_dur
                0x00000000000168e8       0x68 app/libapp.a(bme680.c.obj)
                0x00000000000168e8                bme680_get_profile_dur
 .text.bme680_get_sensor_data
                0x0000000000016950      0x378 app/libapp.a(bme680.c.obj)
                0x0000000000016950                bme680_get_sensor_data
 .text.primary_feed_worker
                0x0000000000016cc8       0x2c app/libapp.a(watchdog.c.obj)
 .text.secondary_feed_worker
                0x0000000000016cf4       0x2c app/libapp.a(watchdog.c.obj)
 .text.watchdog_init_and_start
                0x0000000000016d20       0x94 app/libapp.a(watchdog.c.obj)
                0x0000000000016d20                watchdog_init_and_start
 .text._check_fd
                0x0000000000016db4       0x28 zephyr/libzephyr.a(fdtable.c.obj)
 .text.z_get_fd_obj
                0x0000000000016ddc       0x34 zephyr/libzephyr.a(fdtable.c.obj)
                0x0000000000016ddc                z_get_fd_obj
 .text.z_get_fd_obj_and_vtable
                0x0000000000016e10       0x28 zephyr/libzephyr.a(fdtable.c.obj)
                0x0000000000016e10                z_get_fd_obj_and_vtable
 .text.z_reserve_fd
                0x0000000000016e38       0x44 zephyr/libzephyr.a(fdtable.c.obj)
                0x0000000000016e38                z_reserve_fd
 .text.z_finalize_fd
                0x0000000000016e7c       0x14 zephyr/libzephyr.a(fdtable.c.obj)
                0x0000000000016e7c                z_finalize_fd
 .text.z_free_fd
                0x0000000000016e90       0x10 zephyr/libzephyr.a(fdtable.c.obj)
                0x0000000000016e90                z_free_fd
 .text.char_out
                0x0000000000016ea0       0x10 zephyr/libzephyr.a(printk.c.obj)
 .text._printk_dec_ulong
                0x0000000000016eb0       0x98 zephyr/libzephyr.a(printk.c.obj)
 .text.vprintk  0x0000000000016f48       0x1c zephyr/libzephyr.a(printk.c.obj)
                0x0000000000016f48                vprintk
 .text.vsnprintk
                0x0000000000016f64       0x28 zephyr/libzephyr.a(printk.c.obj)
                0x0000000000016f64                vsnprintk
 .text.timeutil_timegm64
                0x0000000000016f8c      0x110 zephyr/libzephyr.a(timeutil.c.obj)
                0x0000000000016f8c                timeutil_timegm64
 .text.str_encode
                0x000000000001709c       0x54 zephyr/libzephyr.a(json.c.obj)
 .text.json_obj_encode
                0x00000000000170f0       0x90 zephyr/libzephyr.a(json.c.obj)
                0x00000000000170f0                json_obj_encode
 .text.encode   0x0000000000017180      0x104 zephyr/libzephyr.a(json.c.obj)
 .text.nordicsemi_nrf91_init
                0x0000000000017284       0x28 zephyr/libzephyr.a(soc.c.obj)
 .text.arch_busy_wait
                0x00000000000172ac       0x14 zephyr/libzephyr.a(soc.c.obj)
                0x00000000000172ac                arch_busy_wait
 .text.net_context_get_state
                0x00000000000172c0       0x40 zephyr/libzephyr.a(sockets.c.obj)
 .text.net_context_get_type
                0x0000000000017300       0x40 zephyr/libzephyr.a(sockets.c.obj)
 .text.zsock_accepted_cb
                0x0000000000017340       0x2c zephyr/libzephyr.a(sockets.c.obj)
 .text.zsock_socket_internal
                0x000000000001736c       0x78 zephyr/libzephyr.a(sockets.c.obj)
                0x000000000001736c                zsock_socket_internal
 .text.z_impl_zsock_socket
                0x00000000000173e4       0xa8 zephyr/libzephyr.a(sockets.c.obj)
                0x00000000000173e4                z_impl_zsock_socket
 .text.zsock_bind_ctx
                0x000000000001748c       0x48 zephyr/libzephyr.a(sockets.c.obj)
                0x000000000001748c                zsock_bind_ctx
 .text.zsock_connect_ctx
                0x00000000000174d4       0x40 zephyr/libzephyr.a(sockets.c.obj)
                0x00000000000174d4                zsock_connect_ctx
 .text.zsock_listen_ctx
                0x0000000000017514       0x34 zephyr/libzephyr.a(sockets.c.obj)
                0x0000000000017514                zsock_listen_ctx
 .text.zsock_accept_ctx
                0x0000000000017548       0xd0 zephyr/libzephyr.a(sockets.c.obj)
                0x0000000000017548                zsock_accept_ctx
 .text.zsock_sendto_ctx
                0x0000000000017618       0x88 zephyr/libzephyr.a(sockets.c.obj)
                0x0000000000017618                zsock_sendto_ctx
 .text.zsock_recvfrom_ctx
                0x00000000000176a0      0x300 zephyr/libzephyr.a(sockets.c.obj)
                0x00000000000176a0                zsock_recvfrom_ctx
 .text.z_impl_zsock_poll
                0x00000000000179a0      0x1a8 zephyr/libzephyr.a(sockets.c.obj)
                0x00000000000179a0                z_impl_zsock_poll
 .text.socket_offload_dns_register
                0x0000000000017b48       0x4c zephyr/libzephyr.a(socket_offload.c.obj)
                0x0000000000017b48                socket_offload_dns_register
 .text.socket_offload_getaddrinfo
                0x0000000000017b94       0x68 zephyr/libzephyr.a(socket_offload.c.obj)
                0x0000000000017b94                socket_offload_getaddrinfo
 .text.socket_offload_freeaddrinfo
                0x0000000000017bfc       0x58 zephyr/libzephyr.a(socket_offload.c.obj)
                0x0000000000017bfc                socket_offload_freeaddrinfo
 .text.settings_save_one
                0x0000000000017c54       0x44 zephyr/libzephyr.a(settings_store.c.obj)
                0x0000000000017c54                settings_save_one
 .text.settings_load_subtree
                0x0000000000017c98       0x48 zephyr/libzephyr.a(settings_store.c.obj)
                0x0000000000017c98                settings_load_subtree
 .text.settings_store_init
                0x0000000000017ce0       0x10 zephyr/libzephyr.a(settings_store.c.obj)
                0x0000000000017ce0                settings_store_init
 .text.settings_init
                0x0000000000017cf0       0x10 zephyr/libzephyr.a(settings.c.obj)
                0x0000000000017cf0                settings_init
 .text.settings_register
                0x0000000000017d00       0xb4 zephyr/libzephyr.a(settings.c.obj)
                0x0000000000017d00                settings_register
 .text.settings_commit_subtree
                0x0000000000017db4       0xa8 zephyr/libzephyr.a(settings.c.obj)
                0x0000000000017db4                settings_commit_subtree
 .text.settings_subsys_init
                0x0000000000017e5c       0x20 zephyr/libzephyr.a(settings_init.c.obj)
                0x0000000000017e5c                settings_subsys_init
 .text.sys_reboot
                0x0000000000017e7c       0x30 zephyr/libzephyr.a(reboot.c.obj)
                0x0000000000017e7c                sys_reboot
 .text.get_status
                0x0000000000017eac       0x44 zephyr/libzephyr.a(nrf_power_clock.c.obj)
 .text.clock_async_start
                0x0000000000017ef0      0x128 zephyr/libzephyr.a(nrf_power_clock.c.obj)
 .text.clock_stop
                0x0000000000018018       0x7c zephyr/libzephyr.a(nrf_power_clock.c.obj)
 .text.clk_init
                0x0000000000018094       0x38 zephyr/libzephyr.a(nrf_power_clock.c.obj)
 .text.clkstarted_handle.constprop.9
                0x00000000000180cc       0x50 zephyr/libzephyr.a(nrf_power_clock.c.obj)
 .text.nrf_power_clock_isr
                0x000000000001811c       0x54 zephyr/libzephyr.a(nrf_power_clock.c.obj)
                0x000000000001811c                nrf_power_clock_isr
 .text.wdt_nrf_install_timeout
                0x0000000000018170       0x74 zephyr/libzephyr.a(wdt_nrfx.c.obj)
 .text.wdt_0_init
                0x00000000000181e4       0x30 zephyr/libzephyr.a(wdt_nrfx.c.obj)
 .text.wdt_0_event_handler
                0x0000000000018214       0x34 zephyr/libzephyr.a(wdt_nrfx.c.obj)
 .text.z_clock_isr
                0x0000000000018248       0x28 zephyr/libzephyr.a(sys_clock_init.c.obj)
                0x0000000000018248                z_clock_isr
 .text.handle_next_tick_case
                0x0000000000018270       0x28 zephyr/libzephyr.a(nrf_rtc_timer.c.obj)
 .text.rtc1_nrf_isr
                0x0000000000018298       0x24 zephyr/libzephyr.a(nrf_rtc_timer.c.obj)
                0x0000000000018298                rtc1_nrf_isr
 .text.z_clock_driver_init
                0x00000000000182bc       0x68 zephyr/libzephyr.a(nrf_rtc_timer.c.obj)
                0x00000000000182bc                z_clock_driver_init
 .text.z_clock_set_timeout
                0x0000000000018324       0xc8 zephyr/libzephyr.a(nrf_rtc_timer.c.obj)
                0x0000000000018324                z_clock_set_timeout
 .text.z_clock_elapsed
                0x00000000000183ec       0xa0 zephyr/libzephyr.a(nrf_rtc_timer.c.obj)
                0x00000000000183ec                z_clock_elapsed
 .text.z_timer_cycle_get_32
                0x000000000001848c       0xa4 zephyr/libzephyr.a(nrf_rtc_timer.c.obj)
                0x000000000001848c                z_timer_cycle_get_32
 .text.uECC_set_rng
                0x0000000000018530        0xc zephyr/libzephyr.a(ecc.c.obj)
                0x0000000000018530                uECC_set_rng
 .text.uECC_get_rng
                0x000000000001853c        0xc zephyr/libzephyr.a(ecc.c.obj)
                0x000000000001853c                uECC_get_rng
 .text.vli_mmod_fast_secp256r1
                0x0000000000018548      0x1a0 zephyr/libzephyr.a(ecc.c.obj)
                0x0000000000018548                vli_mmod_fast_secp256r1
 .text.tc_aes128_set_encrypt_key
                0x00000000000186e8       0xac zephyr/libzephyr.a(aes_encrypt.c.obj)
                0x00000000000186e8                tc_aes128_set_encrypt_key
 .text.tc_aes_encrypt
                0x0000000000018794       0xd4 zephyr/libzephyr.a(aes_encrypt.c.obj)
                0x0000000000018794                tc_aes_encrypt
 .text.compress
                0x0000000000018868      0x1b8 zephyr/libzephyr.a(sha256.c.obj)
 .text.tc_sha256_init
                0x0000000000018a20       0x58 zephyr/libzephyr.a(sha256.c.obj)
                0x0000000000018a20                tc_sha256_init
 .text.arch_swap
                0x0000000000018a78       0x34 zephyr/arch/arch/arm/core/aarch32/libarch__arm__core__aarch32.a(swap.c.obj)
                0x0000000000018a78                arch_swap
 .text.z_arm_pendsv
                0x0000000000018aac       0xb0 zephyr/arch/arch/arm/core/aarch32/libarch__arm__core__aarch32.a(swap_helper.S.obj)
                0x0000000000018aac                z_arm_pendsv
 .text.z_arm_svc
                0x0000000000018b5c       0x20 zephyr/arch/arch/arm/core/aarch32/libarch__arm__core__aarch32.a(swap_helper.S.obj)
                0x0000000000018b5c                z_arm_svc
 .text.arch_irq_enable
                0x0000000000018b7c       0x20 zephyr/arch/arch/arm/core/aarch32/libarch__arm__core__aarch32.a(irq_manage.c.obj)
                0x0000000000018b7c                arch_irq_enable
 .text.z_arm_irq_priority_set
                0x0000000000018b9c       0x64 zephyr/arch/arch/arm/core/aarch32/libarch__arm__core__aarch32.a(irq_manage.c.obj)
                0x0000000000018b9c                z_arm_irq_priority_set
 .text._arch_isr_direct_pm
                0x0000000000018c00       0x1c zephyr/arch/arch/arm/core/aarch32/libarch__arm__core__aarch32.a(irq_manage.c.obj)
                0x0000000000018c00                _arch_isr_direct_pm
 .text.arch_new_thread
                0x0000000000018c1c       0x38 zephyr/arch/arch/arm/core/aarch32/libarch__arm__core__aarch32.a(thread.c.obj)
                0x0000000000018c1c                arch_new_thread
 .text.arch_switch_to_main_thread
                0x0000000000018c54       0x50 zephyr/arch/arch/arm/core/aarch32/libarch__arm__core__aarch32.a(thread.c.obj)
                0x0000000000018c54                arch_switch_to_main_thread
 .text.z_arm_cpu_idle_init
                0x0000000000018ca4        0xc zephyr/arch/arch/arm/core/aarch32/libarch__arm__core__aarch32.a(cpu_idle.S.obj)
                0x0000000000018ca4                z_arm_cpu_idle_init
 .text.arch_cpu_idle
                0x0000000000018cb0       0x1c zephyr/arch/arch/arm/core/aarch32/libarch__arm__core__aarch32.a(cpu_idle.S.obj)
                0x0000000000018cb0                arch_cpu_idle
 .text.z_SysNmiOnReset
                0x0000000000018ccc        0x8 zephyr/arch/arch/arm/core/aarch32/libarch__arm__core__aarch32.a(nmi_on_reset.S.obj)
                0x0000000000018ccc                z_SysNmiOnReset
 .text.z_arm_prep_c
                0x0000000000018cd4       0x5c zephyr/arch/arch/arm/core/aarch32/libarch__arm__core__aarch32.a(prep_c.c.obj)
                0x0000000000018cd4                z_arm_prep_c
 .text._isr_wrapper
                0x0000000000018d30       0x40 zephyr/arch/arch/arm/core/aarch32/libarch__arm__core__aarch32.a(isr_wrapper.S.obj)
                0x0000000000018d30                _isr_wrapper
 .text._reset_section
                0x0000000000018d70       0x30 zephyr/arch/arch/arm/core/aarch32/cortex_m/libarch__arm__core__aarch32__cortex_m.a(reset.S.obj)
                0x0000000000018d70                z_arm_reset
                0x0000000000018d70                __start
 .text.__fault  0x0000000000018da0       0x14 zephyr/arch/arch/arm/core/aarch32/cortex_m/libarch__arm__core__aarch32__cortex_m.a(fault_s.S.obj)
                0x0000000000018da0                z_arm_bus_fault
                0x0000000000018da0                z_arm_usage_fault
                0x0000000000018da0                z_arm_mpu_fault
                0x0000000000018da0                z_arm_exc_spurious
                0x0000000000018da0                z_arm_debug_monitor
                0x0000000000018da0                z_arm_hard_fault
 .text.bus_fault.isra.2
                0x0000000000018db4       0x3c zephyr/arch/arch/arm/core/aarch32/cortex_m/libarch__arm__core__aarch32__cortex_m.a(fault.c.obj)
 .text.usage_fault.isra.3
                0x0000000000018df0       0x2c zephyr/arch/arch/arm/core/aarch32/cortex_m/libarch__arm__core__aarch32__cortex_m.a(fault.c.obj)
 .text.mem_manage_fault.isra.6
                0x0000000000018e1c       0x70 zephyr/arch/arch/arm/core/aarch32/cortex_m/libarch__arm__core__aarch32__cortex_m.a(fault.c.obj)
 .text.z_arm_fault
                0x0000000000018e8c      0x124 zephyr/arch/arch/arm/core/aarch32/cortex_m/libarch__arm__core__aarch32__cortex_m.a(fault.c.obj)
                0x0000000000018e8c                z_arm_fault
 .text.z_arm_fault_init
                0x0000000000018fb0       0x18 zephyr/arch/arch/arm/core/aarch32/cortex_m/libarch__arm__core__aarch32__cortex_m.a(fault.c.obj)
                0x0000000000018fb0                z_arm_fault_init
 .text._HandlerModeExit
                0x0000000000018fc8       0x1c zephyr/arch/arch/arm/core/aarch32/cortex_m/libarch__arm__core__aarch32__cortex_m.a(exc_exit.S.obj)
                0x0000000000018fc8                z_arm_exc_exit
                0x0000000000018fc8                z_arm_int_exit
 .text.sys_arch_reboot
                0x0000000000018fe4       0x24 zephyr/arch/arch/arm/core/aarch32/cortex_m/libarch__arm__core__aarch32__cortex_m.a(scb.c.obj)
                0x0000000000018fe4                sys_arch_reboot
 .text.z_arm_interrupt_init
                0x0000000000019008       0x18 zephyr/arch/arch/arm/core/aarch32/cortex_m/libarch__arm__core__aarch32__cortex_m.a(irq_init.c.obj)
                0x0000000000019008                z_arm_interrupt_init
 .text.z_impl_k_thread_abort
                0x0000000000019020       0x7c zephyr/arch/arch/arm/core/aarch32/cortex_m/libarch__arm__core__aarch32__cortex_m.a(thread_abort.c.obj)
                0x0000000000019020                z_impl_k_thread_abort
 .text.z_arm_configure_static_mpu_regions
                0x000000000001909c       0x54 zephyr/arch/arch/arm/core/aarch32/cortex_m/mpu/libarch__arm__core__aarch32__cortex_m__mpu.a(arm_core_mpu.c.obj)
                0x000000000001909c                z_arm_configure_static_mpu_regions
 .text.region_init
                0x00000000000190f0       0x30 zephyr/arch/arch/arm/core/aarch32/cortex_m/mpu/libarch__arm__core__aarch32__cortex_m__mpu.a(arm_mpu.c.obj)
 .text.mpu_configure_regions_and_partition.constprop.2
                0x0000000000019120      0x134 zephyr/arch/arch/arm/core/aarch32/cortex_m/mpu/libarch__arm__core__aarch32__cortex_m__mpu.a(arm_mpu.c.obj)
 .text.arm_core_mpu_enable
                0x0000000000019254       0x14 zephyr/arch/arch/arm/core/aarch32/cortex_m/mpu/libarch__arm__core__aarch32__cortex_m__mpu.a(arm_mpu.c.obj)
                0x0000000000019254                arm_core_mpu_enable
 .text.arm_core_mpu_disable
                0x0000000000019268       0x10 zephyr/arch/arch/arm/core/aarch32/cortex_m/mpu/libarch__arm__core__aarch32__cortex_m__mpu.a(arm_mpu.c.obj)
                0x0000000000019268                arm_core_mpu_disable
 .text.arm_mpu_init
                0x0000000000019278       0xb0 zephyr/arch/arch/arm/core/aarch32/cortex_m/mpu/libarch__arm__core__aarch32__cortex_m__mpu.a(arm_mpu.c.obj)
 .text.arm_core_mpu_configure_static_mpu_regions
                0x0000000000019328       0x4c zephyr/arch/arch/arm/core/aarch32/cortex_m/mpu/libarch__arm__core__aarch32__cortex_m__mpu.a(arm_mpu.c.obj)
                0x0000000000019328                arm_core_mpu_configure_static_mpu_regions
 .text.arm_core_mpu_mark_areas_for_dynamic_regions
                0x0000000000019374       0xdc zephyr/arch/arch/arm/core/aarch32/cortex_m/mpu/libarch__arm__core__aarch32__cortex_m__mpu.a(arm_mpu.c.obj)
                0x0000000000019374                arm_core_mpu_mark_areas_for_dynamic_regions
 .text.z_impl_zephyr_write_stdout
                0x0000000000019450       0x30 zephyr/lib/libc/newlib/liblib__libc__newlib.a(libc-hooks.c.obj)
                0x0000000000019450                z_impl_zephyr_write_stdout
 .text._exit    0x0000000000019480       0x10 zephyr/lib/libc/newlib/liblib__libc__newlib.a(libc-hooks.c.obj)
                0x0000000000019480                _exit
 .text._sbrk    0x0000000000019490       0x44 zephyr/lib/libc/newlib/liblib__libc__newlib.a(libc-hooks.c.obj)
                0x0000000000019490                _sbrk
                0x0000000000019490                sbrk
 .text.thingy91_board_init
                0x00000000000194d4      0x108 zephyr/boards/boards/arm/thingy91_nrf9160ns/lib..__nrf__boards__arm__thingy91_nrf9160.a(board_nonsecure.c.obj)
 .text.net_buf_id
                0x00000000000195dc       0x20 zephyr/subsys/net/libsubsys__net.a(buf.c.obj)
                0x00000000000195dc                net_buf_id
 .text.fixed_data_alloc
                0x00000000000195fc       0x30 zephyr/subsys/net/libsubsys__net.a(buf.c.obj)
 .text.net_buf_reset
                0x000000000001962c       0x50 zephyr/subsys/net/libsubsys__net.a(buf.c.obj)
                0x000000000001962c                net_buf_reset
 .text.net_buf_alloc_len
                0x000000000001967c      0x164 zephyr/subsys/net/libsubsys__net.a(buf.c.obj)
                0x000000000001967c                net_buf_alloc_len
 .text.net_buf_unref
                0x00000000000197e0       0x8c zephyr/subsys/net/libsubsys__net.a(buf.c.obj)
                0x00000000000197e0                net_buf_unref
 .text.net_buf_frag_last
                0x000000000001986c       0x38 zephyr/subsys/net/libsubsys__net.a(buf.c.obj)
                0x000000000001986c                net_buf_frag_last
 .text.net_buf_frag_insert
                0x00000000000198a4       0x5c zephyr/subsys/net/libsubsys__net.a(buf.c.obj)
                0x00000000000198a4                net_buf_frag_insert
 .text.net_buf_simple_add
                0x0000000000019900       0x44 zephyr/subsys/net/libsubsys__net.a(buf.c.obj)
                0x0000000000019900                net_buf_simple_add
 .text.net_ipv4_is_ll_addr
                0x0000000000019944       0x18 zephyr/subsys/net/ip/libsubsys__net__ip.a(net_if.c.obj)
 .text.net_if_flag_is_set
                0x000000000001995c       0x48 zephyr/subsys/net/ip/libsubsys__net__ip.a(net_if.c.obj)
 .text.iface_router_run_timer
                0x00000000000199a4       0x74 zephyr/subsys/net/ip/libsubsys__net__ip.a(net_if.c.obj)
 .text.net_if_flag_set.constprop.32
                0x0000000000019a18       0x4c zephyr/subsys/net/ip/libsubsys__net__ip.a(net_if.c.obj)
 .text.net_if_ipv4_get_best_match.isra.17
                0x0000000000019a64       0x70 zephyr/subsys/net/ip/libsubsys__net__ip.a(net_if.c.obj)
 .text.iface_router_expired
                0x0000000000019ad4       0x6c zephyr/subsys/net/ip/libsubsys__net__ip.a(net_if.c.obj)
 .text.net_if_queue_tx
                0x0000000000019b40       0x24 zephyr/subsys/net/ip/libsubsys__net__ip.a(net_if.c.obj)
                0x0000000000019b40                net_if_queue_tx
 .text.net_if_get_default
                0x0000000000019b64       0x14 zephyr/subsys/net/ip/libsubsys__net__ip.a(net_if.c.obj)
                0x0000000000019b64                net_if_get_default
 .text.net_if_ipv4_is_addr_bcast
                0x0000000000019b78       0x30 zephyr/subsys/net/ip/libsubsys__net__ip.a(net_if.c.obj)
                0x0000000000019b78                net_if_ipv4_is_addr_bcast
 .text.net_if_ipv4_select_src_iface
                0x0000000000019ba8       0x34 zephyr/subsys/net/ip/libsubsys__net__ip.a(net_if.c.obj)
                0x0000000000019ba8                net_if_ipv4_select_src_iface
 .text.net_if_ipv4_select_src_addr
                0x0000000000019bdc       0x9c zephyr/subsys/net/ip/libsubsys__net__ip.a(net_if.c.obj)
                0x0000000000019bdc                net_if_ipv4_select_src_addr
 .text.net_if_ipv4_addr_lookup
                0x0000000000019c78       0x3c zephyr/subsys/net/ip/libsubsys__net__ip.a(net_if.c.obj)
                0x0000000000019c78                net_if_ipv4_addr_lookup
 .text.net_if_ipv4_maddr_lookup
                0x0000000000019cb4       0x48 zephyr/subsys/net/ip/libsubsys__net__ip.a(net_if.c.obj)
                0x0000000000019cb4                net_if_ipv4_maddr_lookup
 .text.net_if_call_link_cb
                0x0000000000019cfc       0x28 zephyr/subsys/net/ip/libsubsys__net__ip.a(net_if.c.obj)
                0x0000000000019cfc                net_if_call_link_cb
 .text.process_tx_packet
                0x0000000000019d24       0xa0 zephyr/subsys/net/ip/libsubsys__net__ip.a(net_if.c.obj)
 .text.net_if_get_by_index
                0x0000000000019dc4       0x24 zephyr/subsys/net/ip/libsubsys__net__ip.a(net_if.c.obj)
                0x0000000000019dc4                net_if_get_by_index
 .text.net_if_get_by_iface
                0x0000000000019de8       0x24 zephyr/subsys/net/ip/libsubsys__net__ip.a(net_if.c.obj)
                0x0000000000019de8                net_if_get_by_iface
 .text.net_if_up
                0x0000000000019e0c       0x78 zephyr/subsys/net/ip/libsubsys__net__ip.a(net_if.c.obj)
                0x0000000000019e0c                net_if_up
 .text.net_if_init
                0x0000000000019e84       0x5c zephyr/subsys/net/ip/libsubsys__net__ip.a(net_if.c.obj)
                0x0000000000019e84                net_if_init
 .text.net_if_post_init
                0x0000000000019ee0       0x28 zephyr/subsys/net/ip/libsubsys__net__ip.a(net_if.c.obj)
                0x0000000000019ee0                net_if_post_init
 .text.net_ipv4_unspecified_address
                0x0000000000019f08        0x8 zephyr/subsys/net/ip/libsubsys__net__ip.a(utils.c.obj)
                0x0000000000019f08                net_ipv4_unspecified_address
 .text.net_ipv4_broadcast_address
                0x0000000000019f10        0x8 zephyr/subsys/net/ip/libsubsys__net__ip.a(utils.c.obj)
                0x0000000000019f10                net_ipv4_broadcast_address
 .text.net_context_is_used
                0x0000000000019f18       0x40 zephyr/subsys/net/ip/libsubsys__net__ip.a(net_context.c.obj)
 .text.check_used_port
                0x0000000000019f58       0x4c zephyr/subsys/net/ip/libsubsys__net__ip.a(net_context.c.obj)
 .text.net_context_get_state
                0x0000000000019fa4       0x40 zephyr/subsys/net/ip/libsubsys__net__ip.a(net_context.c.obj)
 .text.net_context_get_family
                0x0000000000019fe4       0x40 zephyr/subsys/net/ip/libsubsys__net__ip.a(net_context.c.obj)
 .text.net_context_get_type
                0x000000000001a024       0x40 zephyr/subsys/net/ip/libsubsys__net__ip.a(net_context.c.obj)
 .text.find_available_port
                0x000000000001a064       0x2c zephyr/subsys/net/ip/libsubsys__net__ip.a(net_context.c.obj)
 .text.net_context_set_iface.isra.16
                0x000000000001a090       0x40 zephyr/subsys/net/ip/libsubsys__net__ip.a(net_context.c.obj)
 .text.net_context_packet_received
                0x000000000001a0d0       0xd0 zephyr/subsys/net/ip/libsubsys__net__ip.a(net_context.c.obj)
                0x000000000001a0d0                net_context_packet_received
 .text.net_context_get
                0x000000000001a1a0      0x180 zephyr/subsys/net/ip/libsubsys__net__ip.a(net_context.c.obj)
                0x000000000001a1a0                net_context_get
 .text.net_context_put
                0x000000000001a320       0x74 zephyr/subsys/net/ip/libsubsys__net__ip.a(net_context.c.obj)
                0x000000000001a320                net_context_put
 .text.net_context_bind
                0x000000000001a394      0x114 zephyr/subsys/net/ip/libsubsys__net__ip.a(net_context.c.obj)
                0x000000000001a394                net_context_bind
 .text.net_context_listen
                0x000000000001a4a8       0x7c zephyr/subsys/net/ip/libsubsys__net__ip.a(net_context.c.obj)
                0x000000000001a4a8                net_context_listen
 .text.net_context_create_ipv4_new
                0x000000000001a524       0x74 zephyr/subsys/net/ip/libsubsys__net__ip.a(net_context.c.obj)
                0x000000000001a524                net_context_create_ipv4_new
 .text.context_sendto.isra.21
                0x000000000001a598      0x21c zephyr/subsys/net/ip/libsubsys__net__ip.a(net_context.c.obj)
 .text.net_context_connect
                0x000000000001a7b4      0x1a8 zephyr/subsys/net/ip/libsubsys__net__ip.a(net_context.c.obj)
                0x000000000001a7b4                net_context_connect
 .text.net_context_accept
                0x000000000001a95c       0xa0 zephyr/subsys/net/ip/libsubsys__net__ip.a(net_context.c.obj)
                0x000000000001a95c                net_context_accept
 .text.net_context_recv
                0x000000000001a9fc      0x138 zephyr/subsys/net/ip/libsubsys__net__ip.a(net_context.c.obj)
                0x000000000001a9fc                net_context_recv
 .text.net_context_init
                0x000000000001ab34       0x10 zephyr/subsys/net/ip/libsubsys__net__ip.a(net_context.c.obj)
                0x000000000001ab34                net_context_init
 .text.net_pkt_alloc_buffer
                0x000000000001ab44      0x184 zephyr/subsys/net/ip/libsubsys__net__ip.a(net_pkt.c.obj)
                0x000000000001ab44                net_pkt_alloc_buffer
 .text.net_pkt_alloc_with_buffer
                0x000000000001acc8       0x1c zephyr/subsys/net/ip/libsubsys__net__ip.a(net_pkt.c.obj)
                0x000000000001acc8                net_pkt_alloc_with_buffer
 .text.net_tc_submit_to_tx_queue
                0x000000000001ace4       0x28 zephyr/subsys/net/ip/libsubsys__net__ip.a(net_tc.c.obj)
                0x000000000001ace4                net_tc_submit_to_tx_queue
 .text.net_tx_priority2tc
                0x000000000001ad0c       0x10 zephyr/subsys/net/ip/libsubsys__net__ip.a(net_tc.c.obj)
                0x000000000001ad0c                net_tx_priority2tc
 .text.net_tc_tx_init
                0x000000000001ad1c       0x34 zephyr/subsys/net/ip/libsubsys__net__ip.a(net_tc.c.obj)
                0x000000000001ad1c                net_tc_tx_init
 .text.net_tc_rx_init
                0x000000000001ad50       0x34 zephyr/subsys/net/ip/libsubsys__net__ip.a(net_tc.c.obj)
                0x000000000001ad50                net_tc_rx_init
 .text.net_icmpv4_register_handler
                0x000000000001ad84       0x14 zephyr/subsys/net/ip/libsubsys__net__ip.a(icmpv4.c.obj)
                0x000000000001ad84                net_icmpv4_register_handler
 .text.net_icmpv4_input
                0x000000000001ad98       0x80 zephyr/subsys/net/ip/libsubsys__net__ip.a(icmpv4.c.obj)
                0x000000000001ad98                net_icmpv4_input
 .text.net_icmpv4_init
                0x000000000001ae18        0xc zephyr/subsys/net/ip/libsubsys__net__ip.a(icmpv4.c.obj)
                0x000000000001ae18                net_icmpv4_init
 .text.conn_set_unused
                0x000000000001ae24       0x20 zephyr/subsys/net/ip/libsubsys__net__ip.a(connection.c.obj)
 .text.net_conn_register
                0x000000000001ae44      0x184 zephyr/subsys/net/ip/libsubsys__net__ip.a(connection.c.obj)
                0x000000000001ae44                net_conn_register
 .text.net_conn_unregister
                0x000000000001afc8       0x60 zephyr/subsys/net/ip/libsubsys__net__ip.a(connection.c.obj)
                0x000000000001afc8                net_conn_unregister
 .text.net_conn_input
                0x000000000001b028      0x1dc zephyr/subsys/net/ip/libsubsys__net__ip.a(connection.c.obj)
                0x000000000001b028                net_conn_input
 .text.net_conn_init
                0x000000000001b204       0x34 zephyr/subsys/net/ip/libsubsys__net__ip.a(connection.c.obj)
                0x000000000001b204                net_conn_init
 .text.k_delayed_work_submit
                0x000000000001b238       0x10 zephyr/subsys/net/ip/libsubsys__net__ip.a(tcp.c.obj)
 .text.net_context_get_family
                0x000000000001b248       0x40 zephyr/subsys/net/ip/libsubsys__net__ip.a(tcp.c.obj)
 .text.net_context_get_state
                0x000000000001b288       0x40 zephyr/subsys/net/ip/libsubsys__net__ip.a(tcp.c.obj)
 .text.net_context_set_state
                0x000000000001b2c8       0x48 zephyr/subsys/net/ip/libsubsys__net__ip.a(tcp.c.obj)
 .text.net_context_get_iface
                0x000000000001b310       0x40 zephyr/subsys/net/ip/libsubsys__net__ip.a(tcp.c.obj)
 .text.net_context_set_iface.isra.25
                0x000000000001b350       0x40 zephyr/subsys/net/ip/libsubsys__net__ip.a(tcp.c.obj)
 .text.tcp_backlog_find.isra.26
                0x000000000001b390       0x50 zephyr/subsys/net/ip/libsubsys__net__ip.a(tcp.c.obj)
 .text.prepare_segment.isra.21
                0x000000000001b3e0      0x1fc zephyr/subsys/net/ip/libsubsys__net__ip.a(tcp.c.obj)
 .text.net_tcp_alloc
                0x000000000001b5dc       0xbc zephyr/subsys/net/ip/libsubsys__net__ip.a(tcp.c.obj)
                0x000000000001b5dc                net_tcp_alloc
 .text.net_tcp_change_state
                0x000000000001b698       0xa8 zephyr/subsys/net/ip/libsubsys__net__ip.a(tcp.c.obj)
                0x000000000001b698                net_tcp_change_state
 .text.net_tcp_release
                0x000000000001b740      0x100 zephyr/subsys/net/ip/libsubsys__net__ip.a(tcp.c.obj)
                0x000000000001b740                net_tcp_release
 .text.net_tcp_queue_data
                0x000000000001b840       0xa0 zephyr/subsys/net/ip/libsubsys__net__ip.a(tcp.c.obj)
                0x000000000001b840                net_tcp_queue_data
 .text.tcp_established
                0x000000000001b8e0      0x230 zephyr/subsys/net/ip/libsubsys__net__ip.a(tcp.c.obj)
 .text.tcp_synack_received
                0x000000000001bb10      0x198 zephyr/subsys/net/ip/libsubsys__net__ip.a(tcp.c.obj)
 .text.tcp_syn_rcvd
                0x000000000001bca8      0x428 zephyr/subsys/net/ip/libsubsys__net__ip.a(tcp.c.obj)
 .text.net_tcp_recv
                0x000000000001c0d0       0x6c zephyr/subsys/net/ip/libsubsys__net__ip.a(tcp.c.obj)
                0x000000000001c0d0                net_tcp_recv
 .text.net_tcp_get
                0x000000000001c13c       0x6c zephyr/subsys/net/ip/libsubsys__net__ip.a(tcp.c.obj)
                0x000000000001c13c                net_tcp_get
 .text.net_tcp_unref
                0x000000000001c1a8       0x34 zephyr/subsys/net/ip/libsubsys__net__ip.a(tcp.c.obj)
                0x000000000001c1a8                net_tcp_unref
 .text.net_tcp_accept
                0x000000000001c1dc       0xf4 zephyr/subsys/net/ip/libsubsys__net__ip.a(tcp.c.obj)
                0x000000000001c1dc                net_tcp_accept
 .text.net_tcp_connect
                0x000000000001c2d0       0xd4 zephyr/subsys/net/ip/libsubsys__net__ip.a(tcp.c.obj)
                0x000000000001c2d0                net_tcp_connect
 .text.connect_request_encode
                0x000000000001c3a4      0x100 zephyr/subsys/net/lib/mqtt/libsubsys__net__lib__mqtt.a(mqtt_encoder.c.obj)
                0x000000000001c3a4                connect_request_encode
 .text.disconnect_encode
                0x000000000001c4a4       0x24 zephyr/subsys/net/lib/mqtt/libsubsys__net__lib__mqtt.a(mqtt_encoder.c.obj)
                0x000000000001c4a4                disconnect_encode
 .text.ping_request_encode
                0x000000000001c4c8       0x24 zephyr/subsys/net/lib/mqtt/libsubsys__net__lib__mqtt.a(mqtt_encoder.c.obj)
                0x000000000001c4c8                ping_request_encode
 .text.mqtt_transport_connect
                0x000000000001c4ec       0x14 zephyr/subsys/net/lib/mqtt/libsubsys__net__lib__mqtt.a(mqtt_transport.c.obj)
                0x000000000001c4ec                mqtt_transport_connect
 .text.mqtt_transport_write
                0x000000000001c500       0x18 zephyr/subsys/net/lib/mqtt/libsubsys__net__lib__mqtt.a(mqtt_transport.c.obj)
                0x000000000001c500                mqtt_transport_write
 .text.mqtt_transport_write_msg
                0x000000000001c518       0x1c zephyr/subsys/net/lib/mqtt/libsubsys__net__lib__mqtt.a(mqtt_transport.c.obj)
                0x000000000001c518                mqtt_transport_write_msg
 .text.mqtt_transport_read
                0x000000000001c534       0x1c zephyr/subsys/net/lib/mqtt/libsubsys__net__lib__mqtt.a(mqtt_transport.c.obj)
                0x000000000001c534                mqtt_transport_read
 .text.mqtt_transport_disconnect
                0x000000000001c550       0x14 zephyr/subsys/net/lib/mqtt/libsubsys__net__lib__mqtt.a(mqtt_transport.c.obj)
                0x000000000001c550                mqtt_transport_disconnect
 .text.mqtt_mutex_unlock
                0x000000000001c564       0x58 zephyr/subsys/net/lib/mqtt/libsubsys__net__lib__mqtt.a(mqtt.c.obj)
 .text.mqtt_mutex_lock
                0x000000000001c5bc       0x40 zephyr/subsys/net/lib/mqtt/libsubsys__net__lib__mqtt.a(mqtt.c.obj)
 .text.z_impl_entropy_get_entropy
                0x000000000001c5fc       0x48 zephyr/subsys/random/libsubsys__random.a(rand32_entropy_device.c.obj)
 .text.sys_rand32_get
                0x000000000001c644       0x64 zephyr/subsys/random/libsubsys__random.a(rand32_entropy_device.c.obj)
                0x000000000001c644                sys_rand32_get
 .text.default_CSPRNG
                0x000000000001c6a8       0x1c zephyr/subsys/jwt/libsubsys__jwt.a(jwt.c.obj)
                0x000000000001c6a8                default_CSPRNG
 .text.jwt_add_payload
                0x000000000001c6c4       0x38 zephyr/subsys/jwt/libsubsys__jwt.a(jwt.c.obj)
                0x000000000001c6c4                jwt_add_payload
 .text.jwt_sign
                0x000000000001c6fc       0xa4 zephyr/subsys/jwt/libsubsys__jwt.a(jwt.c.obj)
                0x000000000001c6fc                jwt_sign
 .text.jwt_init_builder
                0x000000000001c7a0       0x38 zephyr/subsys/jwt/libsubsys__jwt.a(jwt.c.obj)
                0x000000000001c7a0                jwt_init_builder
 .text.gpio_nrfx_manage_callback
                0x000000000001c7d8       0xac zephyr/drivers/gpio/libdrivers__gpio.a(gpio_nrfx.c.obj)
 .text.nrf_gpio_pin_port_decode.isra.9.part.10
                0x000000000001c884       0x2c zephyr/drivers/gpio/libdrivers__gpio.a(gpio_nrfx.c.obj)
 .text.gpio_nrfx_init
                0x000000000001c8b0       0x30 zephyr/drivers/gpio/libdrivers__gpio.a(gpio_nrfx.c.obj)
 .text.gpio_nrfx_config
                0x000000000001c8e0       0xcc zephyr/drivers/gpio/libdrivers__gpio.a(gpio_nrfx.c.obj)
 .text.nrf_gpio_cfg_sense_set
                0x000000000001c9ac       0x2c zephyr/drivers/gpio/libdrivers__gpio.a(gpio_nrfx.c.obj)
 .text.gpiote_pin_int_cfg
                0x000000000001c9d8      0x134 zephyr/drivers/gpio/libdrivers__gpio.a(gpio_nrfx.c.obj)
 .text.gpio_nrfx_pin_interrupt_configure
                0x000000000001cb0c       0xb0 zephyr/drivers/gpio/libdrivers__gpio.a(gpio_nrfx.c.obj)
 .text.gpiote_event_handler
                0x000000000001cbbc      0x174 zephyr/drivers/gpio/libdrivers__gpio.a(gpio_nrfx.c.obj)
 .text.twim_2_init
                0x000000000001cd30       0x34 zephyr/drivers/i2c/libdrivers__i2c.a(i2c_nrfx_twim.c.obj)
 .text.i2c_nrfx_twim_transfer
                0x000000000001cd64       0xb8 zephyr/drivers/i2c/libdrivers__i2c.a(i2c_nrfx_twim.c.obj)
 .text.event_handler
                0x000000000001ce1c       0x38 zephyr/drivers/i2c/libdrivers__i2c.a(i2c_nrfx_twim.c.obj)
 .text.gpio_pin_set
                0x000000000001ce54       0x90 zephyr/drivers/spi/libdrivers__spi.a(spi_nrfx_spim.c.obj)
 .text.spi_3_init
                0x000000000001cee4       0x3c zephyr/drivers/spi/libdrivers__spi.a(spi_nrfx_spim.c.obj)
 .text.transfer_next_chunk
                0x000000000001cf20       0x88 zephyr/drivers/spi/libdrivers__spi.a(spi_nrfx_spim.c.obj)
 .text.spi_nrfx_transceive
                0x000000000001cfa8      0x20c zephyr/drivers/spi/libdrivers__spi.a(spi_nrfx_spim.c.obj)
 .text.entropy_cc310_rng_get_entropy
                0x000000000001d1b4       0x5c zephyr/drivers/entropy/libdrivers__entropy.a(entropy_cc310.c.obj)
 .text._bsdlib_init
                0x000000000001d210       0x30 modules/nrf/lib/bsdlib/lib..__nrf__lib__bsdlib.a(bsdlib.c.obj)
 .text.thread_monitor_entry_get
                0x000000000001d240       0x40 modules/nrf/lib/bsdlib/lib..__nrf__lib__bsdlib.a(bsd_os.c.obj)
 .text.rpc_proxy_irq_handler
                0x000000000001d280       0x48 modules/nrf/lib/bsdlib/lib..__nrf__lib__bsdlib.a(bsd_os.c.obj)
                0x000000000001d280                rpc_proxy_irq_handler
 .text.bsd_os_timedwait
                0x000000000001d2c8      0x154 modules/nrf/lib/bsdlib/lib..__nrf__lib__bsdlib.a(bsd_os.c.obj)
                0x000000000001d2c8                bsd_os_timedwait
 .text.bsd_os_errno_set
                0x000000000001d41c      0x1c8 modules/nrf/lib/bsdlib/lib..__nrf__lib__bsdlib.a(bsd_os.c.obj)
                0x000000000001d41c                bsd_os_errno_set
 .text.bsd_os_application_irq_set
                0x000000000001d5e4       0x10 modules/nrf/lib/bsdlib/lib..__nrf__lib__bsdlib.a(bsd_os.c.obj)
                0x000000000001d5e4                bsd_os_application_irq_set
 .text.bsd_os_application_irq_clear
                0x000000000001d5f4       0x10 modules/nrf/lib/bsdlib/lib..__nrf__lib__bsdlib.a(bsd_os.c.obj)
                0x000000000001d5f4                bsd_os_application_irq_clear
 .text.bsd_os_trace_irq_set
                0x000000000001d604       0x10 modules/nrf/lib/bsdlib/lib..__nrf__lib__bsdlib.a(bsd_os.c.obj)
                0x000000000001d604                bsd_os_trace_irq_set
 .text.bsd_os_trace_irq_clear
                0x000000000001d614       0x10 modules/nrf/lib/bsdlib/lib..__nrf__lib__bsdlib.a(bsd_os.c.obj)
                0x000000000001d614                bsd_os_trace_irq_clear
 .text.bsd_os_init
                0x000000000001d624       0x2c modules/nrf/lib/bsdlib/lib..__nrf__lib__bsdlib.a(bsd_os.c.obj)
                0x000000000001d624                bsd_os_init
 .text.z_to_nrf_optname
                0x000000000001d650       0xf0 modules/nrf/lib/bsdlib/lib..__nrf__lib__bsdlib.a(nrf91_sockets.c.obj)
 .text.nrf91_socket_offload_ioctl
                0x000000000001d740      0x148 modules/nrf/lib/bsdlib/lib..__nrf__lib__bsdlib.a(nrf91_sockets.c.obj)
 .text.nrf91_socket_iface_init
                0x000000000001d888       0x18 modules/nrf/lib/bsdlib/lib..__nrf__lib__bsdlib.a(nrf91_sockets.c.obj)
 .text.nrf91_socket_offload_accept
                0x000000000001d8a0       0x9c modules/nrf/lib/bsdlib/lib..__nrf__lib__bsdlib.a(nrf91_sockets.c.obj)
 .text.nrf91_socket_offload_sendmsg
                0x000000000001d93c       0xd4 modules/nrf/lib/bsdlib/lib..__nrf__lib__bsdlib.a(nrf91_sockets.c.obj)
 .text.nrf91_socket_create
                0x000000000001da10       0x74 modules/nrf/lib/bsdlib/lib..__nrf__lib__bsdlib.a(nrf91_sockets.c.obj)
 .text.callback_worker
                0x000000000001da84       0x20 modules/nrf/lib/at_cmd/lib..__nrf__lib__at_cmd.a(at_cmd.c.obj)
 .text.open_socket
                0x000000000001daa4       0x28 modules/nrf/lib/at_cmd/lib..__nrf__lib__at_cmd.a(at_cmd.c.obj)
 .text.at_write
                0x000000000001dacc       0x58 modules/nrf/lib/at_cmd/lib..__nrf__lib__at_cmd.a(at_cmd.c.obj)
 .text.at_cmd_driver_init
                0x000000000001db24       0x4c modules/nrf/lib/at_cmd/lib..__nrf__lib__at_cmd.a(at_cmd.c.obj)
 .text.socket_thread_fn
                0x000000000001db70      0x1d8 modules/nrf/lib/at_cmd/lib..__nrf__lib__at_cmd.a(at_cmd.c.obj)
 .text.at_cmd_write
                0x000000000001dd48       0x44 modules/nrf/lib/at_cmd/lib..__nrf__lib__at_cmd.a(at_cmd.c.obj)
                0x000000000001dd48                at_cmd_write
 .text.at_cmd_set_notification_handler
                0x000000000001dd8c       0x28 modules/nrf/lib/at_cmd/lib..__nrf__lib__at_cmd.a(at_cmd.c.obj)
                0x000000000001dd8c                at_cmd_set_notification_handler
 .text.find_node
                0x000000000001ddb4       0x34 modules/nrf/lib/at_notif/lib..__nrf__lib__at_notif.a(at_notif.c.obj)
 .text.module_init
                0x000000000001dde8       0x28 modules/nrf/lib/at_notif/lib..__nrf__lib__at_notif.a(at_notif.c.obj)
 .text.k_mutex_unlock.constprop.7
                0x000000000001de10        0xc modules/nrf/lib/at_notif/lib..__nrf__lib__at_notif.a(at_notif.c.obj)
 .text.notif_dispatch
                0x000000000001de1c       0x38 modules/nrf/lib/at_notif/lib..__nrf__lib__at_notif.a(at_notif.c.obj)
 .text.at_notif_register_handler
                0x000000000001de54       0x6c modules/nrf/lib/at_notif/lib..__nrf__lib__at_notif.a(at_notif.c.obj)
                0x000000000001de54                at_notif_register_handler
 .text.is_valid_notification_char
                0x000000000001dec0       0x20 modules/nrf/lib/at_cmd_parser/lib..__nrf__lib__at_cmd_parser.a(at_cmd_parser.c.obj)
 .text.at_parse_process_element
                0x000000000001dee0      0x1bc modules/nrf/lib/at_cmd_parser/lib..__nrf__lib__at_cmd_parser.a(at_cmd_parser.c.obj)
 .text.is_command
                0x000000000001e09c       0x60 modules/nrf/lib/at_cmd_parser/lib..__nrf__lib__at_cmd_parser.a(at_cmd_parser.c.obj)
 .text.at_parse_detect_type
                0x000000000001e0fc       0xc0 modules/nrf/lib/at_cmd_parser/lib..__nrf__lib__at_cmd_parser.a(at_cmd_parser.c.obj)
 .text.at_parser_max_params_from_str
                0x000000000001e1bc      0x120 modules/nrf/lib/at_cmd_parser/lib..__nrf__lib__at_cmd_parser.a(at_cmd_parser.c.obj)
                0x000000000001e1bc                at_parser_max_params_from_str
 .text.at_params_get
                0x000000000001e2dc       0x44 modules/nrf/lib/at_cmd_parser/lib..__nrf__lib__at_cmd_parser.a(at_params.c.obj)
 .text.at_param_size
                0x000000000001e320       0x50 modules/nrf/lib/at_cmd_parser/lib..__nrf__lib__at_cmd_parser.a(at_params.c.obj)
 .text.at_param_clear
                0x000000000001e370       0x44 modules/nrf/lib/at_cmd_parser/lib..__nrf__lib__at_cmd_parser.a(at_params.c.obj)
 .text.at_params_list_clear
                0x000000000001e3b4       0x70 modules/nrf/lib/at_cmd_parser/lib..__nrf__lib__at_cmd_parser.a(at_params.c.obj)
                0x000000000001e3b4                at_params_list_clear
 .text.parse_psm_cfg
                0x000000000001e424       0xd0 modules/nrf/lib/lte_link_control/lib..__nrf__lib__lte_link_control.a(lte_lc.c.obj)
 .text.lte_lc_normal
                0x000000000001e4f4       0x1c modules/nrf/lib/lte_link_control/lib..__nrf__lib__lte_link_control.a(lte_lc.c.obj)
                0x000000000001e4f4                lte_lc_normal
 .text.lte_lc_system_mode_set
                0x000000000001e510       0x44 modules/nrf/lib/lte_link_control/lib..__nrf__lib__lte_link_control.a(lte_lc.c.obj)
                0x000000000001e510                lte_lc_system_mode_set
 .text.w_lte_lc_init
                0x000000000001e554       0x9c modules/nrf/lib/lte_link_control/lib..__nrf__lib__lte_link_control.a(lte_lc.c.obj)
 .text.w_lte_lc_connect
                0x000000000001e5f0       0x4c modules/nrf/lib/lte_link_control/lib..__nrf__lib__lte_link_control.a(lte_lc.c.obj)
 .text.lte_lc_system_mode_get
                0x000000000001e63c       0xf4 modules/nrf/lib/lte_link_control/lib..__nrf__lib__lte_link_control.a(lte_lc.c.obj)
                0x000000000001e63c                lte_lc_system_mode_get
 .text.modem_info_parse.isra.0
                0x000000000001e730       0x30 modules/nrf/lib/modem_info/lib..__nrf__lib__modem_info.a(modem_info.c.obj)
 .text.modem_info_short_get
                0x000000000001e760       0x64 modules/nrf/lib/modem_info/lib..__nrf__lib__modem_info.a(modem_info.c.obj)
                0x000000000001e760                modem_info_short_get
 .text.modem_info_string_get
                0x000000000001e7c4      0x1d4 modules/nrf/lib/modem_info/lib..__nrf__lib__modem_info.a(modem_info.c.obj)
                0x000000000001e7c4                modem_info_string_get
 .text.modem_info_init
                0x000000000001e998        0xc modules/nrf/lib/modem_info/lib..__nrf__lib__modem_info.a(modem_info.c.obj)
                0x000000000001e998                modem_info_init
 .text.write_at_cmd_with_cme_enabled
                0x000000000001e9a4       0x70 modules/nrf/lib/modem_key_mgmt/lib..__nrf__lib__modem_key_mgmt.a(modem_key_mgmt.c.obj)
 .text.translate_error
                0x000000000001ea14       0x6c modules/nrf/lib/modem_key_mgmt/lib..__nrf__lib__modem_key_mgmt.a(modem_key_mgmt.c.obj)
 .text.modem_key_mgmt_write
                0x000000000001ea80       0x70 modules/nrf/lib/modem_key_mgmt/lib..__nrf__lib__modem_key_mgmt.a(modem_key_mgmt.c.obj)
                0x000000000001ea80                modem_key_mgmt_write
 .text.modem_key_mgmt_delete
                0x000000000001eaf0       0x3c modules/nrf/lib/modem_key_mgmt/lib..__nrf__lib__modem_key_mgmt.a(modem_key_mgmt.c.obj)
                0x000000000001eaf0                modem_key_mgmt_delete
 .text.new_date_time_get
                0x000000000001eb2c      0x190 modules/nrf/lib/date_time/lib..__nrf__lib__date_time.a(date_time.c.obj)
 .text.date_time_init
                0x000000000001ecbc       0x2c modules/nrf/lib/date_time/lib..__nrf__lib__date_time.a(date_time.c.obj)
 .text.date_time_handler
                0x000000000001ece8       0x28 modules/nrf/lib/date_time/lib..__nrf__lib__date_time.a(date_time.c.obj)
 .text.date_time_uptime_to_unix_time_ms
                0x000000000001ed10       0x48 modules/nrf/lib/date_time/lib..__nrf__lib__date_time.a(date_time.c.obj)
                0x000000000001ed10                date_time_uptime_to_unix_time_ms
 .text.check_ext_api_requests
                0x000000000001ed58       0x9c modules/nrf/subsys/fw_info/lib..__nrf__subsys__fw_info.a(fw_info.c.obj)
 .text.packet_free_cb
                0x000000000001edf4       0x18 /Users/tadmcallister/Nordic/safecility_thingy/ncs/nrfxlib/bsdlib/lib/cortex-m33/hard-float/libbsd_nrf9160_xxaa.a(logobj_interface.c.o)
 .text.logobj_event_handler
                0x000000000001ee0c       0xfc /Users/tadmcallister/Nordic/safecility_thingy/ncs/nrfxlib/bsdlib/lib/cortex-m33/hard-float/libbsd_nrf9160_xxaa.a(logobj_interface.c.o)
                0x000000000001ee0c                logobj_event_handler
 .text.logobj_interface_init
                0x000000000001ef08       0x3c /Users/tadmcallister/Nordic/safecility_thingy/ncs/nrfxlib/bsdlib/lib/cortex-m33/hard-float/libbsd_nrf9160_xxaa.a(logobj_interface.c.o)
                0x000000000001ef08                logobj_interface_init
 .text.logobj_interface_open
                0x000000000001ef44      0x188 /Users/tadmcallister/Nordic/safecility_thingy/ncs/nrfxlib/bsdlib/lib/cortex-m33/hard-float/libbsd_nrf9160_xxaa.a(logobj_interface.c.o)
                0x000000000001ef44                logobj_interface_open
 .text.logobj_interface_read
                0x000000000001f0cc       0xfc /Users/tadmcallister/Nordic/safecility_thingy/ncs/nrfxlib/bsdlib/lib/cortex-m33/hard-float/libbsd_nrf9160_xxaa.a(logobj_interface.c.o)
                0x000000000001f0cc                logobj_interface_read
 .text.logobj_interface_write
                0x000000000001f1c8      0x114 /Users/tadmcallister/Nordic/safecility_thingy/ncs/nrfxlib/bsdlib/lib/cortex-m33/hard-float/libbsd_nrf9160_xxaa.a(logobj_interface.c.o)
                0x000000000001f1c8                logobj_interface_write
 .text.logobj_interface_setopt
                0x000000000001f2dc      0x1c0 /Users/tadmcallister/Nordic/safecility_thingy/ncs/nrfxlib/bsdlib/lib/cortex-m33/hard-float/libbsd_nrf9160_xxaa.a(logobj_interface.c.o)
                0x000000000001f2dc                logobj_interface_setopt
 .text.logobj_interface_getopt
                0x000000000001f49c       0xa4 /Users/tadmcallister/Nordic/safecility_thingy/ncs/nrfxlib/bsdlib/lib/cortex-m33/hard-float/libbsd_nrf9160_xxaa.a(logobj_interface.c.o)
                0x000000000001f49c                logobj_interface_getopt
 .text.logobj_interface_close
                0x000000000001f540       0x2c /Users/tadmcallister/Nordic/safecility_thingy/ncs/nrfxlib/bsdlib/lib/cortex-m33/hard-float/libbsd_nrf9160_xxaa.a(logobj_interface.c.o)
                0x000000000001f540                logobj_interface_close
 .text.rpc_transport_send
                0x000000000001f56c        0x4 /Users/tadmcallister/Nordic/safecility_thingy/ncs/nrfxlib/bsdlib/lib/cortex-m33/hard-float/libbsd_nrf9160_xxaa.a(rpc_transport.c.o)
                0x000000000001f56c                rpc_transport_send
 .text.rpc_transport_rpc_alloc
                0x000000000001f570        0x4 /Users/tadmcallister/Nordic/safecility_thingy/ncs/nrfxlib/bsdlib/lib/cortex-m33/hard-float/libbsd_nrf9160_xxaa.a(rpc_transport.c.o)
                0x000000000001f570                rpc_transport_rpc_alloc
 .text.rpc_transport_data_alloc
                0x000000000001f574        0x4 /Users/tadmcallister/Nordic/safecility_thingy/ncs/nrfxlib/bsdlib/lib/cortex-m33/hard-float/libbsd_nrf9160_xxaa.a(rpc_transport.c.o)
                0x000000000001f574                rpc_transport_data_alloc
 .text.rpc_transport_rpc_free
                0x000000000001f578        0x4 /Users/tadmcallister/Nordic/safecility_thingy/ncs/nrfxlib/bsdlib/lib/cortex-m33/hard-float/libbsd_nrf9160_xxaa.a(rpc_transport.c.o)
                0x000000000001f578                rpc_transport_rpc_free
 .text.rpc_transport_data_free
                0x000000000001f57c        0x4 /Users/tadmcallister/Nordic/safecility_thingy/ncs/nrfxlib/bsdlib/lib/cortex-m33/hard-float/libbsd_nrf9160_xxaa.a(rpc_transport.c.o)
                0x000000000001f57c                rpc_transport_data_free
 .text.ipc_trace_init
                0x000000000001f580        0xc /Users/tadmcallister/Nordic/safecility_thingy/ncs/nrfxlib/bsdlib/lib/cortex-m33/hard-float/libbsd_nrf9160_xxaa.a(ipc_trace.c.o)
                0x000000000001f580                ipc_trace_init
 .text.bsd_os_trace_irq_handler
                0x000000000001f58c      0x1cc /Users/tadmcallister/Nordic/safecility_thingy/ncs/nrfxlib/bsdlib/lib/cortex-m33/hard-float/libbsd_nrf9160_xxaa.a(ipc_trace.c.o)
                0x000000000001f58c                bsd_os_trace_irq_handler
 .text.ipc_trace_handle
                0x000000000001f758      0x2e4 /Users/tadmcallister/Nordic/safecility_thingy/ncs/nrfxlib/bsdlib/lib/cortex-m33/hard-float/libbsd_nrf9160_xxaa.a(ipc_trace.c.o)
                0x000000000001f758                ipc_trace_handle
 .text.rpc_trace_coredump_in_progress
                0x000000000001fa3c        0xc /Users/tadmcallister/Nordic/safecility_thingy/ncs/nrfxlib/bsdlib/lib/cortex-m33/hard-float/libbsd_nrf9160_xxaa.a(ipc_trace.c.o)
                0x000000000001fa3c                rpc_trace_coredump_in_progress
 .text.rpc_transport_ipc_data_free
                0x000000000001fa48       0x44 /Users/tadmcallister/Nordic/safecility_thingy/ncs/nrfxlib/bsdlib/lib/cortex-m33/hard-float/libbsd_nrf9160_xxaa.a(rpc_transport_ipc.c.o)
                0x000000000001fa48                rpc_transport_ipc_data_free
 .text.rpc_transport_ipc_init
                0x000000000001fa8c       0x68 /Users/tadmcallister/Nordic/safecility_thingy/ncs/nrfxlib/bsdlib/lib/cortex-m33/hard-float/libbsd_nrf9160_xxaa.a(rpc_transport_ipc.c.o)
                0x000000000001fa8c                rpc_transport_ipc_init
 .text.bsd_os_application_irq_handler
                0x000000000001faf4       0xec /Users/tadmcallister/Nordic/safecility_thingy/ncs/nrfxlib/bsdlib/lib/cortex-m33/hard-float/libbsd_nrf9160_xxaa.a(rpc_transport_ipc_rx.c.o)
                0x000000000001faf4                bsd_os_application_irq_handler
 .text.IPC_IRQHandler
                0x000000000001fbe0      0x2b0 /Users/tadmcallister/Nordic/safecility_thingy/ncs/nrfxlib/bsdlib/lib/cortex-m33/hard-float/libbsd_nrf9160_xxaa.a(rpc_transport_ipc_rx.c.o)
                0x000000000001fbe0                IPC_IRQHandler
 .text.rpc_transport_ipc_rx_init
                0x000000000001fe90      0x244 /Users/tadmcallister/Nordic/safecility_thingy/ncs/nrfxlib/bsdlib/lib/cortex-m33/hard-float/libbsd_nrf9160_xxaa.a(rpc_transport_ipc_rx.c.o)
                0x000000000001fe90                rpc_transport_ipc_rx_init
 .text.rpc_transport_ipc_msg_free
                0x00000000000200d4       0x64 /Users/tadmcallister/Nordic/safecility_thingy/ncs/nrfxlib/bsdlib/lib/cortex-m33/hard-float/libbsd_nrf9160_xxaa.a(rpc_transport_ipc_rx.c.o)
                0x00000000000200d4                rpc_transport_ipc_msg_free
 .text.rpc_transport_ipc_tx_init
                0x0000000000020138      0x1d4 /Users/tadmcallister/Nordic/safecility_thingy/ncs/nrfxlib/bsdlib/lib/cortex-m33/hard-float/libbsd_nrf9160_xxaa.a(rpc_transport_ipc_tx.c.o)
                0x0000000000020138                rpc_transport_ipc_tx_init
 .text.rpc_transport_ipc_send
                0x000000000002030c      0x104 /Users/tadmcallister/Nordic/safecility_thingy/ncs/nrfxlib/bsdlib/lib/cortex-m33/hard-float/libbsd_nrf9160_xxaa.a(rpc_transport_ipc_tx.c.o)
                0x000000000002030c                rpc_transport_ipc_send
 .text.rpc_transport_ipc_tx_rpc_data_alloc
                0x0000000000020410       0x70 /Users/tadmcallister/Nordic/safecility_thingy/ncs/nrfxlib/bsdlib/lib/cortex-m33/hard-float/libbsd_nrf9160_xxaa.a(rpc_transport_ipc_tx.c.o)
                0x0000000000020410                rpc_transport_ipc_tx_rpc_data_alloc
 .text.rpc_transport_ipc_tx_rpc_ctrl_alloc
                0x0000000000020480       0x60 /Users/tadmcallister/Nordic/safecility_thingy/ncs/nrfxlib/bsdlib/lib/cortex-m33/hard-float/libbsd_nrf9160_xxaa.a(rpc_transport_ipc_tx.c.o)
                0x0000000000020480                rpc_transport_ipc_tx_rpc_ctrl_alloc
 .text.rpc_transport_ipc_tx_data_alloc
                0x00000000000204e0       0x14 /Users/tadmcallister/Nordic/safecility_thingy/ncs/nrfxlib/bsdlib/lib/cortex-m33/hard-float/libbsd_nrf9160_xxaa.a(rpc_transport_ipc_tx.c.o)
                0x00000000000204e0                rpc_transport_ipc_tx_data_alloc
 .text.rpc_transport_ipc_tx_suspend
                0x00000000000204f4        0xc /Users/tadmcallister/Nordic/safecility_thingy/ncs/nrfxlib/bsdlib/lib/cortex-m33/hard-float/libbsd_nrf9160_xxaa.a(rpc_transport_ipc_tx.c.o)
                0x00000000000204f4                rpc_transport_ipc_tx_suspend
 .text.secure_client_socket