Archive member included to satisfy reference by file (symbol)

app/libapp.a(main.c.obj)      (--whole-archive)
zephyr/libzephyr.a(crc32_sw.c.obj)
                              (--whole-archive)
zephyr/libzephyr.a(crc16_sw.c.obj)
                              (--whole-archive)
zephyr/libzephyr.a(crc8_sw.c.obj)
                              (--whole-archive)
zephyr/libzephyr.a(crc7_sw.c.obj)
                              (--whole-archive)
zephyr/libzephyr.a(dec.c.obj)
                              (--whole-archive)
zephyr/libzephyr.a(fdtable.c.obj)
                              (--whole-archive)
zephyr/libzephyr.a(hex.c.obj)
                              (--whole-archive)
zephyr/libzephyr.a(mempool.c.obj)
                              (--whole-archive)
zephyr/libzephyr.a(notify.c.obj)
                              (--whole-archive)
zephyr/libzephyr.a(printk.c.obj)
                              (--whole-archive)
zephyr/libzephyr.a(onoff.c.obj)
                              (--whole-archive)
zephyr/libzephyr.a(rb.c.obj)  (--whole-archive)
zephyr/libzephyr.a(sem.c.obj)
                              (--whole-archive)
zephyr/libzephyr.a(thread_entry.c.obj)
                              (--whole-archive)
zephyr/libzephyr.a(timeutil.c.obj)
                              (--whole-archive)
zephyr/libzephyr.a(work_q.c.obj)
                              (--whole-archive)
zephyr/libzephyr.a(heap.c.obj)
                              (--whole-archive)
zephyr/libzephyr.a(heap-validate.c.obj)
                              (--whole-archive)
zephyr/libzephyr.a(configs.c.obj)
                              (--whole-archive)
zephyr/libzephyr.a(soc.c.obj)
                              (--whole-archive)
zephyr/libzephyr.a(power.c.obj)
                              (--whole-archive)
zephyr/libzephyr.a(validate_base_addresses.c.obj)
                              (--whole-archive)
zephyr/libzephyr.a(validate_enabled_instances.c.obj)
                              (--whole-archive)
zephyr/libzephyr.a(power.c.obj)
                              (--whole-archive)
zephyr/libzephyr.a(reboot.c.obj)
                              (--whole-archive)
zephyr/libzephyr.a(policy_residency.c.obj)
                              (--whole-archive)
zephyr/libzephyr.a(uart_console.c.obj)
                              (--whole-archive)
zephyr/libzephyr.a(nrf_power_clock.c.obj)
                              (--whole-archive)
zephyr/libzephyr.a(sys_clock_init.c.obj)
                              (--whole-archive)
zephyr/libzephyr.a(nrf_rtc_timer.c.obj)
                              (--whole-archive)
zephyr/libzephyr.a(adp536x.c.obj)
                              (--whole-archive)
zephyr/libzephyr.a(spm.c.obj)
                              (--whole-archive)
zephyr/libzephyr.a(secure_services.c.obj)
                              (--whole-archive)
zephyr/libzephyr.a(nrf_cc310_platform_abort_zephyr.c.obj)
                              (--whole-archive)
zephyr/libzephyr.a(nrf_cc310_platform_mutex_zephyr.c.obj)
                              (--whole-archive)
zephyr/arch/common/libarch__common.a(isr_tables.c.obj)
                              (--whole-archive)
zephyr/arch/common/libarch__common.a(sw_isr_common.c.obj)
                              (--whole-archive)
zephyr/arch/arch/arm/core/aarch32/libarch__arm__core__aarch32.a(swap.c.obj)
                              (--whole-archive)
zephyr/arch/arch/arm/core/aarch32/libarch__arm__core__aarch32.a(swap_helper.S.obj)
                              (--whole-archive)
zephyr/arch/arch/arm/core/aarch32/libarch__arm__core__aarch32.a(irq_manage.c.obj)
                              (--whole-archive)
zephyr/arch/arch/arm/core/aarch32/libarch__arm__core__aarch32.a(thread.c.obj)
                              (--whole-archive)
zephyr/arch/arch/arm/core/aarch32/libarch__arm__core__aarch32.a(cpu_idle.S.obj)
                              (--whole-archive)
zephyr/arch/arch/arm/core/aarch32/libarch__arm__core__aarch32.a(fatal.c.obj)
                              (--whole-archive)
zephyr/arch/arch/arm/core/aarch32/libarch__arm__core__aarch32.a(nmi.c.obj)
                              (--whole-archive)
zephyr/arch/arch/arm/core/aarch32/libarch__arm__core__aarch32.a(nmi_on_reset.S.obj)
                              (--whole-archive)
zephyr/arch/arch/arm/core/aarch32/libarch__arm__core__aarch32.a(prep_c.c.obj)
                              (--whole-archive)
zephyr/arch/arch/arm/core/aarch32/libarch__arm__core__aarch32.a(isr_wrapper.S.obj)
                              (--whole-archive)
zephyr/arch/arch/arm/core/aarch32/cortex_m/libarch__arm__core__aarch32__cortex_m.a(vector_table.S.obj)
                              (--whole-archive)
zephyr/arch/arch/arm/core/aarch32/cortex_m/libarch__arm__core__aarch32__cortex_m.a(reset.S.obj)
                              (--whole-archive)
zephyr/arch/arch/arm/core/aarch32/cortex_m/libarch__arm__core__aarch32__cortex_m.a(fault_s.S.obj)
                              (--whole-archive)
[...]
Memory Configuration

Name             Origin             Length             Attributes
FLASH            0x0000000000000000 0x000000000000c000 xr
SRAM             0x0000000020000000 0x0000000000010000 xw
IDT_LIST         0x0000000020010000 0x0000000000000800 xw
*default*        0x0000000000000000 0xffffffffffffffff

Linker script and memory map

LOAD zephyr/CMakeFiles/zephyr_prebuilt.dir/misc/empty_file.c.obj
                0x0000000000000020                _region_min_align = 0x20

.rel.plt        0x0000000000000000        0x0
 *(SORT_BY_ALIGNMENT(.rel.plt))
                [!provide]                        PROVIDE (__rel_iplt_start = .)
 *(SORT_BY_ALIGNMENT(.rel.iplt))
 .rel.iplt      0x0000000000000000        0x0 app/libapp.a(main.c.obj)
                [!provide]                        PROVIDE (__rel_iplt_end = .)

.rela.plt       0x0000000000000000        0x0
 *(SORT_BY_ALIGNMENT(.rela.plt))
                [!provide]                        PROVIDE (__rela_iplt_start = .)
 *(SORT_BY_ALIGNMENT(.rela.iplt))
                [!provide]                        PROVIDE (__rela_iplt_end = .)

.rel.dyn
 *(SORT_BY_ALIGNMENT(.rel.*))

.rela.dyn
 *(SORT_BY_ALIGNMENT(.rela.*))

/DISCARD/
 *(SORT_BY_ALIGNMENT(.plt))
 *(SORT_BY_ALIGNMENT(.iplt))
 *(SORT_BY_ALIGNMENT(.got.plt))
 *(SORT_BY_ALIGNMENT(.igot.plt))
 *(SORT_BY_ALIGNMENT(.got))
 *(SORT_BY_ALIGNMENT(.igot))
 *(SORT_BY_ALIGNMENT(.note.GNU-stack))
                0x0000000000000000                _image_rom_start = 0x0

rom_start       0x0000000000000000      0x23c
                0x0000000000000000                . = 0x0
                0x0000000000000000                . = ALIGN (0x4)
                0x0000000000000000                _vector_start = .
 *(SORT_BY_ALIGNMENT(.exc_vector_table))
 *(SORT_BY_ALIGNMENT(.exc_vector_table.*))
 .exc_vector_table._vector_table_section
                0x0000000000000000       0x40 zephyr/arch/arch/arm/core/aarch32/cortex_m/libarch__arm__core__aarch32__cortex_m.a(vector_table.S.obj)
                0x0000000000000000                _vector_table
 *(SORT_BY_ALIGNMENT(.gnu.linkonce.irq_vector_table))
 .gnu.linkonce.irq_vector_table
                0x0000000000000040      0x104 zephyr/arch/common/libarch__common.a(isr_tables.c.obj)
                0x0000000000000040                _irq_vector_table
 *(SORT_BY_ALIGNMENT(.vectors))
                0x0000000000000144                _vector_end = .
 *(SORT_BY_ALIGNMENT(.openocd_dbg))
 *(SORT_BY_ALIGNMENT(.openocd_dbg.*))
                0x0000000000000200                . = 0x200
 *fill*         0x0000000000000144       0xbc 
                0x0000000000000200                _fw_info_start = .
 *(SORT_BY_NAME(SORT_BY_ALIGNMENT(.firmware_info*)))
 .firmware_info
                0x0000000000000200       0x3c modules/nrf/subsys/fw_info/lib..__nrf__subsys__fw_info.a(fw_info.c.obj)
                0x0000000000000200                m_firmware_info
                0x000000000000003c                _fw_info_size = ABSOLUTE ((. - _fw_info_start))

text            0x000000000000023c     0x4be6
                0x000000000000023c                _image_text_start = .
 *(SORT_BY_ALIGNMENT(.text))
 .text          0x000000000000023c       0x30 /Users/tadmcallister/opt/gnuarmemb/gcc-arm-none-eabi-8-2019-q3-update/bin/../lib/gcc/arm-none-eabi/8.3.1/thumb/v8-m.main+fp/hard/libgcc.a(_aeabi_uldivmod.o)
                0x000000000000023c                __aeabi_uldivmod
 .text          0x000000000000026c      0x2c8 /Users/tadmcallister/opt/gnuarmemb/gcc-arm-none-eabi-8-2019-q3-update/bin/../lib/gcc/arm-none-eabi/8.3.1/thumb/v8-m.main+fp/hard/libgcc.a(_udivmoddi4.o)
                0x000000000000026c                __udivmoddi4
 .text          0x0000000000000534        0x4 /Users/tadmcallister/opt/gnuarmemb/gcc-arm-none-eabi-8-2019-q3-update/bin/../lib/gcc/arm-none-eabi/8.3.1/thumb/v8-m.main+fp/hard/libgcc.a(_dvmd_tls.o)
                0x0000000000000534                __aeabi_ldiv0
                0x0000000000000534                __aeabi_idiv0
 .text          0x0000000000000538       0x5c /Users/tadmcallister/opt/gnuarmemb/gcc-arm-none-eabi-8-2019-q3-update/bin/../lib/gcc/arm-none-eabi/8.3.1/thumb/v8-m.main+fp/hard/libgcc.a(cmse_nonsecure_call.o)
                0x0000000000000538                __gnu_cmse_nonsecure_call
 *(SORT_BY_ALIGNMENT(.text.*))
 .text.char_out
                0x0000000000000594       0x10 zephyr/libzephyr.a(printk.c.obj)
 .text._printk_dec_ulong
                0x00000000000005a4       0x98 zephyr/libzephyr.a(printk.c.obj)
 .text.__printk_hook_install
                0x000000000000063c        0xc zephyr/libzephyr.a(printk.c.obj)
                0x000000000000063c                __printk_hook_install
 .text.vprintk  0x0000000000000648       0x1c zephyr/libzephyr.a(printk.c.obj)
                0x0000000000000648                vprintk
 .text.nordicsemi_nrf91_init
                0x0000000000000664       0x28 zephyr/libzephyr.a(soc.c.obj)
 .text.arch_busy_wait
                0x000000000000068c       0x14 zephyr/libzephyr.a(soc.c.obj)
                0x000000000000068c                arch_busy_wait
 .text.sys_reboot
                0x00000000000006a0       0x30 zephyr/libzephyr.a(reboot.c.obj)
                0x00000000000006a0                sys_reboot
 .text.uart_console_init
                0x00000000000006d0       0x2c zephyr/libzephyr.a(uart_console.c.obj)
 .text.console_out
                0x00000000000006fc       0x28 zephyr/libzephyr.a(uart_console.c.obj)
 .text.clkstarted_handle.constprop.9
                0x0000000000000724       0x50 zephyr/libzephyr.a(nrf_power_clock.c.obj)
 .text.nrf_power_clock_isr
                0x0000000000000774       0x54 zephyr/libzephyr.a(nrf_power_clock.c.obj)
                0x0000000000000774                nrf_power_clock_isr
 .text.handle_next_tick_case
                0x00000000000007c8       0x28 zephyr/libzephyr.a(nrf_rtc_timer.c.obj)
 .text.rtc1_nrf_isr
                0x00000000000007f0       0x24 zephyr/libzephyr.a(nrf_rtc_timer.c.obj)
                0x00000000000007f0                rtc1_nrf_isr
 .text.z_clock_driver_init
                0x0000000000000814       0x68 zephyr/libzephyr.a(nrf_rtc_timer.c.obj)
                0x0000000000000814                z_clock_driver_init
 .text.z_clock_set_timeout
                0x000000000000087c       0xc8 zephyr/libzephyr.a(nrf_rtc_timer.c.obj)
                0x000000000000087c                z_clock_set_timeout
 .text.z_clock_elapsed
                0x0000000000000944       0x34 zephyr/libzephyr.a(nrf_rtc_timer.c.obj)
                0x0000000000000944                z_clock_elapsed
 .text.adp536x_reg_read
                0x0000000000000978       0x3c zephyr/libzephyr.a(adp536x.c.obj)
 .text.adp536x_reg_write_mask
                0x00000000000009b4       0x50 zephyr/libzephyr.a(adp536x.c.obj)
 .text.adp536x_init
                0x0000000000000a04       0x14 zephyr/libzephyr.a(adp536x.c.obj)
                0x0000000000000a04                adp536x_init
 .text.config_regions
                0x0000000000000a18       0xb0 zephyr/libzephyr.a(spm.c.obj)
 .text.spm_config_peripheral.constprop.1
                0x0000000000000ac8       0x5c zephyr/libzephyr.a(spm.c.obj)
 .text.spm_jump
                0x0000000000000b24       0xd4 zephyr/libzephyr.a(spm.c.obj)
                0x0000000000000b24                spm_jump
 .text.spm_config
                0x0000000000000bf8      0x130 zephyr/libzephyr.a(spm.c.obj)
                0x0000000000000bf8                spm_config
 .text.spm_request_read
                0x0000000000000d28       0xb0 zephyr/libzephyr.a(secure_services.c.obj)
                0x0000000000000d28                __acle_se_spm_request_read
 .text.spm_firmware_info
                0x0000000000000dd8       0xcc zephyr/libzephyr.a(secure_services.c.obj)
                0x0000000000000dd8                __acle_se_spm_firmware_info
 .text.nrf_cc310_platform_abort_init
                0x0000000000000ea4        0xc zephyr/libzephyr.a(nrf_cc310_platform_abort_zephyr.c.obj)
                0x0000000000000ea4                nrf_cc310_platform_abort_init
 .text.mutex_unlock
                0x0000000000000eb0       0x20 zephyr/libzephyr.a(nrf_cc310_platform_mutex_zephyr.c.obj)
 .text.mutex_free
                0x0000000000000ed0       0x40 zephyr/libzephyr.a(nrf_cc310_platform_mutex_zephyr.c.obj)
 .text.mutex_init
                0x0000000000000f10       0x68 zephyr/libzephyr.a(nrf_cc310_platform_mutex_zephyr.c.obj)
 .text.mutex_lock
                0x0000000000000f78       0x34 zephyr/libzephyr.a(nrf_cc310_platform_mutex_zephyr.c.obj)
 .text.nrf_cc310_platform_mutex_init
                0x0000000000000fac       0x2c zephyr/libzephyr.a(nrf_cc310_platform_mutex_zephyr.c.obj)
                0x0000000000000fac                nrf_cc310_platform_mutex_init
 .text.arch_swap
                0x0000000000000fd8       0x34 zephyr/arch/arch/arm/core/aarch32/libarch__arm__core__aarch32.a(swap.c.obj)
                0x0000000000000fd8                arch_swap
 .text.z_arm_pendsv
                0x000000000000100c       0x48 zephyr/arch/arch/arm/core/aarch32/libarch__arm__core__aarch32.a(swap_helper.S.obj)
                0x000000000000100c                z_arm_pendsv
 .text.z_arm_svc
                0x0000000000001054       0x20 zephyr/arch/arch/arm/core/aarch32/libarch__arm__core__aarch32.a(swap_helper.S.obj)
                0x0000000000001054                z_arm_svc
 .text.arch_irq_enable
                0x0000000000001074       0x20 zephyr/arch/arch/arm/core/aarch32/libarch__arm__core__aarch32.a(irq_manage.c.obj)
                0x0000000000001074                arch_irq_enable
 .text.z_arm_irq_priority_set
                0x0000000000001094       0x30 zephyr/arch/arch/arm/core/aarch32/libarch__arm__core__aarch32.a(irq_manage.c.obj)
                0x0000000000001094                z_arm_irq_priority_set
 .text.arch_new_thread
                0x00000000000010c4       0x34 zephyr/arch/arch/arm/core/aarch32/libarch__arm__core__aarch32.a(thread.c.obj)
                0x00000000000010c4                arch_new_thread
 .text.arch_switch_to_main_thread
                0x00000000000010f8       0x3c zephyr/arch/arch/arm/core/aarch32/libarch__arm__core__aarch32.a(thread.c.obj)
                0x00000000000010f8                arch_switch_to_main_thread
 .text.z_arm_cpu_idle_init
                0x0000000000001134        0xc zephyr/arch/arch/arm/core/aarch32/libarch__arm__core__aarch32.a(cpu_idle.S.obj)
                0x0000000000001134                z_arm_cpu_idle_init
 .text.arch_cpu_idle
                0x0000000000001140       0x1c zephyr/arch/arch/arm/core/aarch32/libarch__arm__core__aarch32.a(cpu_idle.S.obj)
                0x0000000000001140                arch_cpu_idle
 .text.z_SysNmiOnReset
                0x000000000000115c        0x8 zephyr/arch/arch/arm/core/aarch32/libarch__arm__core__aarch32.a(nmi_on_reset.S.obj)
                0x000000000000115c                z_SysNmiOnReset
 .text.z_arm_prep_c
                0x0000000000001164       0x6c zephyr/arch/arch/arm/core/aarch32/libarch__arm__core__aarch32.a(prep_c.c.obj)
                0x0000000000001164                z_arm_prep_c
 .text._isr_wrapper
                0x00000000000011d0       0x40 zephyr/arch/arch/arm/core/aarch32/libarch__arm__core__aarch32.a(isr_wrapper.S.obj)
                0x00000000000011d0                _isr_wrapper
 .text._reset_section
                0x0000000000001210       0x30 zephyr/arch/arch/arm/core/aarch32/cortex_m/libarch__arm__core__aarch32__cortex_m.a(reset.S.obj)
                0x0000000000001210                z_arm_reset
                0x0000000000001210                __start
 .text.__fault  0x0000000000001240       0x14 zephyr/arch/arch/arm/core/aarch32/cortex_m/libarch__arm__core__aarch32__cortex_m.a(fault_s.S.obj)
                0x0000000000001240                z_arm_secure_fault
                0x0000000000001240                z_arm_bus_fault
                0x0000000000001240                z_arm_usage_fault
                0x0000000000001240                z_arm_mpu_fault
                0x0000000000001240                z_arm_exc_spurious
                0x0000000000001240                z_arm_debug_monitor
                0x0000000000001240                z_arm_hard_fault
 .text.mem_manage_fault.isra.2
                0x0000000000001254       0x38 zephyr/arch/arch/arm/core/aarch32/cortex_m/libarch__arm__core__aarch32__cortex_m.a(fault.c.obj)
 .text.bus_fault.isra.3
                0x000000000000128c       0x3c zephyr/arch/arch/arm/core/aarch32/cortex_m/libarch__arm__core__aarch32__cortex_m.a(fault.c.obj)
 .text.usage_fault.isra.4
                0x00000000000012c8       0x24 zephyr/arch/arch/arm/core/aarch32/cortex_m/libarch__arm__core__aarch32__cortex_m.a(fault.c.obj)
 .text.secure_fault.isra.5
                0x00000000000012ec       0x3c zephyr/arch/arch/arm/core/aarch32/cortex_m/libarch__arm__core__aarch32__cortex_m.a(fault.c.obj)
 .text.z_arm_fault
                0x0000000000001328      0x118 zephyr/arch/arch/arm/core/aarch32/cortex_m/libarch__arm__core__aarch32__cortex_m.a(fault.c.obj)
                0x0000000000001328                z_arm_fault
 .text.z_arm_fault_init
                0x0000000000001440       0x10 zephyr/arch/arch/arm/core/aarch32/cortex_m/libarch__arm__core__aarch32__cortex_m.a(fault.c.obj)
                0x0000000000001440                z_arm_fault_init
 .text._HandlerModeExit
                0x0000000000001450       0x1c zephyr/arch/arch/arm/core/aarch32/cortex_m/libarch__arm__core__aarch32__cortex_m.a(exc_exit.S.obj)
                0x0000000000001450                z_arm_exc_exit
                0x0000000000001450                z_arm_int_exit
 .text.sys_arch_reboot
                0x000000000000146c       0x24 zephyr/arch/arch/arm/core/aarch32/cortex_m/libarch__arm__core__aarch32__cortex_m.a(scb.c.obj)
                0x000000000000146c                sys_arch_reboot
 .text.z_arm_interrupt_init
                0x0000000000001490       0x18 zephyr/arch/arch/arm/core/aarch32/cortex_m/libarch__arm__core__aarch32__cortex_m.a(irq_init.c.obj)
                0x0000000000001490                z_arm_interrupt_init
 .text.z_impl_k_thread_abort
                0x00000000000014a8       0x4c zephyr/arch/arch/arm/core/aarch32/cortex_m/libarch__arm__core__aarch32__cortex_m.a(thread_abort.c.obj)
                0x00000000000014a8                z_impl_k_thread_abort
 .text.z_arm_configure_static_mpu_regions
                0x00000000000014f4       0x54 zephyr/arch/arch/arm/core/aarch32/cortex_m/mpu/libarch__arm__core__aarch32__cortex_m__mpu.a(arm_core_mpu.c.obj)
                0x00000000000014f4                z_arm_configure_static_mpu_regions
 .text.region_init
                0x0000000000001548       0x30 zephyr/arch/arch/arm/core/aarch32/cortex_m/mpu/libarch__arm__core__aarch32__cortex_m__mpu.a(arm_mpu.c.obj)
 .text.mpu_configure_regions_and_partition.constprop.1
                0x0000000000001578      0x134 zephyr/arch/arch/arm/core/aarch32/cortex_m/mpu/libarch__arm__core__aarch32__cortex_m__mpu.a(arm_mpu.c.obj)
 .text.arm_core_mpu_enable
                0x00000000000016ac       0x14 zephyr/arch/arch/arm/core/aarch32/cortex_m/mpu/libarch__arm__core__aarch32__cortex_m__mpu.a(arm_mpu.c.obj)
                0x00000000000016ac                arm_core_mpu_enable
 .text.arm_core_mpu_disable
                0x00000000000016c0       0x10 zephyr/arch/arch/arm/core/aarch32/cortex_m/mpu/libarch__arm__core__aarch32__cortex_m__mpu.a(arm_mpu.c.obj)
                0x00000000000016c0                arm_core_mpu_disable
 .text.arm_mpu_init
                0x00000000000016d0       0x4c zephyr/arch/arch/arm/core/aarch32/cortex_m/mpu/libarch__arm__core__aarch32__cortex_m__mpu.a(arm_mpu.c.obj)
 .text.arm_core_mpu_configure_static_mpu_regions
                0x000000000000171c       0x14 zephyr/arch/arch/arm/core/aarch32/cortex_m/mpu/libarch__arm__core__aarch32__cortex_m__mpu.a(arm_mpu.c.obj)
                0x000000000000171c                arm_core_mpu_configure_static_mpu_regions
 .text.arm_core_mpu_mark_areas_for_dynamic_regions
                0x0000000000001730       0xa8 zephyr/arch/arch/arm/core/aarch32/cortex_m/mpu/libarch__arm__core__aarch32__cortex_m__mpu.a(arm_mpu.c.obj)
                0x0000000000001730                arm_core_mpu_mark_areas_for_dynamic_regions
 .text.tz_nonsecure_state_setup
                0x00000000000017d8       0x38 zephyr/arch/arch/arm/core/aarch32/cortex_m/tz/libarch__arm__core__aarch32__cortex_m__tz.a(arm_core_tz.c.obj)
                0x00000000000017d8                tz_nonsecure_state_setup
 .text.tz_nbanked_exception_target_state_set
                0x0000000000001810       0x28 zephyr/arch/arch/arm/core/aarch32/cortex_m/tz/libarch__arm__core__aarch32__cortex_m__tz.a(arm_core_tz.c.obj)
                0x0000000000001810                tz_nbanked_exception_target_state_set
 .text.tz_nonsecure_exception_prio_config
                0x0000000000001838       0x28 zephyr/arch/arch/arm/core/aarch32/cortex_m/tz/libarch__arm__core__aarch32__cortex_m__tz.a(arm_core_tz.c.obj)
                0x0000000000001838                tz_nonsecure_exception_prio_config
 .text.tz_nonsecure_system_reset_req_block
                0x0000000000001860       0x28 zephyr/arch/arch/arm/core/aarch32/cortex_m/tz/libarch__arm__core__aarch32__cortex_m__tz.a(arm_core_tz.c.obj)
                0x0000000000001860                tz_nonsecure_system_reset_req_block
 .text.tz_nonsecure_fpu_access_enable
                0x0000000000001888       0x14 zephyr/arch/arch/arm/core/aarch32/cortex_m/tz/libarch__arm__core__aarch32__cortex_m__tz.a(arm_core_tz.c.obj)
                0x0000000000001888                tz_nonsecure_fpu_access_enable
 .text.tz_sau_configure
                0x000000000000189c       0x28 zephyr/arch/arch/arm/core/aarch32/cortex_m/tz/libarch__arm__core__aarch32__cortex_m__tz.a(arm_core_tz.c.obj)
                0x000000000000189c                tz_sau_configure
 .text.__stdout_hook_install
                0x00000000000018c4        0xc zephyr/lib/libc/minimal/liblib__libc__minimal.a(stdout_console.c.obj)
                0x00000000000018c4                __stdout_hook_install
 .text.thingy91_board_init
                0x00000000000018d0       0x50 zephyr/boards/boards/arm/thingy91_nrf9160/lib..__nrf__boards__arm__thingy91_nrf9160.a(board_secure.c.obj)
 .text.twim_2_init
                0x0000000000001920       0x34 zephyr/drivers/i2c/libdrivers__i2c.a(i2c_nrfx_twim.c.obj)
 .text.i2c_nrfx_twim_transfer
                0x0000000000001954       0xc0 zephyr/drivers/i2c/libdrivers__i2c.a(i2c_nrfx_twim.c.obj)
 .text.event_handler
                0x0000000000001a14       0x38 zephyr/drivers/i2c/libdrivers__i2c.a(i2c_nrfx_twim.c.obj)
 .text.uarte_nrfx_configure
                0x0000000000001a4c      0x168 zephyr/drivers/serial/libdrivers__serial.a(uart_nrfx_uarte.c.obj)
 .text.uarte_instance_init.isra.3
                0x0000000000001bb4       0x98 zephyr/drivers/serial/libdrivers__serial.a(uart_nrfx_uarte.c.obj)
 .text.uarte_0_init
                0x0000000000001c4c       0x20 zephyr/drivers/serial/libdrivers__serial.a(uart_nrfx_uarte.c.obj)
 .text.uarte_1_init
                0x0000000000001c6c       0x20 zephyr/drivers/serial/libdrivers__serial.a(uart_nrfx_uarte.c.obj)
 .text.check_ext_api_requests
                0x0000000000001c8c       0x9c modules/nrf/subsys/fw_info/lib..__nrf__subsys__fw_info.a(fw_info.c.obj)
 .text.nrf91_errata_6
                0x0000000000001d28       0x20 modules/nordic/lib..__modules__hal__nordic.a(system_nrf9160.c.obj)
 .text.nrf91_errata_14
                0x0000000000001d48       0x1c modules/nordic/lib..__modules__hal__nordic.a(system_nrf9160.c.obj)
 .text.SystemInit
                0x0000000000001d64      0x170 modules/nordic/lib..__modules__hal__nordic.a(system_nrf9160.c.obj)
                0x0000000000001d64                SystemInit
 .text.nrfx_twim_init
                0x0000000000001ed4       0x88 modules/nordic/lib..__modules__hal__nordic.a(nrfx_twim.c.obj)
                0x0000000000001ed4                nrfx_twim_init
 .text.nrfx_twim_enable
                0x0000000000001f5c       0x20 modules/nordic/lib..__modules__hal__nordic.a(nrfx_twim.c.obj)
                0x0000000000001f5c                nrfx_twim_enable
 .text.nrfx_twim_disable
                0x0000000000001f7c       0x38 modules/nordic/lib..__modules__hal__nordic.a(nrfx_twim.c.obj)
                0x0000000000001f7c                nrfx_twim_disable
 .text.nrfx_twim_xfer
                0x0000000000001fb4      0x2c4 modules/nordic/lib..__modules__hal__nordic.a(nrfx_twim.c.obj)
                0x0000000000001fb4                nrfx_twim_xfer
 .text.nrfx_twim_2_irq_handler
                0x0000000000002278      0x170 modules/nordic/lib..__modules__hal__nordic.a(nrfx_twim.c.obj)
                0x0000000000002278                nrfx_twim_2_irq_handler
 .text.z_sys_init_run_level
                0x00000000000023e8       0x2c zephyr/kernel/libkernel.a(device.c.obj)
                0x00000000000023e8                z_sys_init_run_level
 .text.z_impl_device_get_binding
                0x0000000000002414       0x48 zephyr/kernel/libkernel.a(device.c.obj)
                0x0000000000002414                z_impl_device_get_binding
 .text.idle     0x000000000000245c       0x34 zephyr/kernel/libkernel.a(idle.c.obj)
                0x000000000000245c                idle
 .text.z_bss_zero
                0x0000000000002490       0x14 zephyr/kernel/libkernel.a(init.c.obj)
                0x0000000000002490                z_bss_zero
 .text.z_data_copy
                0x00000000000024a4       0x34 zephyr/kernel/libkernel.a(init.c.obj)
                0x00000000000024a4                z_data_copy
 .text.bg_thread_main
                0x00000000000024d8       0x48 zephyr/kernel/libkernel.a(init.c.obj)
 .text.z_cstart
                0x0000000000002520      0x10c zephyr/kernel/libkernel.a(init.c.obj)
                0x0000000000002520                z_cstart
 .text.init_mem_slab_module
                0x000000000000262c       0x44 zephyr/kernel/libkernel.a(mem_slab.c.obj)
 .text.k_mem_slab_alloc
                0x0000000000002670       0x64 zephyr/kernel/libkernel.a(mem_slab.c.obj)
                0x0000000000002670                k_mem_slab_alloc
 .text.k_mem_slab_free
                0x00000000000026d4       0x54 zephyr/kernel/libkernel.a(mem_slab.c.obj)
                0x00000000000026d4                k_mem_slab_free
 .text.z_impl_k_mutex_lock
                0x0000000000002728       0xf0 zephyr/kernel/libkernel.a(mutex.c.obj)
                0x0000000000002728                z_impl_k_mutex_lock
 .text.z_impl_k_mutex_unlock
                0x0000000000002818       0x8c zephyr/kernel/libkernel.a(mutex.c.obj)
                0x0000000000002818                z_impl_k_mutex_unlock
 .text.z_reset_time_slice
                0x00000000000028a4       0x2c zephyr/kernel/libkernel.a(sched.c.obj)
                0x00000000000028a4                z_reset_time_slice
 .text.k_sched_time_slice_set
                0x00000000000028d0       0x58 zephyr/kernel/libkernel.a(sched.c.obj)
                0x00000000000028d0                k_sched_time_slice_set
 .text.k_sched_lock
                0x0000000000002928       0x28 zephyr/kernel/libkernel.a(sched.c.obj)
                0x0000000000002928                k_sched_lock
 .text.z_priq_dumb_remove
                0x0000000000002950       0x2c zephyr/kernel/libkernel.a(sched.c.obj)
                0x0000000000002950                z_priq_dumb_remove
 .text.update_cache
                0x000000000000297c       0x48 zephyr/kernel/libkernel.a(sched.c.obj)
 .text.k_sched_unlock
                0x00000000000029c4       0x38 zephyr/kernel/libkernel.a(sched.c.obj)
                0x00000000000029c4                k_sched_unlock
 .text.ready_thread
                0x00000000000029fc       0x60 zephyr/kernel/libkernel.a(sched.c.obj)
 .text.z_sched_start
                0x0000000000002a5c       0x3c zephyr/kernel/libkernel.a(sched.c.obj)
                0x0000000000002a5c                z_sched_start
 .text.z_move_thread_to_end_of_prio_q
                0x0000000000002a98       0x88 zephyr/kernel/libkernel.a(sched.c.obj)
                0x0000000000002a98                z_move_thread_to_end_of_prio_q
 .text.z_time_slice
                0x0000000000002b20       0x6c zephyr/kernel/libkernel.a(sched.c.obj)
                0x0000000000002b20                z_time_slice
 .text.z_impl_k_thread_suspend
                0x0000000000002b8c       0x68 zephyr/kernel/libkernel.a(sched.c.obj)
                0x0000000000002b8c                z_impl_k_thread_suspend
 .text.z_thread_single_abort
                0x0000000000002bf4       0xb8 zephyr/kernel/libkernel.a(sched.c.obj)
                0x0000000000002bf4                z_thread_single_abort
 .text.unready_thread
                0x0000000000002cac       0x38 zephyr/kernel/libkernel.a(sched.c.obj)
 .text.z_tick_sleep.part.21
                0x0000000000002ce4       0x5c zephyr/kernel/libkernel.a(sched.c.obj)
 .text.pend     0x0000000000002d40       0x4c zephyr/kernel/libkernel.a(sched.c.obj)
 .text.z_pend_curr
                0x0000000000002d8c       0x28 zephyr/kernel/libkernel.a(sched.c.obj)
                0x0000000000002d8c                z_pend_curr
 .text.z_set_prio
                0x0000000000002db4       0x88 zephyr/kernel/libkernel.a(sched.c.obj)
                0x0000000000002db4                z_set_prio
 .text.z_sched_init
                0x0000000000002e3c       0x18 zephyr/kernel/libkernel.a(sched.c.obj)
                0x0000000000002e3c                z_sched_init
 .text.z_impl_k_yield
                0x0000000000002e54       0x98 zephyr/kernel/libkernel.a(sched.c.obj)
                0x0000000000002e54                z_impl_k_yield
 .text.z_impl_k_sleep
                0x0000000000002eec       0x40 zephyr/kernel/libkernel.a(sched.c.obj)
                0x0000000000002eec                z_impl_k_sleep
 .text.z_impl_k_current_get
                0x0000000000002f2c        0xc zephyr/kernel/libkernel.a(sched.c.obj)
                0x0000000000002f2c                z_impl_k_current_get
 .text.z_impl_k_sem_give
                0x0000000000002f38       0x40 zephyr/kernel/libkernel.a(sem.c.obj)
                0x0000000000002f38                z_impl_k_sem_give
 .text.z_impl_k_sem_take
                0x0000000000002f78       0x54 zephyr/kernel/libkernel.a(sem.c.obj)
                0x0000000000002f78                z_impl_k_sem_take
 .text.z_setup_new_thread
                0x0000000000002fcc       0x4c zephyr/kernel/libkernel.a(thread.c.obj)
                0x0000000000002fcc                z_setup_new_thread
 .text.z_init_static_threads
                0x0000000000003018       0xc8 zephyr/kernel/libkernel.a(thread.c.obj)
                0x0000000000003018                z_init_static_threads
 .text.elapsed  0x00000000000030e0       0x14 zephyr/kernel/libkernel.a(timeout.c.obj)
 .text.remove_timeout
                0x00000000000030f4       0x28 zephyr/kernel/libkernel.a(timeout.c.obj)
 .text.next_timeout
                0x000000000000311c       0x38 zephyr/kernel/libkernel.a(timeout.c.obj)
 .text.z_add_timeout
                0x0000000000003154       0xf4 zephyr/kernel/libkernel.a(timeout.c.obj)
                0x0000000000003154                z_add_timeout
 .text.z_clock_announce
                0x0000000000003248       0xac zephyr/kernel/libkernel.a(timeout.c.obj)
                0x0000000000003248                z_clock_announce
 .text.z_tick_get
                0x00000000000032f4       0x3c zephyr/kernel/libkernel.a(timeout.c.obj)
                0x00000000000032f4                z_tick_get
 .text.statics_init
                0x0000000000003330       0x24 zephyr/kernel/libkernel.a(kheap.c.obj)
 .text.CC_PalMemCopyPlat
                0x0000000000003354        0x4 modules/nrfxlib/nrf_security/src/mbedtls/cc310/libmbedcrypto_cc310.a(cc_pal_mem.c.obj)
                0x0000000000003354                CC_PalMemCopyPlat
 .text.CC_PalMemSetZeroPlat
                0x0000000000003358        0x8 modules/nrfxlib/nrf_security/src/mbedtls/cc310/libmbedcrypto_cc310.a(cc_pal_mem.c.obj)
                0x0000000000003358                CC_PalMemSetZeroPlat
 .text.CC_PalInit
                0x0000000000003360       0x5c modules/nrfxlib/nrf_security/src/mbedtls/cc310/libmbedcrypto_cc310.a(cc_pal.c.obj)
                0x0000000000003360                CC_PalInit
 .text.CC_PalTerminate
                0x00000000000033bc       0x34 modules/nrfxlib/nrf_security/src/mbedtls/cc310/libmbedcrypto_cc310.a(cc_pal.c.obj)
                0x00000000000033bc                CC_PalTerminate
 .text.CC_PalDmaInit
                0x00000000000033f0        0x4 modules/nrfxlib/nrf_security/src/mbedtls/cc310/libmbedcrypto_cc310.a(cc_pal_dma.c.obj)
                0x00000000000033f0                CC_PalDmaInit
 .text.CC_PalDmaTerminate
                0x00000000000033f4        0x4 modules/nrfxlib/nrf_security/src/mbedtls/cc310/libmbedcrypto_cc310.a(cc_pal_dma.c.obj)
                0x00000000000033f4                CC_PalDmaTerminate
 .text.CC_PalMutexCreate
                0x00000000000033f8       0x14 modules/nrfxlib/nrf_security/src/mbedtls/cc310/libmbedcrypto_cc310.a(cc_pal_mutex.c.obj)
                0x00000000000033f8                CC_PalMutexCreate
 .text.CC_PalMutexDestroy
                0x000000000000340c       0x14 modules/nrfxlib/nrf_security/src/mbedtls/cc310/libmbedcrypto_cc310.a(cc_pal_mutex.c.obj)
                0x000000000000340c                CC_PalMutexDestroy
 .text.CC_PalMutexLock
                0x0000000000003420       0x10 modules/nrfxlib/nrf_security/src/mbedtls/cc310/libmbedcrypto_cc310.a(cc_pal_mutex.c.obj)
                0x0000000000003420                CC_PalMutexLock
 .text.CC_PalMutexUnlock
                0x0000000000003430       0x14 modules/nrfxlib/nrf_security/src/mbedtls/cc310/libmbedcrypto_cc310.a(cc_pal_mutex.c.obj)
                0x0000000000003430                CC_PalMutexUnlock
 .text.CC_PalPowerSaveModeInit
                0x0000000000003444       0x3c modules/nrfxlib/nrf_security/src/mbedtls/cc310/libmbedcrypto_cc310.a(cc_pal_pm.c.obj)
                0x0000000000003444                CC_PalPowerSaveModeInit
 .text.CC_PalPowerSaveModeSelect
                0x0000000000003480       0x84 modules/nrfxlib/nrf_security/src/mbedtls/cc310/libmbedcrypto_cc310.a(cc_pal_pm.c.obj)
                0x0000000000003480                CC_PalPowerSaveModeSelect
 .text.CC_HalInit
                0x0000000000003504        0x4 modules/nrfxlib/nrf_security/src/mbedtls/cc310/libmbedcrypto_cc310.a(cc_hal.c.obj)
                0x0000000000003504                CC_HalInit
 .text.CC_HalTerminate
                0x0000000000003508        0x4 modules/nrfxlib/nrf_security/src/mbedtls/cc310/libmbedcrypto_cc310.a(cc_hal.c.obj)
                0x0000000000003508                CC_HalTerminate
 .text.CC_HalClearInterruptBit
                0x000000000000350c       0x1c modules/nrfxlib/nrf_security/src/mbedtls/cc310/libmbedcrypto_cc310.a(cc_hal.c.obj)
                0x000000000000350c                CC_HalClearInterruptBit
 .text.CC_HalMaskInterrupt
                0x0000000000003528        0xc modules/nrfxlib/nrf_security/src/mbedtls/cc310/libmbedcrypto_cc310.a(cc_hal.c.obj)
                0x0000000000003528                CC_HalMaskInterrupt
 .text.CC_HalWaitInterruptRND
                0x0000000000003534        0xc modules/nrfxlib/nrf_security/src/mbedtls/cc310/libmbedcrypto_cc310.a(cc_hal.c.obj)
                0x0000000000003534                CC_HalWaitInterruptRND
 .text.CC_PalWaitInterruptRND
                0x0000000000003540       0x30 modules/nrfxlib/nrf_security/src/mbedtls/cc310/libmbedcrypto_cc310.a(cc_pal_interrupt_ctrl.c.obj)
                0x0000000000003540                CC_PalWaitInterruptRND
 .text.mbedtls_platform_setup
                0x0000000000003570        0x4 /Users/tadmcallister/Nordic/safecility_thingy/ncs/nrfxlib/crypto/nrf_cc310_platform/lib/cortex-m33/hard-float/no-interrupts/libnrf_cc310_platform_0.9.2.a(platform_alt.c.obj)
                0x0000000000003570                mbedtls_platform_setup
 .text.mbedtls_platform_zeroize
                0x0000000000003574       0x14 /Users/tadmcallister/Nordic/safecility_thingy/ncs/nrfxlib/crypto/nrf_cc310_platform/lib/cortex-m33/hard-float/no-interrupts/libnrf_cc310_platform_0.9.2.a(mbedtls_common.c.obj)
                0x0000000000003574                mbedtls_platform_zeroize
 .text.mbedtls_hardware_poll
                0x0000000000003588       0xb0 /Users/tadmcallister/Nordic/safecility_thingy/ncs/nrfxlib/crypto/nrf_cc310_platform/lib/cortex-m33/hard-float/no-interrupts/libnrf_cc310_platform_0.9.2.a(trng_api.c.obj)
                0x0000000000003588                mbedtls_hardware_poll
 .text.RNG_PLAT_SetUserRngParameters
                0x0000000000003638       0x7c /Users/tadmcallister/Nordic/safecility_thingy/ncs/nrfxlib/crypto/nrf_cc310_platform/lib/cortex-m33/hard-float/no-interrupts/libnrf_cc310_platform_0.9.2.a(cc_rng_plat.c.obj)
                0x0000000000003638                RNG_PLAT_SetUserRngParameters
 .text.nrf_cc310_platform_init
                0x00000000000036b4       0x44 /Users/tadmcallister/Nordic/safecility_thingy/ncs/nrfxlib/crypto/nrf_cc310_platform/lib/cortex-m33/hard-float/no-interrupts/libnrf_cc310_platform_0.9.2.a(nrf_cc310_platform.c.obj)
                0x00000000000036b4                nrf_cc310_platform_init
 .text.nrf_cc310_platform_init_no_rng
                0x00000000000036f8       0x34 /Users/tadmcallister/Nordic/safecility_thingy/ncs/nrfxlib/crypto/nrf_cc310_platform/lib/cortex-m33/hard-float/no-interrupts/libnrf_cc310_platform_0.9.2.a(nrf_cc310_platform.c.obj)
                0x00000000000036f8                nrf_cc310_platform_init_no_rng
 .text.nrf_cc310_platform_abort
                0x000000000000372c       0x24 /Users/tadmcallister/Nordic/safecility_thingy/ncs/nrfxlib/crypto/nrf_cc310_platform/lib/cortex-m33/hard-float/no-interrupts/libnrf_cc310_platform_0.9.2.a(nrf_cc310_platform_abort.c.obj)
 .text.CC_PalAbort
                0x0000000000003750        0xc /Users/tadmcallister/Nordic/safecility_thingy/ncs/nrfxlib/crypto/nrf_cc310_platform/lib/cortex-m33/hard-float/no-interrupts/libnrf_cc310_platform_0.9.2.a(nrf_cc310_platform_abort.c.obj)
                0x0000000000003750                CC_PalAbort
 .text.nrf_cc310_platform_set_abort
                0x000000000000375c       0x10 /Users/tadmcallister/Nordic/safecility_thingy/ncs/nrfxlib/crypto/nrf_cc310_platform/lib/cortex-m33/hard-float/no-interrupts/libnrf_cc310_platform_0.9.2.a(nrf_cc310_platform_abort.c.obj)
                0x000000000000375c                nrf_cc310_platform_set_abort
 .text.mutex_free
                0x000000000000376c        0x4 /Users/tadmcallister/Nordic/safecility_thingy/ncs/nrfxlib/crypto/nrf_cc310_platform/lib/cortex-m33/hard-float/no-interrupts/libnrf_cc310_platform_0.9.2.a(nrf_cc310_platform_mutex.c.obj)
 .text.mutex_unlock
                0x0000000000003770       0x24 /Users/tadmcallister/Nordic/safecility_thingy/ncs/nrfxlib/crypto/nrf_cc310_platform/lib/cortex-m33/hard-float/no-interrupts/libnrf_cc310_platform_0.9.2.a(nrf_cc310_platform_mutex.c.obj)
 .text.mutex_init
                0x0000000000003794       0x1c /Users/tadmcallister/Nordic/safecility_thingy/ncs/nrfxlib/crypto/nrf_cc310_platform/lib/cortex-m33/hard-float/no-interrupts/libnrf_cc310_platform_0.9.2.a(nrf_cc310_platform_mutex.c.obj)
 .text.mutex_lock
                0x00000000000037b0       0x1c /Users/tadmcallister/Nordic/safecility_thingy/ncs/nrfxlib/crypto/nrf_cc310_platform/lib/cortex-m33/hard-float/no-interrupts/libnrf_cc310_platform_0.9.2.a(nrf_cc310_platform_mutex.c.obj)
 .text.nrf_cc310_platform_set_mutexes
                0x00000000000037cc       0x38 /Users/tadmcallister/Nordic/safecility_thingy/ncs/nrfxlib/crypto/nrf_cc310_platform/lib/cortex-m33/hard-float/no-interrupts/libnrf_cc310_platform_0.9.2.a(nrf_cc310_platform_mutex.c.obj)
                0x00000000000037cc                nrf_cc310_platform_set_mutexes
 .text.CC_LibInitNoRng
                0x0000000000003804       0x6c /Users/tadmcallister/Nordic/safecility_thingy/ncs/nrfxlib/crypto/nrf_cc310_platform/lib/cortex-m33/hard-float/no-interrupts/libnrf_cc310_platform_0.9.2.a(cc_lib.c.obj)
                0x0000000000003804                CC_LibInitNoRng
 .text.CC_LibInitRngModule
                0x0000000000003870       0xb8 /Users/tadmcallister/Nordic/safecility_thingy/ncs/nrfxlib/crypto/nrf_cc310_platform/lib/cortex-m33/hard-float/no-interrupts/libnrf_cc310_platform_0.9.2.a(cc_lib.c.obj)
                0x0000000000003870                CC_LibInitRngModule
 .text.CC_LibInit
                0x0000000000003928       0x84 /Users/tadmcallister/Nordic/safecility_thingy/ncs/nrfxlib/crypto/nrf_cc310_platform/lib/cortex-m33/hard-float/no-interrupts/libnrf_cc310_platform_0.9.2.a(cc_lib.c.obj)
                0x0000000000003928                CC_LibInit
 .text.CC_PalTrngParamGet
                0x00000000000039ac      0x10c /Users/tadmcallister/Nordic/safecility_thingy/ncs/nrfxlib/crypto/nrf_cc310_platform/lib/cortex-m33/hard-float/no-interrupts/libnrf_cc310_platform_0.9.2.a(cc_pal_trng.c.obj)
                0x00000000000039ac                CC_PalTrngParamGet
 .text.LLF_RND_AdaptiveProportionTest
                0x0000000000003ab8       0x7c /Users/tadmcallister/Nordic/safecility_thingy/ncs/nrfxlib/crypto/nrf_cc310_platform/lib/cortex-m33/hard-float/no-interrupts/libnrf_cc310_platform_0.9.2.a(llf_rnd_trng90b.c.obj)
                0x0000000000003ab8                LLF_RND_AdaptiveProportionTest
 .text.getTrngSource
                0x0000000000003b34      0x4b0 /Users/tadmcallister/Nordic/safecility_thingy/ncs/nrfxlib/crypto/nrf_cc310_platform/lib/cortex-m33/hard-float/no-interrupts/libnrf_cc310_platform_0.9.2.a(llf_rnd_trng90b.c.obj)
 .text.LLF_RND_GetTrngSource
                0x0000000000003fe4       0x88 /Users/tadmcallister/Nordic/safecility_thingy/ncs/nrfxlib/crypto/nrf_cc310_platform/lib/cortex-m33/hard-float/no-interrupts/libnrf_cc310_platform_0.9.2.a(llf_rnd_trng90b.c.obj)
                0x0000000000003fe4                LLF_RND_GetTrngSource
 .text.LLF_RND_RunTrngStartupTest
                0x000000000000406c       0x1c /Users/tadmcallister/Nordic/safecility_thingy/ncs/nrfxlib/crypto/nrf_cc310_platform/lib/cortex-m33/hard-float/no-interrupts/libnrf_cc310_platform_0.9.2.a(llf_rnd_trng90b.c.obj)
                0x000000000000406c                LLF_RND_RunTrngStartupTest
 .text.LLF_RND_WaitRngInterrupt
                0x0000000000004088       0x20 /Users/tadmcallister/Nordic/safecility_thingy/ncs/nrfxlib/crypto/nrf_cc310_platform/lib/cortex-m33/hard-float/no-interrupts/libnrf_cc310_platform_0.9.2.a(llf_rnd.c.obj)
                0x0000000000004088                LLF_RND_WaitRngInterrupt
 .text.LLF_RND_GetRoscSampleCnt
                0x00000000000040a8       0x3c /Users/tadmcallister/Nordic/safecility_thingy/ncs/nrfxlib/crypto/nrf_cc310_platform/lib/cortex-m33/hard-float/no-interrupts/libnrf_cc310_platform_0.9.2.a(llf_rnd.c.obj)
                0x00000000000040a8                LLF_RND_GetRoscSampleCnt
 .text.LLF_RND_GetFastestRosc
                0x00000000000040e4       0x20 /Users/tadmcallister/Nordic/safecility_thingy/ncs/nrfxlib/crypto/nrf_cc310_platform/lib/cortex-m33/hard-float/no-interrupts/libnrf_cc310_platform_0.9.2.a(llf_rnd.c.obj)
                0x00000000000040e4                LLF_RND_GetFastestRosc
 .text.LLF_RND_TurnOffTrng
                0x0000000000004104       0x1c /Users/tadmcallister/Nordic/safecility_thingy/ncs/nrfxlib/crypto/nrf_cc310_platform/lib/cortex-m33/hard-float/no-interrupts/libnrf_cc310_platform_0.9.2.a(llf_rnd.c.obj)
                0x0000000000004104                LLF_RND_TurnOffTrng
 .text.main     0x0000000000004120        0xe app/libapp.a(main.c.obj)
                0x0000000000004120                main
 .text.arch_printk_char_out
                0x000000000000412e        0x4 zephyr/libzephyr.a(printk.c.obj)
                0x000000000000412e                arch_printk_char_out
 .text.print_err
                0x0000000000004132       0x1c zephyr/libzephyr.a(printk.c.obj)
 .text.z_vprintk
                0x000000000000414e      0x2e0 zephyr/libzephyr.a(printk.c.obj)
                0x000000000000414e                z_vprintk
 .text.printk   0x000000000000442e       0x1a zephyr/libzephyr.a(printk.c.obj)
                0x000000000000442e                printk
 .text.z_thread_entry
                0x0000000000004448       0x14 zephyr/libzephyr.a(thread_entry.c.obj)
                0x0000000000004448                z_thread_entry
 .text.chunk_field
                0x000000000000445c       0x18 zephyr/libzephyr.a(heap.c.obj)
 .text.chunk_set
                0x0000000000004474       0x1a zephyr/libzephyr.a(heap.c.obj)
 .text.free_list_add
                0x000000000000448e       0x9a zephyr/libzephyr.a(heap.c.obj)
 .text.sys_heap_init
                0x0000000000004528       0x8a zephyr/libzephyr.a(heap.c.obj)
                0x0000000000004528                sys_heap_init
 .text._ConfigAbsSyms
                0x00000000000045b2        0x2 zephyr/libzephyr.a(configs.c.obj)
                0x00000000000045b2                _ConfigAbsSyms
 .text.z_platform_init
                0x00000000000045b4        0x4 zephyr/libzephyr.a(soc.c.obj)
                0x00000000000045b4                z_platform_init
 .text.get_status
                0x00000000000045b8       0x1c zephyr/libzephyr.a(nrf_power_clock.c.obj)
 .text.clock_stop
                0x00000000000045d4       0x52 zephyr/libzephyr.a(nrf_power_clock.c.obj)
 .text.clock_async_start
                0x0000000000004626       0xc8 zephyr/libzephyr.a(nrf_power_clock.c.obj)
 .text.clock_start
                0x00000000000046ee        0x6 zephyr/libzephyr.a(nrf_power_clock.c.obj)
 .text.clk_init
                0x00000000000046f4       0x34 zephyr/libzephyr.a(nrf_power_clock.c.obj)
 .text.z_clock_isr
                0x0000000000004728        0x2 zephyr/libzephyr.a(sys_clock_init.c.obj)
                0x0000000000004728                z_clock_isr
 .text.z_clock_idle_exit
                0x000000000000472a        0x2 zephyr/libzephyr.a(sys_clock_init.c.obj)
                0x000000000000472a                z_clock_idle_exit
 .text.sys_clock_disable
                0x000000000000472c        0x2 zephyr/libzephyr.a(sys_clock_init.c.obj)
                0x000000000000472c                sys_clock_disable
 .text.adp536x_charger_current_set
                0x000000000000472e        0xc zephyr/libzephyr.a(adp536x.c.obj)
                0x000000000000472e                adp536x_charger_current_set
 .text.adp536x_vbus_current_set
                0x000000000000473a        0xc zephyr/libzephyr.a(adp536x.c.obj)
                0x000000000000473a                adp536x_vbus_current_set
 .text.adp536x_charging_enable
                0x0000000000004746        0xa zephyr/libzephyr.a(adp536x.c.obj)
                0x0000000000004746                adp536x_charging_enable
 .text.adp536x_oc_chg_current_set
                0x0000000000004750        0xe zephyr/libzephyr.a(adp536x.c.obj)
                0x0000000000004750                adp536x_oc_chg_current_set
 .text.adp536x_buck_1v8_set
                0x000000000000475e        0xa zephyr/libzephyr.a(adp536x.c.obj)
                0x000000000000475e                adp536x_buck_1v8_set
 .text.adp536x_buck_discharge_set
                0x0000000000004768        0xe zephyr/libzephyr.a(adp536x.c.obj)
                0x0000000000004768                adp536x_buck_discharge_set
 .text.adp536x_buckbst_3v3_set
                0x0000000000004776        0xa zephyr/libzephyr.a(adp536x.c.obj)
                0x0000000000004776                adp536x_buckbst_3v3_set
 .text.adp536x_buckbst_enable
                0x0000000000004780        0xa zephyr/libzephyr.a(adp536x.c.obj)
                0x0000000000004780                adp536x_buckbst_enable
 .text.spm_secure_services_init
                0x000000000000478a       0x14 zephyr/libzephyr.a(secure_services.c.obj)
                0x000000000000478a                spm_secure_services_init
 .text.spm_request_random_number
                0x000000000000479e       0x82 zephyr/libzephyr.a(secure_services.c.obj)
                0x000000000000479e                __acle_se_spm_request_random_number
 .text.abort_function
                0x0000000000004820        0x6 zephyr/libzephyr.a(nrf_cc310_platform_abort_zephyr.c.obj)
 .text.z_irq_spurious
                0x0000000000004826        0x8 zephyr/arch/arch/arm/core/aarch32/libarch__arm__core__aarch32.a(irq_manage.c.obj)
                0x0000000000004826                z_irq_spurious
 .text.irq_target_state_set
                0x000000000000482e       0x56 zephyr/arch/arch/arm/core/aarch32/libarch__arm__core__aarch32.a(irq_manage.c.obj)
                0x000000000000482e                irq_target_state_set
 .text.z_arm_fatal_error
                0x0000000000004884        0x4 zephyr/arch/arch/arm/core/aarch32/libarch__arm__core__aarch32.a(fatal.c.obj)
                0x0000000000004884                z_arm_fatal_error
 .text.z_do_kernel_oops
                0x0000000000004888        0x8 zephyr/arch/arch/arm/core/aarch32/libarch__arm__core__aarch32.a(fatal.c.obj)
                0x0000000000004888                z_do_kernel_oops
 .text.z_arm_nmi
                0x0000000000004890        0xe zephyr/arch/arch/arm/core/aarch32/libarch__arm__core__aarch32.a(nmi.c.obj)
                0x0000000000004890                z_arm_nmi
 .text.mpu_configure_region
                0x000000000000489e       0x44 zephyr/arch/arch/arm/core/aarch32/cortex_m/mpu/libarch__arm__core__aarch32__cortex_m__mpu.a(arm_mpu.c.obj)
 .text.arm_cmse_mpu_region_get
                0x00000000000048e2       0x12 zephyr/arch/arch/arm/core/aarch32/cortex_m/cmse/libarch__arm__core__aarch32__cortex_m__cmse.a(arm_core_cmse.c.obj)
                0x00000000000048e2                arm_cmse_mpu_region_get
 .text.strcmp   0x00000000000048f4       0x18 zephyr/lib/libc/minimal/liblib__libc__minimal.a(string.c.obj)
                0x00000000000048f4                strcmp
 .text.memcmp   0x000000000000490c       0x20 zephyr/lib/libc/minimal/liblib__libc__minimal.a(string.c.obj)
                0x000000000000490c                memcmp
 .text.memmove  0x000000000000492c       0x2e zephyr/lib/libc/minimal/liblib__libc__minimal.a(string.c.obj)
                0x000000000000492c                memmove
 .text.memcpy   0x000000000000495a       0x54 zephyr/lib/libc/minimal/liblib__libc__minimal.a(string.c.obj)
                0x000000000000495a                memcpy
 .text.memset   0x00000000000049ae       0x44 zephyr/lib/libc/minimal/liblib__libc__minimal.a(string.c.obj)
                0x00000000000049ae                memset
 .text._stdout_hook_default
                0x00000000000049f2        0x6 zephyr/lib/libc/minimal/liblib__libc__minimal.a(stdout_console.c.obj)
 .text.i2c_nrfx_twim_configure
                0x00000000000049f8       0x32 zephyr/drivers/i2c/libdrivers__i2c.a(i2c_nrfx_twim.c.obj)
 .text.uarte_nrfx_config_get
                0x0000000000004a2a       0x10 zephyr/drivers/serial/libdrivers__serial.a(uart_nrfx_uarte.c.obj)
 .text.uarte_nrfx_err_check
                0x0000000000004a3a        0xe zephyr/drivers/serial/libdrivers__serial.a(uart_nrfx_uarte.c.obj)
 .text.uarte_nrfx_poll_in
                0x0000000000004a48       0x22 zephyr/drivers/serial/libdrivers__serial.a(uart_nrfx_uarte.c.obj)
 .text.uarte_nrfx_poll_out
                0x0000000000004a6a       0x7e zephyr/drivers/serial/libdrivers__serial.a(uart_nrfx_uarte.c.obj)
 .text.k_sys_fatal_error_handler
                0x0000000000004ae8        0x8 modules/nrf/lib/fatal_error/lib..__nrf__lib__fatal_error.a(fatal_error.c.obj)
                0x0000000000004ae8                k_sys_fatal_error_handler
 .text.hw_cc310_init
                0x0000000000004af0       0x12 modules/nrf/drivers/hw_cc310/lib..__nrf__drivers__hw_cc310.a(hw_cc310.c.obj)
 .text.nrfx_isr
                0x0000000000004b02        0x2 modules/nordic/lib..__modules__hal__nordic.a(nrfx_glue.c.obj)
                0x0000000000004b02                nrfx_isr
 .text.nrfx_busy_wait
                0x0000000000004b04        0x4 modules/nordic/lib..__modules__hal__nordic.a(nrfx_glue.c.obj)
                0x0000000000004b04                nrfx_busy_wait
 .text.xfer_completeness_check
                0x0000000000004b08       0x60 modules/nordic/lib..__modules__hal__nordic.a(nrfx_twim.c.obj)
 .text.z_fatal_error
                0x0000000000004b68       0x36 zephyr/kernel/libkernel.a(fatal.c.obj)
                0x0000000000004b68                z_fatal_error
 .text.z_sys_power_save_idle_exit
                0x0000000000004b9e        0x4 zephyr/kernel/libkernel.a(idle.c.obj)
                0x0000000000004b9e                z_sys_power_save_idle_exit
 .text.k_mem_slab_init
                0x0000000000004ba2       0x36 zephyr/kernel/libkernel.a(mem_slab.c.obj)
                0x0000000000004ba2                k_mem_slab_init
 .text.z_impl_k_mutex_init
                0x0000000000004bd8        0xe zephyr/kernel/libkernel.a(mutex.c.obj)
                0x0000000000004bd8                z_impl_k_mutex_init
 .text.z_reschedule
                0x0000000000004be6       0x16 zephyr/kernel/libkernel.a(sched.c.obj)
                0x0000000000004be6                z_reschedule
 .text.z_reschedule_irqlock
                0x0000000000004bfc       0x18 zephyr/kernel/libkernel.a(sched.c.obj)
                0x0000000000004bfc                z_reschedule_irqlock
 .text.z_reschedule_unlocked
                0x0000000000004c14       0x14 zephyr/kernel/libkernel.a(sched.c.obj)
 .text.z_priq_dumb_best
                0x0000000000004c28        0xc zephyr/kernel/libkernel.a(sched.c.obj)
                0x0000000000004c28                z_priq_dumb_best
 .text.z_ready_thread
                0x0000000000004c34       0x20 zephyr/kernel/libkernel.a(sched.c.obj)
                0x0000000000004c34                z_ready_thread
 .text.z_thread_timeout
                0x0000000000004c54       0x58 zephyr/kernel/libkernel.a(sched.c.obj)
                0x0000000000004c54                z_thread_timeout
 .text.z_remove_thread_from_ready_q
                0x0000000000004cac       0x20 zephyr/kernel/libkernel.a(sched.c.obj)
                0x0000000000004cac                z_remove_thread_from_ready_q
 .text.add_to_waitq_locked
                0x0000000000004ccc       0x50 zephyr/kernel/libkernel.a(sched.c.obj)
 .text.z_unpend_first_thread
                0x0000000000004d1c       0x5a zephyr/kernel/libkernel.a(sched.c.obj)
                0x0000000000004d1c                z_unpend_first_thread
 .text.k_is_in_isr
                0x0000000000004d76        0xc zephyr/kernel/libkernel.a(thread.c.obj)
                0x0000000000004d76                k_is_in_isr
 .text.z_impl_k_busy_wait
                0x0000000000004d82        0x4 zephyr/kernel/libkernel.a(thread.c.obj)
                0x0000000000004d82                z_impl_k_busy_wait
 .text.z_abort_timeout
                0x0000000000004d86       0x2c zephyr/kernel/libkernel.a(timeout.c.obj)
                0x0000000000004d86                z_abort_timeout
 .text.z_get_next_timeout_expiry
                0x0000000000004db2       0x20 zephyr/kernel/libkernel.a(timeout.c.obj)
                0x0000000000004db2                z_get_next_timeout_expiry
 .text.z_set_timeout_expiry
                0x0000000000004dd2       0x34 zephyr/kernel/libkernel.a(timeout.c.obj)
                0x0000000000004dd2                z_set_timeout_expiry
 .text.z_tick_get_32
                0x0000000000004e06        0x8 zephyr/kernel/libkernel.a(timeout.c.obj)
                0x0000000000004e06                z_tick_get_32
 .text.k_heap_init
                0x0000000000004e0e       0x12 zephyr/kernel/libkernel.a(kheap.c.obj)
                0x0000000000004e0e                k_heap_init
 .text._OffsetAbsSyms
                0x0000000000004e20        0x2 zephyr/CMakeFiles/offsets.dir/arch/arm/core/offsets/offsets.c.obj
                0x0000000000004e20                _OffsetAbsSyms
 *(SORT_BY_ALIGNMENT(.gnu.linkonce.t.*))
 *(SORT_BY_ALIGNMENT(.glue_7t))
 .glue_7t       0x0000000000004e22        0x0 linker stubs
 *(SORT_BY_ALIGNMENT(.glue_7))
 .glue_7        0x0000000000004e22        0x0 linker stubs
 *(SORT_BY_ALIGNMENT(.vfp11_veneer))
 .vfp11_veneer  0x0000000000004e22        0x0 linker stubs
 *(SORT_BY_ALIGNMENT(.v4_bx))
 .v4_bx         0x0000000000004e22        0x0 linker stubs
                0x0000000000004e22                _image_text_end = .

.ARM.exidx      0x0000000000004e24        0x8
                0x0000000000004e24                __exidx_start = .
 *(SORT_BY_ALIGNMENT(.ARM.exidx*) SORT_BY_ALIGNMENT(gnu.linkonce.armexidx.*))
 .ARM.exidx     0x0000000000004e24        0x8 /Users/tadmcallister/opt/gnuarmemb/gcc-arm-none-eabi-8-2019-q3-update/bin/../lib/gcc/arm-none-eabi/8.3.1/thumb/v8-m.main+fp/hard/libgcc.a(_udivmoddi4.o)
                0x0000000000004e2c                __exidx_end = .
                0x0000000000004e2c                _image_rodata_start = .

initlevel       0x0000000000004e2c       0x68
                0x0000000000004e2c                __init_start = .
                0x0000000000004e2c                __init_PRE_KERNEL_1_start = .
 *(SORT_BY_NAME(SORT_BY_ALIGNMENT(.init_PRE_KERNEL_1[0-9])))
 .init_PRE_KERNEL_10
                0x0000000000004e2c        0x8 zephyr/libzephyr.a(soc.c.obj)
 *(SORT_BY_NAME(SORT_BY_ALIGNMENT(.init_PRE_KERNEL_1[1-9][0-9])))
 .init_PRE_KERNEL_130
                0x0000000000004e34        0x8 zephyr/kernel/libkernel.a(mem_slab.c.obj)
 .init_PRE_KERNEL_130
                0x0000000000004e3c        0x8 zephyr/kernel/libkernel.a(kheap.c.obj)
 .init_PRE_KERNEL_140
                0x0000000000004e44        0x8 zephyr/arch/arch/arm/core/aarch32/cortex_m/mpu/libarch__arm__core__aarch32__cortex_m__mpu.a(arm_mpu.c.obj)
 .init_PRE_KERNEL_150
                0x0000000000004e4c        0x8 zephyr/libzephyr.a(nrf_power_clock.c.obj)
 .init_PRE_KERNEL_150
                0x0000000000004e54       0x10 zephyr/drivers/serial/libdrivers__serial.a(uart_nrfx_uarte.c.obj)
 .init_PRE_KERNEL_160
                0x0000000000004e64        0x8 zephyr/libzephyr.a(uart_console.c.obj)
                0x0000000000004e6c                __init_PRE_KERNEL_2_start = .
 *(SORT_BY_NAME(SORT_BY_ALIGNMENT(.init_PRE_KERNEL_2[0-9])))
 .init_PRE_KERNEL_20
                0x0000000000004e6c        0x8 zephyr/libzephyr.a(sys_clock_init.c.obj)
 *(SORT_BY_NAME(SORT_BY_ALIGNMENT(.init_PRE_KERNEL_2[1-9][0-9])))
                0x0000000000004e74                __init_POST_KERNEL_start = .
 *(SORT_BY_NAME(SORT_BY_ALIGNMENT(.init_POST_KERNEL[0-9])))
 *(SORT_BY_NAME(SORT_BY_ALIGNMENT(.init_POST_KERNEL[1-9][0-9])))
 .init_POST_KERNEL40
                0x0000000000004e74        0x8 modules/nrf/drivers/hw_cc310/lib..__nrf__drivers__hw_cc310.a(hw_cc310.c.obj)
 .init_POST_KERNEL60
                0x0000000000004e7c        0x8 zephyr/drivers/i2c/libdrivers__i2c.a(i2c_nrfx_twim.c.obj)
 .init_POST_KERNEL90
                0x0000000000004e84        0x8 modules/nrf/subsys/fw_info/lib..__nrf__subsys__fw_info.a(fw_info.c.obj)
                0x0000000000004e8c                __init_APPLICATION_start = .
 *(SORT_BY_NAME(SORT_BY_ALIGNMENT(.init_APPLICATION[0-9])))
 *(SORT_BY_NAME(SORT_BY_ALIGNMENT(.init_APPLICATION[1-9][0-9])))
 .init_APPLICATION90
                0x0000000000004e8c        0x8 zephyr/boards/boards/arm/thingy91_nrf9160/lib..__nrf__boards__arm__thingy91_nrf9160.a(board_secure.c.obj)
                0x0000000000004e94                __init_SMP_start = .
 *(SORT_BY_NAME(SORT_BY_ALIGNMENT(.init_SMP[0-9])))
 *(SORT_BY_NAME(SORT_BY_ALIGNMENT(.init_SMP[1-9][0-9])))
                0x0000000000004e94                __init_end = .

sw_isr_table    0x0000000000004e94      0x208
                0x0000000000004e94                . = ALIGN (0x0)
 *(SORT_BY_ALIGNMENT(.gnu.linkonce.sw_isr_table))
 .gnu.linkonce.sw_isr_table
                0x0000000000004e94      0x208 zephyr/arch/common/libarch__common.a(isr_tables.c.obj)
                0x0000000000004e94                _sw_isr_table

initlevel_error
                0x0000000000004e2c        0x0
 *(SORT_BY_NAME(SORT_BY_ALIGNMENT(.init_[_A-Z0-9]*)))
                0x0000000000000001                ASSERT ((SIZEOF (initlevel_error) == 0x0), Undefined initialization levels used.)

app_shmem_regions
                0x000000000000509c        0x0
                0x000000000000509c                __app_shmem_regions_start = .
 *(SORT_BY_NAME(SORT_BY_ALIGNMENT(.app_regions.*)))
                0x000000000000509c                __app_shmem_regions_end = .

net_l2          0x000000000000509c        0x0
                0x000000000000509c                __net_l2_start = .
 *(SORT_BY_ALIGNMENT(.net_l2.init))
 *(SORT_BY_NAME(SORT_BY_ALIGNMENT(.net_l2.init*)))
                0x000000000000509c                __net_l2_end = .

_bt_channels_area
                0x000000000000509c        0x0
                0x000000000000509c                _bt_l2cap_fixed_chan_list_start = .
 *(SORT_BY_NAME(SORT_BY_ALIGNMENT(._bt_l2cap_fixed_chan.static.*)))
                0x000000000000509c                _bt_l2cap_fixed_chan_list_end = .

_bt_services_area
                0x000000000000509c        0x0
                0x000000000000509c                _bt_gatt_service_static_list_start = .
 *(SORT_BY_NAME(SORT_BY_ALIGNMENT(._bt_gatt_service_static.static.*)))
                0x000000000000509c                _bt_gatt_service_static_list_end = .

log_const_sections
                0x000000000000509c        0x0
                0x000000000000509c                __log_const_start = .
 *(SORT_BY_NAME(SORT_BY_ALIGNMENT(.log_const_*)))
                0x000000000000509c                __log_const_end = .

log_backends_sections
                0x000000000000509c        0x0
                0x000000000000509c                __log_backends_start = .
 *(SORT_BY_ALIGNMENT(._log_backend.*))
                0x000000000000509c                __log_backends_end = .

shell_sections  0x000000000000509c        0x0
                0x000000000000509c                _shell_list_start = .
 *(SORT_BY_NAME(SORT_BY_ALIGNMENT(._shell.static.*)))
                0x000000000000509c                _shell_list_end = .

shell_root_cmds_sections
                0x000000000000509c        0x0
                0x000000000000509c                __shell_root_cmds_start = .
 *(SORT_BY_NAME(SORT_BY_ALIGNMENT(.shell_root_cmd_*)))
                0x000000000000509c                __shell_root_cmds_end = .

font_entry_sections
                0x000000000000509c        0x0
                0x000000000000509c                __font_entry_start = .
 *(SORT_BY_NAME(SORT_BY_ALIGNMENT(._cfb_font.*)))
                0x000000000000509c                __font_entry_end = .

tracing_backends_sections
                0x000000000000509c        0x0
                0x000000000000509c                _tracing_backend_list_start = .
 *(SORT_BY_ALIGNMENT(._tracing_backend.*))
                0x000000000000509c                _tracing_backend_list_end = .

rodata          0x00000000000050a0      0x70c
 *(SORT_BY_ALIGNMENT(.rodata))
 .rodata        0x00000000000050a0        0xc zephyr/libzephyr.a(secure_services.c.obj)
 .rodata        0x00000000000050ac       0x20 zephyr/drivers/serial/libdrivers__serial.a(uart_nrfx_uarte.c.obj)
 .rodata        0x00000000000050cc       0x18 modules/nrf/subsys/fw_info/lib..__nrf__subsys__fw_info.a(fw_info.c.obj)
 *(SORT_BY_ALIGNMENT(.rodata.*))
 *fill*         0x00000000000050e4        0xc 
 .rodata.delay_machine_code.9972
                0x00000000000050f0        0x6 zephyr/libzephyr.a(soc.c.obj)
 *fill*         0x00000000000050f6        0x2 
 .rodata.clock_control_api
                0x00000000000050f8       0x14 zephyr/libzephyr.a(nrf_power_clock.c.obj)
 .rodata.periph.10716
                0x000000000000510c       0xd0 zephyr/libzephyr.a(spm.c.obj)
 .rodata.fw_info_allowed_offsets
                0x00000000000051dc       0x14 zephyr/libzephyr.a(secure_services.c.obj)
 .rodata.apis   0x00000000000051f0        0x8 zephyr/libzephyr.a(nrf_cc310_platform_abort_zephyr.c.obj)
 .rodata.mutex_apis
                0x00000000000051f8       0x10 zephyr/libzephyr.a(nrf_cc310_platform_mutex_zephyr.c.obj)
 .rodata.mutexes
                0x0000000000005208       0x14 zephyr/libzephyr.a(nrf_cc310_platform_mutex_zephyr.c.obj)
 .rodata.mpu_config
                0x000000000000521c        0x8 zephyr/soc/arm/common/cortex_m/libsoc__arm__common__cortex_m.a(arm_mpu_regions.c.obj)
                0x000000000000521c                mpu_config
 .rodata.mpu_regions
                0x0000000000005224       0x20 zephyr/soc/arm/common/cortex_m/libsoc__arm__common__cortex_m.a(arm_mpu_regions.c.obj)
 .rodata.i2c_nrfx_twim_driver_api
                0x0000000000005244       0x14 zephyr/drivers/i2c/libdrivers__i2c.a(i2c_nrfx_twim.c.obj)
 .rodata.twim_2z_config
                0x0000000000005258       0x18 zephyr/drivers/i2c/libdrivers__i2c.a(i2c_nrfx_twim.c.obj)
 .rodata.uart_nrfx_uarte_driver_api
                0x0000000000005270       0x14 zephyr/drivers/serial/libdrivers__serial.a(uart_nrfx_uarte.c.obj)
 .rodata.uarte_0z_config
                0x0000000000005284        0x8 zephyr/drivers/serial/libdrivers__serial.a(uart_nrfx_uarte.c.obj)
 .rodata.uarte_1z_config
                0x000000000000528c        0x8 zephyr/drivers/serial/libdrivers__serial.a(uart_nrfx_uarte.c.obj)
 .rodata.levels.10070
                0x0000000000005294       0x14 zephyr/kernel/libkernel.a(device.c.obj)
 .rodata._k_neg_eagain
                0x00000000000052a8        0x4 zephyr/kernel/libkernel.a(errno.c.obj)
                0x00000000000052a8                _k_neg_eagain
 .rodata.CC_PalPowerSaveModeInit.str1.4
                0x00000000000052ac       0x20 modules/nrfxlib/nrf_security/src/mbedtls/cc310/libmbedcrypto_cc310.a(cc_pal_pm.c.obj)
 .rodata.CSWTCH.6
                0x00000000000052cc       0x1c /Users/tadmcallister/Nordic/safecility_thingy/ncs/nrfxlib/crypto/nrf_cc310_platform/lib/cortex-m33/hard-float/no-interrupts/libnrf_cc310_platform_0.9.2.a(nrf_cc310_platform.c.obj)
 .rodata.mutex_init.str1.4
                0x00000000000052e8       0x23 /Users/tadmcallister/Nordic/safecility_thingy/ncs/nrfxlib/crypto/nrf_cc310_platform/lib/cortex-m33/hard-float/no-interrupts/libnrf_cc310_platform_0.9.2.a(nrf_cc310_platform_mutex.c.obj)
 *fill*         0x000000000000530b        0x1 
 .rodata.mutex_unlock.str1.4
                0x000000000000530c       0x1f /Users/tadmcallister/Nordic/safecility_thingy/ncs/nrfxlib/crypto/nrf_cc310_platform/lib/cortex-m33/hard-float/no-interrupts/libnrf_cc310_platform_0.9.2.a(nrf_cc310_platform_mutex.c.obj)
 *fill*         0x000000000000532b        0x1 
 .rodata.CC_LibInitRngModule.str1.4
                0x000000000000532c       0x70 /Users/tadmcallister/Nordic/safecility_thingy/ncs/nrfxlib/crypto/nrf_cc310_platform/lib/cortex-m33/hard-float/no-interrupts/libnrf_cc310_platform_0.9.2.a(cc_lib.c.obj)
                                         0x6d (size before relaxing)
 .rodata.LLF_RND_GetTrngSource.str1.4
                0x000000000000539c       0x6f /Users/tadmcallister/Nordic/safecility_thingy/ncs/nrfxlib/crypto/nrf_cc310_platform/lib/cortex-m33/hard-float/no-interrupts/libnrf_cc310_platform_0.9.2.a(llf_rnd_trng90b.c.obj)
 .rodata.config
                0x000000000000539c        0x8 zephyr/libzephyr.a(nrf_power_clock.c.obj)
 .rodata.sys_reboot.str1.1
                0x00000000000053a4       0x29 zephyr/libzephyr.a(reboot.c.obj)
 .rodata.uart_console_init.str1.1
                0x00000000000053cd        0x7 zephyr/libzephyr.a(uart_console.c.obj)
 .rodata.str1.1
                0x00000000000053d4        0x7 zephyr/libzephyr.a(nrf_power_clock.c.obj)
                                          0x6 (size before relaxing)
 .rodata.str1.1
                0x00000000000053d4        0xa zephyr/libzephyr.a(sys_clock_init.c.obj)
 .rodata.z_clock_driver_init.str1.1
                0x00000000000053de        0x6 zephyr/libzephyr.a(nrf_rtc_timer.c.obj)
 .rodata.config_regions.str1.1
                0x00000000000053de       0x32 zephyr/libzephyr.a(spm.c.obj)
                                         0x37 (size before relaxing)
 .rodata.spm_config.str1.1
                0x0000000000005410      0x104 zephyr/libzephyr.a(spm.c.obj)
                                        0x10c (size before relaxing)
 .rodata.spm_jump.str1.1
                0x0000000000005514       0x75 zephyr/libzephyr.a(spm.c.obj)
 .rodata.str1.1
                0x0000000000005589       0xfc zephyr/libzephyr.a(spm.c.obj)
 .rodata.mutex_free.str1.1
                0x0000000000005685       0x26 zephyr/libzephyr.a(nrf_cc310_platform_mutex_zephyr.c.obj)
 .rodata.mutex_init.str1.1
                0x00000000000056ab       0x2d zephyr/libzephyr.a(nrf_cc310_platform_mutex_zephyr.c.obj)
 .rodata.str1.1
                0x00000000000056d8        0xf zephyr/soc/arm/common/cortex_m/libsoc__arm__common__cortex_m.a(arm_mpu_regions.c.obj)
 .rodata.thingy91_board_init.str1.1
                0x00000000000056e7        0x6 zephyr/boards/boards/arm/thingy91_nrf9160/lib..__nrf__boards__arm__thingy91_nrf9160.a(board_secure.c.obj)
 .rodata.str1.1
                0x00000000000056ed        0x6 zephyr/drivers/i2c/libdrivers__i2c.a(i2c_nrfx_twim.c.obj)
 .rodata.str1.1
                0x00000000000056ed        0x7 zephyr/drivers/serial/libdrivers__serial.a(uart_nrfx_uarte.c.obj)
                                          0xe (size before relaxing)
 .rodata.check_ext_api_requests.str1.1
                0x00000000000056f4       0x5c modules/nrf/subsys/fw_info/lib..__nrf__subsys__fw_info.a(fw_info.c.obj)
 .rodata.str1.1
                0x0000000000005750        0xb modules/nrf/drivers/hw_cc310/lib..__nrf__drivers__hw_cc310.a(hw_cc310.c.obj)
 .rodata.bg_thread_main.str1.1
                0x000000000000575b       0x47 zephyr/kernel/libkernel.a(init.c.obj)
                                         0x48 (size before relaxing)
 .rodata.z_cstart.str1.1
                0x00000000000057a2        0x5 zephyr/kernel/libkernel.a(init.c.obj)
 *(SORT_BY_ALIGNMENT(.gnu.linkonce.r.*))
                0x00000000000057a8                . = ALIGN (0x4)
 *fill*         0x00000000000057a7        0x1 
                0x00000000000057a8                _fw_info_images_start = .
 *(SORT_BY_ALIGNMENT(.fw_info_images))
 .fw_info_images
                0x00000000000057a8        0x4 modules/nrf/subsys/fw_info/lib..__nrf__subsys__fw_info.a(fw_info.c.obj)
                0x00000000000057a8                self_image
                0x0000000000000001                _fw_info_images_size = ABSOLUTE (((. - _fw_info_images_start) / 0x4))
                0x00000000000057ac                _ext_apis_start = .
 *(SORT_BY_ALIGNMENT(.ext_apis))
                0x0000000000000000                _ext_apis_size = ABSOLUTE ((. - _ext_apis_start))
                0x00000000000057ac                _ext_apis_req_start = .
 *(SORT_BY_ALIGNMENT(.ext_apis_req))
                0x0000000000000000                _ext_apis_req_size = ABSOLUTE ((. - _ext_apis_req_start))
                0x00000000000057ac                . = ALIGN (0x4)
                0x00000000000057ac                _image_rodata_end = .
                0x00000000000057c0                . = ALIGN (_region_min_align)
                0x00000000000057c0                _image_rom_end = .
                0x0000000020000000                . = 0x20000000
                0x0000000020000000                . = ALIGN (_region_min_align)
                0x0000000020000000                _image_ram_start = .

.ramfunc        0x0000000020000000        0x0 load address 0x00000000000057ac
                0x0000000020000000                . = ALIGN (_region_min_align)
                0x0000000020000000                _ramfunc_ram_start = .
 *(SORT_BY_ALIGNMENT(.ramfunc))
 *(SORT_BY_ALIGNMENT(.ramfunc.*))
                0x0000000020000000                . = ALIGN (_region_min_align)
                0x0000000020000000                _ramfunc_ram_end = .
                0x0000000000000000                _ramfunc_ram_size = (_ramfunc_ram_end - _ramfunc_ram_start)
                0x00000000000057ac                _ramfunc_rom_start = LOADADDR (.ramfunc)

datas           0x0000000020000000       0xbc load address 0x00000000000057ac
                0x0000000020000000                __data_ram_start = .
 *(SORT_BY_ALIGNMENT(.data))
 *(SORT_BY_ALIGNMENT(.data.*))
 .data._char_out
                0x0000000020000000        0x4 zephyr/libzephyr.a(printk.c.obj)
                0x0000000020000000                _char_out
 .data.asym_mutex
                0x0000000020000004        0x8 zephyr/libzephyr.a(nrf_cc310_platform_mutex_zephyr.c.obj)
                0x0000000020000004                asym_mutex
 .data.power_mutex
                0x000000002000000c        0x8 zephyr/libzephyr.a(nrf_cc310_platform_mutex_zephyr.c.obj)
                0x000000002000000c                power_mutex
 .data.rng_mutex
                0x0000000020000014        0x8 zephyr/libzephyr.a(nrf_cc310_platform_mutex_zephyr.c.obj)
                0x0000000020000014                rng_mutex
 .data.sym_mutex
                0x000000002000001c        0x8 zephyr/libzephyr.a(nrf_cc310_platform_mutex_zephyr.c.obj)
                0x000000002000001c                sym_mutex
 .data._stdout_hook
                0x0000000020000024        0x4 zephyr/lib/libc/minimal/liblib__libc__minimal.a(stdout_console.c.obj)
 .data.twim_2_data
                0x0000000020000028       0x28 zephyr/drivers/i2c/libdrivers__i2c.a(i2c_nrfx_twim.c.obj)
 .data.uarte_0_data
                0x0000000020000050       0x10 zephyr/drivers/serial/libdrivers__serial.a(uart_nrfx_uarte.c.obj)
 .data.uarte_1_data
                0x0000000020000060       0x10 zephyr/drivers/serial/libdrivers__serial.a(uart_nrfx_uarte.c.obj)
 .data.SystemCoreClock
                0x0000000020000070        0x4 modules/nordic/lib..__modules__hal__nordic.a(system_nrf9160.c.obj)
                0x0000000020000070                SystemCoreClock
 .data.timeout_list
                0x0000000020000074        0x8 zephyr/kernel/libkernel.a(timeout.c.obj)
 .data.CCAsymCryptoMutex
                0x000000002000007c        0x4 modules/nrfxlib/nrf_security/src/mbedtls/cc310/libmbedcrypto_cc310.a(cc_pal.c.obj)
                0x000000002000007c                CCAsymCryptoMutex
 .data.CCPowerMutex
                0x0000000020000080        0x4 modules/nrfxlib/nrf_security/src/mbedtls/cc310/libmbedcrypto_cc310.a(cc_pal.c.obj)
                0x0000000020000080                CCPowerMutex
 .data.CCRndCryptoMutex
                0x0000000020000084        0x4 modules/nrfxlib/nrf_security/src/mbedtls/cc310/libmbedcrypto_cc310.a(cc_pal.c.obj)
                0x0000000020000084                CCRndCryptoMutex
 .data.CCSymCryptoMutex
                0x0000000020000088        0x4 modules/nrfxlib/nrf_security/src/mbedtls/cc310/libmbedcrypto_cc310.a(cc_pal.c.obj)
                0x0000000020000088                CCSymCryptoMutex
 .data.pCCRndCryptoMutex
                0x000000002000008c        0x4 modules/nrfxlib/nrf_security/src/mbedtls/cc310/libmbedcrypto_cc310.a(cc_pal.c.obj)
                0x000000002000008c                pCCRndCryptoMutex
 .data.platform_abort_apis
                0x0000000020000090        0x8 /Users/tadmcallister/Nordic/safecility_thingy/ncs/nrfxlib/crypto/nrf_cc310_platform/lib/cortex-m33/hard-float/no-interrupts/libnrf_cc310_platform_0.9.2.a(nrf_cc310_platform_abort.c.obj)
                0x0000000020000090                platform_abort_apis
 .data.platform_mutex_apis
                0x0000000020000098       0x10 /Users/tadmcallister/Nordic/safecility_thingy/ncs/nrfxlib/crypto/nrf_cc310_platform/lib/cortex-m33/hard-float/no-interrupts/libnrf_cc310_platform_0.9.2.a(nrf_cc310_platform_mutex.c.obj)
                0x0000000020000098                platform_mutex_apis
 .data.platform_mutexes
                0x00000000200000a8       0x14 /Users/tadmcallister/Nordic/safecility_thingy/ncs/nrfxlib/crypto/nrf_cc310_platform/lib/cortex-m33/hard-float/no-interrupts/libnrf_cc310_platform_0.9.2.a(nrf_cc310_platform_mutex.c.obj)
                0x00000000200000a8                platform_mutexes
 *(SORT_BY_ALIGNMENT(.kernel.*))
                0x00000000000057ac                __data_rom_start = LOADADDR (datas)

devices         0x00000000200000bc       0x60 load address 0x0000000000005868
                0x00000000200000bc                __device_start = .
                0x00000000200000bc                __device_PRE_KERNEL_1_start = .
 *(SORT_BY_NAME(SORT_BY_ALIGNMENT(.device_PRE_KERNEL_1[0-9])))
 *(SORT_BY_NAME(SORT_BY_ALIGNMENT(.device_PRE_KERNEL_1[1-9][0-9])))
 .device_PRE_KERNEL_150
                0x00000000200000bc       0x10 zephyr/libzephyr.a(nrf_power_clock.c.obj)
 .device_PRE_KERNEL_150
                0x00000000200000cc       0x20 zephyr/drivers/serial/libdrivers__serial.a(uart_nrfx_uarte.c.obj)
                0x00000000200000ec                __device_PRE_KERNEL_2_start = .
 *(SORT_BY_NAME(SORT_BY_ALIGNMENT(.device_PRE_KERNEL_2[0-9])))
 .device_PRE_KERNEL_20
                0x00000000200000ec       0x10 zephyr/libzephyr.a(sys_clock_init.c.obj)
 *(SORT_BY_NAME(SORT_BY_ALIGNMENT(.device_PRE_KERNEL_2[1-9][0-9])))
                0x00000000200000fc                __device_POST_KERNEL_start = .
 *(SORT_BY_NAME(SORT_BY_ALIGNMENT(.device_POST_KERNEL[0-9])))
 *(SORT_BY_NAME(SORT_BY_ALIGNMENT(.device_POST_KERNEL[1-9][0-9])))
 .device_POST_KERNEL40
                0x00000000200000fc       0x10 modules/nrf/drivers/hw_cc310/lib..__nrf__drivers__hw_cc310.a(hw_cc310.c.obj)
 .device_POST_KERNEL60
                0x000000002000010c       0x10 zephyr/drivers/i2c/libdrivers__i2c.a(i2c_nrfx_twim.c.obj)
                0x000000002000011c                __device_APPLICATION_start = .
 *(SORT_BY_NAME(SORT_BY_ALIGNMENT(.device_APPLICATION[0-9])))
 *(SORT_BY_NAME(SORT_BY_ALIGNMENT(.device_APPLICATION[1-9][0-9])))
                0x000000002000011c                __device_SMP_start = .
 *(SORT_BY_NAME(SORT_BY_ALIGNMENT(.device_SMP[0-9])))
 *(SORT_BY_NAME(SORT_BY_ALIGNMENT(.device_SMP[1-9][0-9])))
                0x000000002000011c                __device_end = .

initshell       0x000000002000011c        0x0 load address 0x00000000000058c8
                0x000000002000011c                __shell_module_start = .
 *(SORT_BY_ALIGNMENT(.shell_module_*))
                0x000000002000011c                __shell_module_end = .
                0x000000002000011c                __shell_cmd_start = .
 *(SORT_BY_ALIGNMENT(.shell_cmd_*))
                0x000000002000011c                __shell_cmd_end = .

log_dynamic_sections
                0x000000002000011c        0x0 load address 0x00000000000058c8
                0x000000002000011c                __log_dynamic_start = .
 *(SORT_BY_NAME(SORT_BY_ALIGNMENT(.log_dynamic_*)))
                0x000000002000011c                __log_dynamic_end = .

_static_thread_area
                0x000000002000011c        0x0 load address 0x00000000000058c8
                0x000000002000011c                __static_thread_data_list_start = .
 *(SORT_BY_NAME(SORT_BY_ALIGNMENT(.__static_thread_data.static.*)))
                0x000000002000011c                __static_thread_data_list_end = .

_k_timer_area   0x000000002000011c        0x0 load address 0x00000000000058c8
                0x000000002000011c                _k_timer_list_start = .
 *(SORT_BY_ALIGNMENT(._k_timer.static.*))
                0x000000002000011c                _k_timer_list_end = .

_k_mem_slab_area
                0x000000002000011c        0x0 load address 0x00000000000058c8
                0x000000002000011c                _k_mem_slab_list_start = .
 *(SORT_BY_ALIGNMENT(._k_mem_slab.static.*))
                0x000000002000011c                _k_mem_slab_list_end = .

_k_mem_pool_area
                0x000000002000011c        0x0 load address 0x00000000000058c8
                0x000000002000011c                _k_mem_pool_list_start = .
 *(SORT_BY_ALIGNMENT(._k_mem_pool.static.*))
                0x000000002000011c                _k_mem_pool_list_end = .

_k_heap_area    0x000000002000011c        0x0 load address 0x00000000000058c8
                0x000000002000011c                _k_heap_list_start = .
 *(SORT_BY_ALIGNMENT(._k_heap.static.*))
                0x000000002000011c                _k_heap_list_end = .

_k_sem_area     0x000000002000011c        0x0 load address 0x00000000000058c8
                0x000000002000011c                _k_sem_list_start = .
 *(SORT_BY_ALIGNMENT(._k_sem.static.*))
 *(SORT_BY_ALIGNMENT(._sys_sem.static.*))
                0x000000002000011c                _k_sem_list_end = .

_k_mutex_area   0x000000002000011c       0x64 load address 0x00000000000058c8
                0x000000002000011c                _k_mutex_list_start = .
 *(SORT_BY_ALIGNMENT(._k_mutex.static.*))
 ._k_mutex.static.fdtable_lock
                0x000000002000011c       0x14 zephyr/libzephyr.a(fdtable.c.obj)
 ._k_mutex.static.asym_mutex_int
                0x0000000020000130       0x14 zephyr/libzephyr.a(nrf_cc310_platform_mutex_zephyr.c.obj)
                0x0000000020000130                asym_mutex_int
 ._k_mutex.static.power_mutex_int
                0x0000000020000144       0x14 zephyr/libzephyr.a(nrf_cc310_platform_mutex_zephyr.c.obj)
                0x0000000020000144                power_mutex_int
 ._k_mutex.static.rng_mutex_int
                0x0000000020000158       0x14 zephyr/libzephyr.a(nrf_cc310_platform_mutex_zephyr.c.obj)
                0x0000000020000158                rng_mutex_int
 ._k_mutex.static.sym_mutex_int
                0x000000002000016c       0x14 zephyr/libzephyr.a(nrf_cc310_platform_mutex_zephyr.c.obj)
                0x000000002000016c                sym_mutex_int
                0x0000000020000180                _k_mutex_list_end = .

_k_queue_area   0x0000000020000180        0x0 load address 0x000000000000592c
                0x0000000020000180                _k_queue_list_start = .
 *(SORT_BY_ALIGNMENT(._k_queue.static.*))
 *(SORT_BY_ALIGNMENT(._k_fifo.static.*))
 *(SORT_BY_ALIGNMENT(._k_lifo.static.*))
                0x0000000020000180                _k_queue_list_end = .

_k_stack_area   0x0000000020000180        0x0 load address 0x000000000000592c
                0x0000000020000180                _k_stack_list_start = .
 *(SORT_BY_ALIGNMENT(._k_stack.static.*))
                0x0000000020000180                _k_stack_list_end = .

_k_msgq_area    0x0000000020000180        0x0 load address 0x000000000000592c
                0x0000000020000180                _k_msgq_list_start = .
 *(SORT_BY_ALIGNMENT(._k_msgq.static.*))
                0x0000000020000180                _k_msgq_list_end = .

_k_mbox_area    0x0000000020000180        0x0 load address 0x000000000000592c
                0x0000000020000180                _k_mbox_list_start = .
 *(SORT_BY_ALIGNMENT(._k_mbox.static.*))
                0x0000000020000180                _k_mbox_list_end = .

_k_pipe_area    0x0000000020000180        0x0 load address 0x000000000000592c
                0x0000000020000180                _k_pipe_list_start = .
 *(SORT_BY_ALIGNMENT(._k_pipe.static.*))
                0x0000000020000180                _k_pipe_list_end = .

_net_buf_pool_area
                0x0000000020000180        0x0 load address 0x000000000000592c
                0x0000000020000180                _net_buf_pool_list = .
 *(SORT_BY_NAME(SORT_BY_ALIGNMENT(._net_buf_pool.static.*)))

net_if          0x0000000020000180        0x0 load address 0x000000000000592c
                0x0000000020000180                __net_if_start = .
 *(SORT_BY_ALIGNMENT(.net_if.*))
 *(SORT_BY_NAME(SORT_BY_ALIGNMENT(.net_if.*)))
                0x0000000020000180                __net_if_end = .

net_if_dev      0x0000000020000180        0x0 load address 0x000000000000592c
                0x0000000020000180                __net_if_dev_start = .
 *(SORT_BY_ALIGNMENT(.net_if_dev.*))
 *(SORT_BY_NAME(SORT_BY_ALIGNMENT(.net_if_dev.*)))
                0x0000000020000180                __net_if_dev_end = .

net_l2_data     0x0000000020000180        0x0 load address 0x000000000000592c
                0x0000000020000180                __net_l2_data_start = .
 *(SORT_BY_ALIGNMENT(.net_l2.data))
 *(SORT_BY_NAME(SORT_BY_ALIGNMENT(.net_l2.data*)))
                0x0000000020000180                __net_l2_data_end = .
                0x0000000020000180                __data_ram_end = .

bss             0x0000000020000180      0x6d6
                0x0000000020000180                . = ALIGN (0x4)
                0x0000000020000180                __bss_start = .
                0x0000000020000180                __kernel_ram_start = .
 *(SORT_BY_ALIGNMENT(.bss))
 *(SORT_BY_ALIGNMENT(.bss.*))
 .bss.curr_tick
                0x0000000020000180        0x8 zephyr/kernel/libkernel.a(timeout.c.obj)
 .bss.uart_console_dev
                0x0000000020000188        0x4 zephyr/libzephyr.a(uart_console.c.obj)
 .bss.data      0x000000002000018c       0x18 zephyr/libzephyr.a(nrf_power_clock.c.obj)
 .bss.last_count
                0x00000000200001a4        0x4 zephyr/libzephyr.a(nrf_rtc_timer.c.obj)
 .bss.i2c_dev   0x00000000200001a8        0x4 zephyr/libzephyr.a(adp536x.c.obj)
 .bss.mutex_slab
                0x00000000200001ac       0x1c zephyr/libzephyr.a(nrf_cc310_platform_mutex_zephyr.c.obj)
                0x00000000200001ac                mutex_slab
 .bss.mutex_slab_buffer
                0x00000000200001c8      0x500 zephyr/libzephyr.a(nrf_cc310_platform_mutex_zephyr.c.obj)
                0x00000000200001c8                mutex_slab_buffer
 .bss.dyn_reg_info
                0x00000000200006c8       0x14 zephyr/arch/arch/arm/core/aarch32/cortex_m/mpu/libarch__arm__core__aarch32__cortex_m__mpu.a(arm_mpu.c.obj)
 .bss.m_cb      0x00000000200006dc       0x34 modules/nordic/lib..__modules__hal__nordic.a(nrfx_twim.c.obj)
 .bss.z_idle_threads
                0x0000000020000710       0x74 zephyr/kernel/libkernel.a(init.c.obj)
                0x0000000020000710                z_idle_threads
 .bss.z_main_thread
                0x0000000020000784       0x74 zephyr/kernel/libkernel.a(init.c.obj)
                0x0000000020000784                z_main_thread
 .bss._kernel   0x00000000200007f8       0x30 zephyr/kernel/libkernel.a(sched.c.obj)
                0x00000000200007f8                _kernel
 .bss.pending_current
                0x0000000020000828        0x4 zephyr/kernel/libkernel.a(sched.c.obj)
 .bss.slice_max_prio
                0x000000002000082c        0x4 zephyr/kernel/libkernel.a(sched.c.obj)
 .bss.slice_time
                0x0000000020000830        0x4 zephyr/kernel/libkernel.a(sched.c.obj)
 .bss.announce_remaining
                0x0000000020000834        0x4 zephyr/kernel/libkernel.a(timeout.c.obj)
 .bss.use_count
                0x0000000020000838        0x4 modules/nrfxlib/nrf_security/src/mbedtls/cc310/libmbedcrypto_cc310.a(cc_pal_pm.c.obj)
 .bss.nrf_cc310_platform_initialized
                0x000000002000083c        0x4 /Users/tadmcallister/Nordic/safecility_thingy/ncs/nrfxlib/crypto/nrf_cc310_platform/lib/cortex-m33/hard-float/no-interrupts/libnrf_cc310_platform_0.9.2.a(nrf_cc310_platform.c.obj)
 .bss.nrf_cc310_platform_rng_initialized
                0x0000000020000840        0x4 /Users/tadmcallister/Nordic/safecility_thingy/ncs/nrfxlib/crypto/nrf_cc310_platform/lib/cortex-m33/hard-float/no-interrupts/libnrf_cc310_platform_0.9.2.a(nrf_cc310_platform.c.obj)
 .bss.asym_mutex
                0x0000000020000844        0x4 /Users/tadmcallister/Nordic/safecility_thingy/ncs/nrfxlib/crypto/nrf_cc310_platform/lib/cortex-m33/hard-float/no-interrupts/libnrf_cc310_platform_0.9.2.a(nrf_cc310_platform_mutex.c.obj)
 .bss.power_mutex
                0x0000000020000848        0x4 /Users/tadmcallister/Nordic/safecility_thingy/ncs/nrfxlib/crypto/nrf_cc310_platform/lib/cortex-m33/hard-float/no-interrupts/libnrf_cc310_platform_0.9.2.a(nrf_cc310_platform_mutex.c.obj)
 .bss.rng_mutex
                0x000000002000084c        0x4 /Users/tadmcallister/Nordic/safecility_thingy/ncs/nrfxlib/crypto/nrf_cc310_platform/lib/cortex-m33/hard-float/no-interrupts/libnrf_cc310_platform_0.9.2.a(nrf_cc310_platform_mutex.c.obj)
 .bss.sym_mutex
                0x0000000020000850        0x4 /Users/tadmcallister/Nordic/safecility_thingy/ncs/nrfxlib/crypto/nrf_cc310_platform/lib/cortex-m33/hard-float/no-interrupts/libnrf_cc310_platform_0.9.2.a(nrf_cc310_platform_mutex.c.obj)
 .bss.static_regions_num
                0x0000000020000854        0x1 zephyr/arch/arch/arm/core/aarch32/cortex_m/mpu/libarch__arm__core__aarch32__cortex_m__mpu.a(arm_mpu.c.obj)
 .bss.z_sys_post_kernel
                0x0000000020000855        0x1 zephyr/kernel/libkernel.a(init.c.obj)
                0x0000000020000855                z_sys_post_kernel
 .bss.lock      0x0000000020000856        0x0 zephyr/kernel/libkernel.a(mem_slab.c.obj)
 .bss.lock      0x0000000020000856        0x0 zephyr/kernel/libkernel.a(mutex.c.obj)
 .bss.sched_spinlock
                0x0000000020000856        0x0 zephyr/kernel/libkernel.a(sched.c.obj)
 .bss.lock      0x0000000020000856        0x0 zephyr/kernel/libkernel.a(sem.c.obj)
 *(SORT_BY_ALIGNMENT(COMMON))
 *(SORT_BY_ALIGNMENT(.kernel_bss.*))
                0x0000000020000858                __bss_end = ALIGN (0x4)

noinit          0x0000000020000858      0xd40
 *(SORT_BY_ALIGNMENT(.noinit))
 *(SORT_BY_ALIGNMENT(.noinit.*))
 .noinit."WEST_TOPDIR/zephyr/kernel/init.c".2
                0x0000000020000858      0x400 zephyr/kernel/libkernel.a(init.c.obj)
                0x0000000020000858                z_main_stack
 .noinit."WEST_TOPDIR/zephyr/kernel/init.c".3
                0x0000000020000c58      0x140 zephyr/kernel/libkernel.a(init.c.obj)
 .noinit."WEST_TOPDIR/zephyr/kernel/init.c".4
                0x0000000020000d98      0x800 zephyr/kernel/libkernel.a(init.c.obj)
                0x0000000020000d98                z_interrupt_stacks
 *(SORT_BY_ALIGNMENT(.kernel_noinit.*))
                0x0000000020001598                _image_ram_end = .
                0x0000000020001598                _end = .
                0x0000000020010000                __kernel_ram_end = 0x20010000
                0x000000000000fe80                __kernel_ram_size = (__kernel_ram_end - __kernel_ram_start)
                0x0000000000000001                ASSERT (((((_image_rom_start + _flash_used) - 0x1) / 0x8000) < 0x1), SPM and app are sharing an SPU region. Cannot partition flash correctly into secure and non-secure. Adjust partitions sizes so they are placed in separate regions.)

.intList        0x0000000020010000       0x38
 *(SORT_BY_ALIGNMENT(.irq_info))
 .irq_info      0x0000000020010000        0x8 zephyr/arch/common/libarch__common.a(isr_tables.c.obj)
                0x0000000020010000                _iheader
 *(SORT_BY_ALIGNMENT(.intList))
 .intList       0x0000000020010008       0x10 zephyr/libzephyr.a(nrf_power_clock.c.obj)
 .intList       0x0000000020010018       0x10 zephyr/libzephyr.a(nrf_rtc_timer.c.obj)
 .intList       0x0000000020010028       0x10 zephyr/drivers/i2c/libdrivers__i2c.a(i2c_nrfx_twim.c.obj)

.gnu.sgstubs    0x0000000000005940     0x26c0
                0x0000000000007fe0                . = (ALIGN (0x8000) - (0x1 << LOG2CEIL (__sg_size)))
 *fill*         0x0000000000005940     0x26a0 
                0x0000000000007fe0                __sg_start = .
 *fill*         0x0000000000007fe0        0x0 
 .gnu.sgstubs.__stub
                0x0000000000007fe0       0x18 linker stubs
                0x0000000000007fe0                spm_request_read
                0x0000000000007fe8                spm_firmware_info
                0x0000000000007ff0                spm_request_random_number
                0x0000000000008000                __sg_end = .
                0x0000000000000020                __sg_size = (__sg_end - __sg_start)
                0x0000000000008000                . = ALIGN (0x8000)
                0x0000000000000020                __nsc_size = (. - __sg_start)
                0x0000000000000001                ASSERT (((__sg_size == 0x0) || ((((0x1 << LOG2CEIL ((0x8000 - (__sg_start % 0x8000)))) == (0x8000 - (__sg_start % 0x8000))) && ((0x8000 - (__sg_start % 0x8000)) >= 0x20)) && ((0x8000 - (__sg_start % 0x8000)) <= 0x1000))), The Non-Secure Callable region size must be a power of 2 between 32 and 4096 bytes.)

.stab
 *(SORT_BY_ALIGNMENT(.stab))

.stabstr
 *(SORT_BY_ALIGNMENT(.stabstr))

.stab.excl
 *(SORT_BY_ALIGNMENT(.stab.excl))

.stab.exclstr
 *(SORT_BY_ALIGNMENT(.stab.exclstr))

.stab.index
 *(SORT_BY_ALIGNMENT(.stab.index))

.stab.indexstr
 *(SORT_BY_ALIGNMENT(.stab.indexstr))

.gnu.build.attributes
 *(SORT_BY_ALIGNMENT(.gnu.build.attributes) SORT_BY_ALIGNMENT(.gnu.build.attributes.*))

.comment        0x0000000000000000       0xf5
 *(SORT_BY_ALIGNMENT(.comment))
 .comment       0x0000000000000000       0x76 app/libapp.a(main.c.obj)
                                         0x77 (size before relaxing)
 .comment       0x0000000000000076       0x77 zephyr/libzephyr.a(fdtable.c.obj)
 .comment       0x0000000000000076       0x77 zephyr/libzephyr.a(printk.c.obj)
 .comment       0x0000000000000076       0x77 zephyr/libzephyr.a(thread_entry.c.obj)
 .comment       0x0000000000000076       0x77 zephyr/libzephyr.a(heap.c.obj)
 .comment       0x0000000000000076       0x77 zephyr/libzephyr.a(configs.c.obj)
 .comment       0x0000000000000076       0x77 zephyr/libzephyr.a(soc.c.obj)
 .comment       0x0000000000000076       0x77 zephyr/libzephyr.a(reboot.c.obj)
 .comment       0x0000000000000076       0x77 zephyr/libzephyr.a(uart_console.c.obj)
 .comment       0x0000000000000076       0x77 zephyr/libzephyr.a(nrf_power_clock.c.obj)
 .comment       0x0000000000000076       0x77 zephyr/libzephyr.a(sys_clock_init.c.obj)
 .comment       0x0000000000000076       0x77 zephyr/libzephyr.a(nrf_rtc_timer.c.obj)
 .comment       0x0000000000000076       0x77 zephyr/libzephyr.a(adp536x.c.obj)
 .comment       0x0000000000000076       0x77 zephyr/libzephyr.a(spm.c.obj)
 .comment       0x0000000000000076       0x77 zephyr/libzephyr.a(secure_services.c.obj)
 .comment       0x0000000000000076       0x77 zephyr/libzephyr.a(nrf_cc310_platform_abort_zephyr.c.obj)
 .comment       0x0000000000000076       0x77 zephyr/libzephyr.a(nrf_cc310_platform_mutex_zephyr.c.obj)
 .comment       0x0000000000000076       0x77 zephyr/arch/common/libarch__common.a(isr_tables.c.obj)
 .comment       0x0000000000000076       0x77 zephyr/arch/arch/arm/core/aarch32/libarch__arm__core__aarch32.a(swap.c.obj)
 .comment       0x0000000000000076       0x77 zephyr/arch/arch/arm/core/aarch32/libarch__arm__core__aarch32.a(irq_manage.c.obj)
 .comment       0x0000000000000076       0x77 zephyr/arch/arch/arm/core/aarch32/libarch__arm__core__aarch32.a(thread.c.obj)
 .comment       0x0000000000000076       0x77 zephyr/arch/arch/arm/core/aarch32/libarch__arm__core__aarch32.a(fatal.c.obj)
 .comment       0x0000000000000076       0x77 zephyr/arch/arch/arm/core/aarch32/libarch__arm__core__aarch32.a(nmi.c.obj)
 .comment       0x0000000000000076       0x77 zephyr/arch/arch/arm/core/aarch32/libarch__arm__core__aarch32.a(prep_c.c.obj)
 .comment       0x0000000000000076       0x77 zephyr/arch/arch/arm/core/aarch32/cortex_m/libarch__arm__core__aarch32__cortex_m.a(fault.c.obj)
 .comment       0x0000000000000076       0x77 zephyr/arch/arch/arm/core/aarch32/cortex_m/libarch__arm__core__aarch32__cortex_m.a(scb.c.obj)
 .comment       0x0000000000000076       0x77 zephyr/arch/arch/arm/core/aarch32/cortex_m/libarch__arm__core__aarch32__cortex_m.a(irq_init.c.obj)
 .comment       0x0000000000000076       0x77 zephyr/arch/arch/arm/core/aarch32/cortex_m/libarch__arm__core__aarch32__cortex_m.a(thread_abort.c.obj)
 .comment       0x0000000000000076       0x77 zephyr/arch/arch/arm/core/aarch32/cortex_m/mpu/libarch__arm__core__aarch32__cortex_m__mpu.a(arm_core_mpu.c.obj)
 .comment       0x0000000000000076       0x77 zephyr/arch/arch/arm/core/aarch32/cortex_m/mpu/libarch__arm__core__aarch32__cortex_m__mpu.a(arm_mpu.c.obj)
 .comment       0x0000000000000076       0x77 zephyr/arch/arch/arm/core/aarch32/cortex_m/cmse/libarch__arm__core__aarch32__cortex_m__cmse.a(arm_core_cmse.c.obj)
 .comment       0x0000000000000076       0x77 zephyr/arch/arch/arm/core/aarch32/cortex_m/tz/libarch__arm__core__aarch32__cortex_m__tz.a(arm_core_tz.c.obj)
 .comment       0x0000000000000076       0x77 zephyr/lib/libc/minimal/liblib__libc__minimal.a(string.c.obj)
 .comment       0x0000000000000076       0x77 zephyr/lib/libc/minimal/liblib__libc__minimal.a(stdout_console.c.obj)
 .comment       0x0000000000000076       0x77 zephyr/soc/arm/common/cortex_m/libsoc__arm__common__cortex_m.a(arm_mpu_regions.c.obj)
 .comment       0x0000000000000076       0x77 zephyr/boards/boards/arm/thingy91_nrf9160/lib..__nrf__boards__arm__thingy91_nrf9160.a(board_secure.c.obj)
 .comment       0x0000000000000076       0x77 zephyr/drivers/i2c/libdrivers__i2c.a(i2c_nrfx_twim.c.obj)
 .comment       0x0000000000000076       0x77 zephyr/drivers/serial/libdrivers__serial.a(uart_nrfx_uarte.c.obj)
 .comment       0x0000000000000076       0x77 modules/nrf/lib/fatal_error/lib..__nrf__lib__fatal_error.a(fatal_error.c.obj)
 .comment       0x0000000000000076       0x77 modules/nrf/subsys/fw_info/lib..__nrf__subsys__fw_info.a(fw_info.c.obj)
 .comment       0x0000000000000076       0x77 modules/nrf/drivers/hw_cc310/lib..__nrf__drivers__hw_cc310.a(hw_cc310.c.obj)
 .comment       0x0000000000000076       0x77 modules/nordic/lib..__modules__hal__nordic.a(system_nrf9160.c.obj)
 .comment       0x0000000000000076       0x77 modules/nordic/lib..__modules__hal__nordic.a(nrfx_glue.c.obj)
 .comment       0x0000000000000076       0x77 modules/nordic/lib..__modules__hal__nordic.a(nrfx_twim.c.obj)
 .comment       0x0000000000000076       0x77 zephyr/kernel/libkernel.a(device.c.obj)
 .comment       0x0000000000000076       0x77 zephyr/kernel/libkernel.a(errno.c.obj)
 .comment       0x0000000000000076       0x77 zephyr/kernel/libkernel.a(fatal.c.obj)
 .comment       0x0000000000000076       0x77 zephyr/kernel/libkernel.a(idle.c.obj)
 .comment       0x0000000000000076       0x77 zephyr/kernel/libkernel.a(init.c.obj)
 .comment       0x0000000000000076       0x77 zephyr/kernel/libkernel.a(mem_slab.c.obj)